Archive member included to satisfy reference by file (symbol)

/Applications/ArmGNUToolchain/12.3.rel1/arm-none-eabi/bin/../lib/gcc/arm-none-eabi/12.3.1/thumb/v6-m/nofp/libgcc.a(_dvmd_tls.o)
                              CMakeFiles/motor.dir/Users/seankzw/Desktop/SIT/year_2/y2t1/inf2004-esp/pico/pico-sdk/src/rp2_common/pico_divider/divider.S.obj (__aeabi_idiv0)
/Applications/ArmGNUToolchain/12.3.rel1/arm-none-eabi/bin/../lib/gcc/arm-none-eabi/12.3.1/../../../../arm-none-eabi/lib/thumb/v6-m/nofp/libg.a(libc_a-calloc.o)
                              CMakeFiles/motor.dir/Users/seankzw/Desktop/SIT/year_2/y2t1/inf2004-esp/pico/pico-sdk/src/rp2_common/pico_malloc/pico_malloc.c.obj (calloc)
/Applications/ArmGNUToolchain/12.3.rel1/arm-none-eabi/bin/../lib/gcc/arm-none-eabi/12.3.1/../../../../arm-none-eabi/lib/thumb/v6-m/nofp/libg.a(libc_a-callocr.o)
                              /Applications/ArmGNUToolchain/12.3.rel1/arm-none-eabi/bin/../lib/gcc/arm-none-eabi/12.3.1/../../../../arm-none-eabi/lib/thumb/v6-m/nofp/libg.a(libc_a-calloc.o) (_calloc_r)
/Applications/ArmGNUToolchain/12.3.rel1/arm-none-eabi/bin/../lib/gcc/arm-none-eabi/12.3.1/../../../../arm-none-eabi/lib/thumb/v6-m/nofp/libg.a(libc_a-malloc.o)
                              CMakeFiles/motor.dir/Users/seankzw/Desktop/SIT/year_2/y2t1/inf2004-esp/pico/pico-sdk/src/rp2_common/pico_malloc/pico_malloc.c.obj (malloc)
/Applications/ArmGNUToolchain/12.3.rel1/arm-none-eabi/bin/../lib/gcc/arm-none-eabi/12.3.1/../../../../arm-none-eabi/lib/thumb/v6-m/nofp/libg.a(libc_a-mallocr.o)
                              /Applications/ArmGNUToolchain/12.3.rel1/arm-none-eabi/bin/../lib/gcc/arm-none-eabi/12.3.1/../../../../arm-none-eabi/lib/thumb/v6-m/nofp/libg.a(libc_a-callocr.o) (_malloc_r)
/Applications/ArmGNUToolchain/12.3.rel1/arm-none-eabi/bin/../lib/gcc/arm-none-eabi/12.3.1/../../../../arm-none-eabi/lib/thumb/v6-m/nofp/libg.a(libc_a-mlock.o)
                              /Applications/ArmGNUToolchain/12.3.rel1/arm-none-eabi/bin/../lib/gcc/arm-none-eabi/12.3.1/../../../../arm-none-eabi/lib/thumb/v6-m/nofp/libg.a(libc_a-mallocr.o) (__malloc_lock)
/Applications/ArmGNUToolchain/12.3.rel1/arm-none-eabi/bin/../lib/gcc/arm-none-eabi/12.3.1/../../../../arm-none-eabi/lib/thumb/v6-m/nofp/libg.a(libc_a-realloc.o)
                              CMakeFiles/motor.dir/Users/seankzw/Desktop/SIT/year_2/y2t1/inf2004-esp/pico/pico-sdk/src/rp2_common/pico_malloc/pico_malloc.c.obj (realloc)
/Applications/ArmGNUToolchain/12.3.rel1/arm-none-eabi/bin/../lib/gcc/arm-none-eabi/12.3.1/../../../../arm-none-eabi/lib/thumb/v6-m/nofp/libg.a(libc_a-reallocr.o)
                              /Applications/ArmGNUToolchain/12.3.rel1/arm-none-eabi/bin/../lib/gcc/arm-none-eabi/12.3.1/../../../../arm-none-eabi/lib/thumb/v6-m/nofp/libg.a(libc_a-realloc.o) (_realloc_r)
/Applications/ArmGNUToolchain/12.3.rel1/arm-none-eabi/bin/../lib/gcc/arm-none-eabi/12.3.1/../../../../arm-none-eabi/lib/thumb/v6-m/nofp/libg.a(libc_a-memmove.o)
                              /Applications/ArmGNUToolchain/12.3.rel1/arm-none-eabi/bin/../lib/gcc/arm-none-eabi/12.3.1/../../../../arm-none-eabi/lib/thumb/v6-m/nofp/libg.a(libc_a-reallocr.o) (memmove)
/Applications/ArmGNUToolchain/12.3.rel1/arm-none-eabi/bin/../lib/gcc/arm-none-eabi/12.3.1/../../../../arm-none-eabi/lib/thumb/v6-m/nofp/libg.a(libc_a-impure.o)
                              /Applications/ArmGNUToolchain/12.3.rel1/arm-none-eabi/bin/../lib/gcc/arm-none-eabi/12.3.1/../../../../arm-none-eabi/lib/thumb/v6-m/nofp/libg.a(libc_a-calloc.o) (_impure_ptr)
/Applications/ArmGNUToolchain/12.3.rel1/arm-none-eabi/bin/../lib/gcc/arm-none-eabi/12.3.1/../../../../arm-none-eabi/lib/thumb/v6-m/nofp/libg.a(libc_a-sbrkr.o)
                              /Applications/ArmGNUToolchain/12.3.rel1/arm-none-eabi/bin/../lib/gcc/arm-none-eabi/12.3.1/../../../../arm-none-eabi/lib/thumb/v6-m/nofp/libg.a(libc_a-mallocr.o) (_sbrk_r)
/Applications/ArmGNUToolchain/12.3.rel1/arm-none-eabi/bin/../lib/gcc/arm-none-eabi/12.3.1/../../../../arm-none-eabi/lib/thumb/v6-m/nofp/libg.a(libc_a-errno.o)
                              /Applications/ArmGNUToolchain/12.3.rel1/arm-none-eabi/bin/../lib/gcc/arm-none-eabi/12.3.1/../../../../arm-none-eabi/lib/thumb/v6-m/nofp/libg.a(libc_a-callocr.o) (__errno)
/Applications/ArmGNUToolchain/12.3.rel1/arm-none-eabi/bin/../lib/gcc/arm-none-eabi/12.3.1/../../../../arm-none-eabi/lib/thumb/v6-m/nofp/libg.a(libc_a-sysconf.o)
                              /Applications/ArmGNUToolchain/12.3.rel1/arm-none-eabi/bin/../lib/gcc/arm-none-eabi/12.3.1/../../../../arm-none-eabi/lib/thumb/v6-m/nofp/libg.a(libc_a-mallocr.o) (sysconf)
/Applications/ArmGNUToolchain/12.3.rel1/arm-none-eabi/bin/../lib/gcc/arm-none-eabi/12.3.1/../../../../arm-none-eabi/lib/thumb/v6-m/nofp/libg.a(libc_a-init.o)
                              /Applications/ArmGNUToolchain/12.3.rel1/arm-none-eabi/bin/../lib/gcc/arm-none-eabi/12.3.1/../../../../arm-none-eabi/lib/thumb/v6-m/nofp/crt0.o (__libc_init_array)
[...]
Memory Configuration

Name             Origin             Length             Attributes
FLASH            0x10000000         0x00200000         xr
RAM              0x20000000         0x00040000         xrw
SCRATCH_X        0x20040000         0x00001000         xrw
SCRATCH_Y        0x20041000         0x00001000         xrw
*default*        0x00000000         0xffffffff

Linker script and memory map

LOAD /Applications/ArmGNUToolchain/12.3.rel1/arm-none-eabi/bin/../lib/gcc/arm-none-eabi/12.3.1/thumb/v6-m/nofp/crti.o
LOAD /Applications/ArmGNUToolchain/12.3.rel1/arm-none-eabi/bin/../lib/gcc/arm-none-eabi/12.3.1/thumb/v6-m/nofp/crtbegin.o
LOAD /Applications/ArmGNUToolchain/12.3.rel1/arm-none-eabi/bin/../lib/gcc/arm-none-eabi/12.3.1/../../../../arm-none-eabi/lib/thumb/v6-m/nofp/crt0.o

.flash_begin    0x10000000        0x0
                0x10000000                        __flash_binary_start = .

.boot2          0x10000000      0x100
                0x10000000                        __boot2_start__ = .
 *(.boot2)
 .boot2         0x10000000      0x100 /var/folders/sm/qp5kpslj4zq768j8dbr71ml80000gn/T//cchrEZye.o
                0x10000100                        __boot2_end__ = .
                0x00000001                        ASSERT (((__boot2_end__ - __boot2_start__) == 0x100), ERROR: Pico second stage bootloader must be 256 bytes in size)

.text           0x10000100     0x40f8
                0x10000100                        __logical_binary_start = .
 *(.vectors)
 .vectors       0x10000100       0xd4 CMakeFiles/motor.dir/Users/seankzw/Desktop/SIT/year_2/y2t1/inf2004-esp/pico/pico-sdk/src/rp2_common/pico_standard_link/crt0.S.obj
                0x10000100                __VECTOR_TABLE
                0x10000100                __vectors
                0x100001c0                __default_isrs_start
                0x100001c0                isr_invalid
                0x100001c2                isr_nmi
                0x100001c4                isr_hardfault
                0x100001c6                isr_svcall
                0x100001c8                isr_pendsv
                0x100001ca                isr_systick
                0x100001cc                isr_irq28
                0x100001cc                isr_irq19
                0x100001cc                isr_irq0
                0x100001cc                isr_irq6
                0x100001cc                isr_irq22
                0x100001cc                isr_irq17
                0x100001cc                isr_irq14
                0x100001cc                isr_irq2
                0x100001cc                isr_irq10
                0x100001cc                isr_irq8
                0x100001cc                isr_irq24
                0x100001cc                isr_irq1
                0x100001cc                isr_irq7
                0x100001cc                isr_irq21
                0x100001cc                isr_irq20
                0x100001cc                isr_irq15
                0x100001cc                isr_irq25
                0x100001cc                isr_irq4
                0x100001cc                isr_irq16
                0x100001cc                isr_irq29
                0x100001cc                isr_irq26
                0x100001cc                __default_isrs_end
                0x100001cc                isr_irq3
                0x100001cc                isr_irq9
                0x100001cc                __unhandled_user_irq
                0x100001cc                isr_irq13
                0x100001cc                isr_irq27
                0x100001cc                isr_irq31
                0x100001cc                isr_irq5
                0x100001cc                isr_irq11
                0x100001cc                isr_irq23
                0x100001cc                isr_irq18
                0x100001cc                isr_irq30
                0x100001cc                isr_irq12
                0x100001d2                unhandled_user_irq_num_in_r0
 *(.binary_info_header)
 .binary_info_header
                0x100001d4       0x14 CMakeFiles/motor.dir/Users/seankzw/Desktop/SIT/year_2/y2t1/inf2004-esp/pico/pico-sdk/src/rp2_common/pico_standard_link/crt0.S.obj
                0x100001e8                        __binary_info_header_end = .
 *(.reset)
 .reset         0x100001e8       0xa0 CMakeFiles/motor.dir/Users/seankzw/Desktop/SIT/year_2/y2t1/inf2004-esp/pico/pico-sdk/src/rp2_common/pico_standard_link/crt0.S.obj
                0x100001e8                _entry_point
 .reset         0x10000288       0x30 CMakeFiles/motor.dir/Users/seankzw/Desktop/SIT/year_2/y2t1/inf2004-esp/pico/pico-sdk/src/rp2_common/pico_standard_link/binary_info.c.obj
 *(.init)
 .init          0x100002b8        0x4 /Applications/ArmGNUToolchain/12.3.rel1/arm-none-eabi/bin/../lib/gcc/arm-none-eabi/12.3.1/thumb/v6-m/nofp/crti.o
                0x100002b8                _init
 *(EXCLUDE_FILE(*libm.a: *libc.a:*lib_a-mem*.o *libgcc.a:) .text*)
 .text.register_tm_clones
                0x100002bc       0x28 /Applications/ArmGNUToolchain/12.3.rel1/arm-none-eabi/bin/../lib/gcc/arm-none-eabi/12.3.1/thumb/v6-m/nofp/crtbegin.o
 .text.frame_dummy
                0x100002e4       0x24 /Applications/ArmGNUToolchain/12.3.rel1/arm-none-eabi/bin/../lib/gcc/arm-none-eabi/12.3.1/thumb/v6-m/nofp/crtbegin.o
 .text.forward  0x10000308       0x2c CMakeFiles/motor.dir/motor.c.obj
 .text.backward
                0x10000334       0x2c CMakeFiles/motor.dir/motor.c.obj
 .text.compute_pid
                0x10000360       0x6c CMakeFiles/motor.dir/motor.c.obj
                0x10000360                compute_pid
 .text.turn_left
                0x100003cc       0x2c CMakeFiles/motor.dir/motor.c.obj
                0x100003cc                turn_left
 .text.turn_right
                0x100003f8       0x2c CMakeFiles/motor.dir/motor.c.obj
                0x100003f8                turn_right
 .text.main     0x10000424      0x170 CMakeFiles/motor.dir/motor.c.obj
                0x10000424                main
 .text.gpio_set_function
                0x10000594       0x30 CMakeFiles/motor.dir/Users/seankzw/Desktop/SIT/year_2/y2t1/inf2004-esp/pico/pico-sdk/src/rp2_common/hardware_gpio/gpio.c.obj
                0x10000594                gpio_set_function
 .text.gpio_set_pulls
                0x100005c4       0x34 CMakeFiles/motor.dir/Users/seankzw/Desktop/SIT/year_2/y2t1/inf2004-esp/pico/pico-sdk/src/rp2_common/hardware_gpio/gpio.c.obj
                0x100005c4                gpio_set_pulls
 .text.running_on_fpga
                0x100005f8       0x14 CMakeFiles/motor.dir/Users/seankzw/Desktop/SIT/year_2/y2t1/inf2004-esp/pico/pico-sdk/src/rp2_common/pico_platform/platform.c.obj
                0x100005f8                running_on_fpga
 .text.hw_claim_lock
                0x1000060c       0x18 CMakeFiles/motor.dir/Users/seankzw/Desktop/SIT/year_2/y2t1/inf2004-esp/pico/pico-sdk/src/rp2_common/hardware_claim/claim.c.obj
                0x1000060c                hw_claim_lock
 .text.hw_claim_unlock
                0x10000624       0x14 CMakeFiles/motor.dir/Users/seankzw/Desktop/SIT/year_2/y2t1/inf2004-esp/pico/pico-sdk/src/rp2_common/hardware_claim/claim.c.obj
                0x10000624                hw_claim_unlock
 .text.hw_claim_or_assert
                0x10000638       0x32 CMakeFiles/motor.dir/Users/seankzw/Desktop/SIT/year_2/y2t1/inf2004-esp/pico/pico-sdk/src/rp2_common/hardware_claim/claim.c.obj
                0x10000638                hw_claim_or_assert
 *fill*         0x1000066a        0x2 
 .text.spin_locks_reset
                0x1000066c       0x20 CMakeFiles/motor.dir/Users/seankzw/Desktop/SIT/year_2/y2t1/inf2004-esp/pico/pico-sdk/src/rp2_common/hardware_sync/sync.c.obj
                0x1000066c                spin_locks_reset
 .text.next_striped_spin_lock_num
                0x1000068c       0x1c CMakeFiles/motor.dir/Users/seankzw/Desktop/SIT/year_2/y2t1/inf2004-esp/pico/pico-sdk/src/rp2_common/hardware_sync/sync.c.obj
                0x1000068c                next_striped_spin_lock_num
 .text.set_raw_irq_handler_and_unlock
                0x100006a8       0x28 CMakeFiles/motor.dir/Users/seankzw/Desktop/SIT/year_2/y2t1/inf2004-esp/pico/pico-sdk/src/rp2_common/hardware_irq/irq.c.obj
 .text.resolve_branch
                0x100006d0       0x30 CMakeFiles/motor.dir/Users/seankzw/Desktop/SIT/year_2/y2t1/inf2004-esp/pico/pico-sdk/src/rp2_common/hardware_irq/irq.c.obj
 .text.make_branch
                0x10000700       0x48 CMakeFiles/motor.dir/Users/seankzw/Desktop/SIT/year_2/y2t1/inf2004-esp/pico/pico-sdk/src/rp2_common/hardware_irq/irq.c.obj
 .text.insert_branch_and_link
                0x10000748       0x40 CMakeFiles/motor.dir/Users/seankzw/Desktop/SIT/year_2/y2t1/inf2004-esp/pico/pico-sdk/src/rp2_common/hardware_irq/irq.c.obj
 .text.irq_is_enabled
                0x10000788       0x18 CMakeFiles/motor.dir/Users/seankzw/Desktop/SIT/year_2/y2t1/inf2004-esp/pico/pico-sdk/src/rp2_common/hardware_irq/irq.c.obj
                0x10000788                irq_is_enabled
 .text.irq_set_mask_enabled
                0x100007a0       0x20 CMakeFiles/motor.dir/Users/seankzw/Desktop/SIT/year_2/y2t1/inf2004-esp/pico/pico-sdk/src/rp2_common/hardware_irq/irq.c.obj
                0x100007a0                irq_set_mask_enabled
 .text.irq_set_enabled
                0x100007c0        0xe CMakeFiles/motor.dir/Users/seankzw/Desktop/SIT/year_2/y2t1/inf2004-esp/pico/pico-sdk/src/rp2_common/hardware_irq/irq.c.obj
                0x100007c0                irq_set_enabled
 *fill*         0x100007ce        0x2 
 .text.irq_get_vtable_handler
                0x100007d0       0x10 CMakeFiles/motor.dir/Users/seankzw/Desktop/SIT/year_2/y2t1/inf2004-esp/pico/pico-sdk/src/rp2_common/hardware_irq/irq.c.obj
                0x100007d0                irq_get_vtable_handler
 .text.irq_set_exclusive_handler
                0x100007e0       0x54 CMakeFiles/motor.dir/Users/seankzw/Desktop/SIT/year_2/y2t1/inf2004-esp/pico/pico-sdk/src/rp2_common/hardware_irq/irq.c.obj
                0x100007e0                irq_set_exclusive_handler
 .text.irq_remove_handler
                0x10000834      0x188 CMakeFiles/motor.dir/Users/seankzw/Desktop/SIT/year_2/y2t1/inf2004-esp/pico/pico-sdk/src/rp2_common/hardware_irq/irq.c.obj
                0x10000834                irq_remove_handler
 .text.irq_add_tail_to_free_list
                0x100009bc       0xf0 CMakeFiles/motor.dir/Users/seankzw/Desktop/SIT/year_2/y2t1/inf2004-esp/pico/pico-sdk/src/rp2_common/hardware_irq/irq.c.obj
                0x100009bc                irq_add_tail_to_free_list
 .text.irq_init_priorities
                0x10000aac       0x1c CMakeFiles/motor.dir/Users/seankzw/Desktop/SIT/year_2/y2t1/inf2004-esp/pico/pico-sdk/src/rp2_common/hardware_irq/irq.c.obj
                0x10000aac                irq_init_priorities
 .text.lock_init
                0x10000ac8       0x10 CMakeFiles/motor.dir/Users/seankzw/Desktop/SIT/year_2/y2t1/inf2004-esp/pico/pico-sdk/src/common/pico_sync/lock_core.c.obj
                0x10000ac8                lock_init
 .text.mutex_init
                0x10000ad8       0x1a CMakeFiles/motor.dir/Users/seankzw/Desktop/SIT/year_2/y2t1/inf2004-esp/pico/pico-sdk/src/common/pico_sync/mutex.c.obj
                0x10000ad8                mutex_init
 .text.recursive_mutex_init
                0x10000af2       0x1e CMakeFiles/motor.dir/Users/seankzw/Desktop/SIT/year_2/y2t1/inf2004-esp/pico/pico-sdk/src/common/pico_sync/mutex.c.obj
                0x10000af2                recursive_mutex_init
 .text.time_reached
                0x10000b10       0x28 CMakeFiles/motor.dir/Users/seankzw/Desktop/SIT/year_2/y2t1/inf2004-esp/pico/pico-sdk/src/common/pico_time/time.c.obj
 .text.get_entry
                0x10000b38       0x38 CMakeFiles/motor.dir/Users/seankzw/Desktop/SIT/year_2/y2t1/inf2004-esp/pico/pico-sdk/src/common/pico_time/time.c.obj
 .text.timer_pool_entry_comparator
                0x10000b70       0x2e CMakeFiles/motor.dir/Users/seankzw/Desktop/SIT/year_2/y2t1/inf2004-esp/pico/pico-sdk/src/common/pico_time/time.c.obj
                0x10000b70                timer_pool_entry_comparator
 *fill*         0x10000b9e        0x2 
 .text.update_us_since_boot
                0x10000ba0       0x24 CMakeFiles/motor.dir/Users/seankzw/Desktop/SIT/year_2/y2t1/inf2004-esp/pico/pico-sdk/src/common/pico_time/time.c.obj
 .text.delayed_by_us
                0x10000bc4       0x34 CMakeFiles/motor.dir/Users/seankzw/Desktop/SIT/year_2/y2t1/inf2004-esp/pico/pico-sdk/src/common/pico_time/time.c.obj
 .text.ph_get_node
                0x10000bf8       0x30 CMakeFiles/motor.dir/Users/seankzw/Desktop/SIT/year_2/y2t1/inf2004-esp/pico/pico-sdk/src/common/pico_time/time.c.obj
 .text.ph_contains_node
                0x10000c28       0x1e CMakeFiles/motor.dir/Users/seankzw/Desktop/SIT/year_2/y2t1/inf2004-esp/pico/pico-sdk/src/common/pico_time/time.c.obj
 .text.ph_new_node
                0x10000c46       0x28 CMakeFiles/motor.dir/Users/seankzw/Desktop/SIT/year_2/y2t1/inf2004-esp/pico/pico-sdk/src/common/pico_time/time.c.obj
 *fill*         0x10000c6e        0x2 
 .text.ph_add_child_node
                0x10000c70       0x6c CMakeFiles/motor.dir/Users/seankzw/Desktop/SIT/year_2/y2t1/inf2004-esp/pico/pico-sdk/src/common/pico_time/time.c.obj
 .text.ph_merge_nodes
                0x10000cdc       0x3e CMakeFiles/motor.dir/Users/seankzw/Desktop/SIT/year_2/y2t1/inf2004-esp/pico/pico-sdk/src/common/pico_time/time.c.obj
 *fill*         0x10000d1a        0x2 
 .text.ph_insert_node
                0x10000d1c       0x3c CMakeFiles/motor.dir/Users/seankzw/Desktop/SIT/year_2/y2t1/inf2004-esp/pico/pico-sdk/src/common/pico_time/time.c.obj
 .text.ph_free_node
                0x10000d58       0x5c CMakeFiles/motor.dir/Users/seankzw/Desktop/SIT/year_2/y2t1/inf2004-esp/pico/pico-sdk/src/common/pico_time/time.c.obj
 .text.get_entry_id_high
                0x10000db4       0x30 CMakeFiles/motor.dir/Users/seankzw/Desktop/SIT/year_2/y2t1/inf2004-esp/pico/pico-sdk/src/common/pico_time/time.c.obj
 .text.alarm_pool_post_alloc_init
                0x10000de4       0x40 CMakeFiles/motor.dir/Users/seankzw/Desktop/SIT/year_2/y2t1/inf2004-esp/pico/pico-sdk/src/common/pico_time/time.c.obj
 .text.sleep_until_callback
                0x10000e24       0x30 CMakeFiles/motor.dir/Users/seankzw/Desktop/SIT/year_2/y2t1/inf2004-esp/pico/pico-sdk/src/common/pico_time/time.c.obj
 .text.get_absolute_time
                0x10000e54       0x22 CMakeFiles/motor.dir/Users/seankzw/Desktop/SIT/year_2/y2t1/inf2004-esp/pico/pico-sdk/src/common/pico_time/time.c.obj
 .text.make_timeout_time_us
                0x10000e76       0x24 CMakeFiles/motor.dir/Users/seankzw/Desktop/SIT/year_2/y2t1/inf2004-esp/pico/pico-sdk/src/common/pico_time/time.c.obj
 *fill*         0x10000e9a        0x2 
 .text.add_alarm_under_lock
                0x10000e9c       0x94 CMakeFiles/motor.dir/Users/seankzw/Desktop/SIT/year_2/y2t1/inf2004-esp/pico/pico-sdk/src/common/pico_time/time.c.obj
 .text.alarm_pool_alarm_callback
                0x10000f30      0x210 CMakeFiles/motor.dir/Users/seankzw/Desktop/SIT/year_2/y2t1/inf2004-esp/pico/pico-sdk/src/common/pico_time/time.c.obj
 .text.alarm_pool_init_default
                0x10001140       0x40 CMakeFiles/motor.dir/Users/seankzw/Desktop/SIT/year_2/y2t1/inf2004-esp/pico/pico-sdk/src/common/pico_time/time.c.obj
                0x10001140                alarm_pool_init_default
 .text.alarm_pool_get_default
                0x10001180       0x2c CMakeFiles/motor.dir/Users/seankzw/Desktop/SIT/year_2/y2t1/inf2004-esp/pico/pico-sdk/src/common/pico_time/time.c.obj
                0x10001180                alarm_pool_get_default
 .text.alarm_pool_add_alarm_at
                0x100011ac      0x10e CMakeFiles/motor.dir/Users/seankzw/Desktop/SIT/year_2/y2t1/inf2004-esp/pico/pico-sdk/src/common/pico_time/time.c.obj
                0x100011ac                alarm_pool_add_alarm_at
 .text.add_alarm_at
                0x100012ba       0x2e CMakeFiles/motor.dir/Users/seankzw/Desktop/SIT/year_2/y2t1/inf2004-esp/pico/pico-sdk/src/common/pico_time/time.c.obj
 .text.alarm_pool_cancel_alarm
                0x100012e8       0xa8 CMakeFiles/motor.dir/Users/seankzw/Desktop/SIT/year_2/y2t1/inf2004-esp/pico/pico-sdk/src/common/pico_time/time.c.obj
                0x100012e8                alarm_pool_cancel_alarm
 .text.cancel_alarm
                0x10001390       0x10 CMakeFiles/motor.dir/Users/seankzw/Desktop/SIT/year_2/y2t1/inf2004-esp/pico/pico-sdk/src/common/pico_time/time.c.obj
 .text.sleep_until
                0x100013a0       0xb0 CMakeFiles/motor.dir/Users/seankzw/Desktop/SIT/year_2/y2t1/inf2004-esp/pico/pico-sdk/src/common/pico_time/time.c.obj
                0x100013a0                sleep_until
 .text.sleep_us
                0x10001450       0x1a CMakeFiles/motor.dir/Users/seankzw/Desktop/SIT/year_2/y2t1/inf2004-esp/pico/pico-sdk/src/common/pico_time/time.c.obj
                0x10001450                sleep_us
 .text.sleep_ms
                0x1000146a       0x14 CMakeFiles/motor.dir/Users/seankzw/Desktop/SIT/year_2/y2t1/inf2004-esp/pico/pico-sdk/src/common/pico_time/time.c.obj
                0x1000146a                sleep_ms
 *fill*         0x1000147e        0x2 
 .text.best_effort_wfe_or_timeout
                0x10001480       0x44 CMakeFiles/motor.dir/Users/seankzw/Desktop/SIT/year_2/y2t1/inf2004-esp/pico/pico-sdk/src/common/pico_time/time.c.obj
                0x10001480                best_effort_wfe_or_timeout
 .text.update_us_since_boot
                0x100014c4       0x24 CMakeFiles/motor.dir/Users/seankzw/Desktop/SIT/year_2/y2t1/inf2004-esp/pico/pico-sdk/src/rp2_common/hardware_timer/timer.c.obj
 .text.hardware_alarm_irq_handler
                0x100014e8       0x8c CMakeFiles/motor.dir/Users/seankzw/Desktop/SIT/year_2/y2t1/inf2004-esp/pico/pico-sdk/src/rp2_common/hardware_timer/timer.c.obj
 .text.hardware_alarm_claim
                0x10001574       0x18 CMakeFiles/motor.dir/Users/seankzw/Desktop/SIT/year_2/y2t1/inf2004-esp/pico/pico-sdk/src/rp2_common/hardware_timer/timer.c.obj
                0x10001574                hardware_alarm_claim
 .text.time_us_64
                0x1000158c       0x18 CMakeFiles/motor.dir/Users/seankzw/Desktop/SIT/year_2/y2t1/inf2004-esp/pico/pico-sdk/src/rp2_common/hardware_timer/timer.c.obj
                0x1000158c                time_us_64
 .text.busy_wait_until
                0x100015a4       0x28 CMakeFiles/motor.dir/Users/seankzw/Desktop/SIT/year_2/y2t1/inf2004-esp/pico/pico-sdk/src/rp2_common/hardware_timer/timer.c.obj
                0x100015a4                busy_wait_until
 .text.busy_wait_us
                0x100015cc       0x3a CMakeFiles/motor.dir/Users/seankzw/Desktop/SIT/year_2/y2t1/inf2004-esp/pico/pico-sdk/src/rp2_common/hardware_timer/timer.c.obj
                0x100015cc                busy_wait_us
 *fill*         0x10001606        0x2 
 .text.hardware_alarm_set_callback
                0x10001608       0x90 CMakeFiles/motor.dir/Users/seankzw/Desktop/SIT/year_2/y2t1/inf2004-esp/pico/pico-sdk/src/rp2_common/hardware_timer/timer.c.obj
                0x10001608                hardware_alarm_set_callback
 .text.hardware_alarm_set_target
                0x10001698       0xe8 CMakeFiles/motor.dir/Users/seankzw/Desktop/SIT/year_2/y2t1/inf2004-esp/pico/pico-sdk/src/rp2_common/hardware_timer/timer.c.obj
                0x10001698                hardware_alarm_set_target
 .text.hardware_alarm_cancel
                0x10001780       0x40 CMakeFiles/motor.dir/Users/seankzw/Desktop/SIT/year_2/y2t1/inf2004-esp/pico/pico-sdk/src/rp2_common/hardware_timer/timer.c.obj
                0x10001780                hardware_alarm_cancel
 .text.ph_get_node
                0x100017c0       0x30 CMakeFiles/motor.dir/Users/seankzw/Desktop/SIT/year_2/y2t1/inf2004-esp/pico/pico-sdk/src/common/pico_util/pheap.c.obj
 .text.ph_add_child_node
                0x100017f0       0x6c CMakeFiles/motor.dir/Users/seankzw/Desktop/SIT/year_2/y2t1/inf2004-esp/pico/pico-sdk/src/common/pico_util/pheap.c.obj
 .text.ph_merge_nodes
                0x1000185c       0x3e CMakeFiles/motor.dir/Users/seankzw/Desktop/SIT/year_2/y2t1/inf2004-esp/pico/pico-sdk/src/common/pico_util/pheap.c.obj
 .text.ph_clear
                0x1000189a       0x34 CMakeFiles/motor.dir/Users/seankzw/Desktop/SIT/year_2/y2t1/inf2004-esp/pico/pico-sdk/src/common/pico_util/pheap.c.obj
                0x1000189a                ph_clear
 .text.ph_post_alloc_init
                0x100018ce        0xe CMakeFiles/motor.dir/Users/seankzw/Desktop/SIT/year_2/y2t1/inf2004-esp/pico/pico-sdk/src/common/pico_util/pheap.c.obj
                0x100018ce                ph_post_alloc_init
 .text.ph_merge_two_pass
                0x100018dc       0x5c CMakeFiles/motor.dir/Users/seankzw/Desktop/SIT/year_2/y2t1/inf2004-esp/pico/pico-sdk/src/common/pico_util/pheap.c.obj
                0x100018dc                ph_merge_two_pass
 .text.ph_remove_any_head
                0x10001938       0xc0 CMakeFiles/motor.dir/Users/seankzw/Desktop/SIT/year_2/y2t1/inf2004-esp/pico/pico-sdk/src/common/pico_util/pheap.c.obj
 .text.ph_remove_head
                0x100019f8       0x14 CMakeFiles/motor.dir/Users/seankzw/Desktop/SIT/year_2/y2t1/inf2004-esp/pico/pico-sdk/src/common/pico_util/pheap.c.obj
                0x100019f8                ph_remove_head
 .text.ph_remove_and_free_node
                0x10001a0c       0xa0 CMakeFiles/motor.dir/Users/seankzw/Desktop/SIT/year_2/y2t1/inf2004-esp/pico/pico-sdk/src/common/pico_util/pheap.c.obj
                0x10001a0c                ph_remove_and_free_node
 .text.uart_disable_before_lcr_write
                0x10001aac       0x48 CMakeFiles/motor.dir/Users/seankzw/Desktop/SIT/year_2/y2t1/inf2004-esp/pico/pico-sdk/src/rp2_common/hardware_uart/uart.c.obj
 .text.uart_write_lcr_bits_masked
                0x10001af4       0x22 CMakeFiles/motor.dir/Users/seankzw/Desktop/SIT/year_2/y2t1/inf2004-esp/pico/pico-sdk/src/rp2_common/hardware_uart/uart.c.obj
 *fill*         0x10001b16        0x2 
 .text.uart_set_baudrate
                0x10001b18       0x5c CMakeFiles/motor.dir/Users/seankzw/Desktop/SIT/year_2/y2t1/inf2004-esp/pico/pico-sdk/src/rp2_common/hardware_uart/uart.c.obj
                0x10001b18                uart_set_baudrate
 .text.uart_set_format
                0x10001b74       0x2c CMakeFiles/motor.dir/Users/seankzw/Desktop/SIT/year_2/y2t1/inf2004-esp/pico/pico-sdk/src/rp2_common/hardware_uart/uart.c.obj
                0x10001b74                uart_set_format
 .text.uart_set_translate_crlf
                0x10001ba0       0x28 CMakeFiles/motor.dir/Users/seankzw/Desktop/SIT/year_2/y2t1/inf2004-esp/pico/pico-sdk/src/rp2_common/hardware_uart/uart.c.obj
                0x10001ba0                uart_set_translate_crlf
 .text.uart_init
                0x10001bc8       0x80 CMakeFiles/motor.dir/Users/seankzw/Desktop/SIT/year_2/y2t1/inf2004-esp/pico/pico-sdk/src/rp2_common/hardware_uart/uart.c.obj
                0x10001bc8                uart_init
 .text.clock_configure
                0x10001c48      0x108 CMakeFiles/motor.dir/Users/seankzw/Desktop/SIT/year_2/y2t1/inf2004-esp/pico/pico-sdk/src/rp2_common/hardware_clocks/clocks.c.obj
                0x10001c48                clock_configure
 .text.clocks_init
                0x10001d50      0x100 CMakeFiles/motor.dir/Users/seankzw/Desktop/SIT/year_2/y2t1/inf2004-esp/pico/pico-sdk/src/rp2_common/hardware_clocks/clocks.c.obj
                0x10001d50                clocks_init
 .text.clock_get_hz
                0x10001e50        0xc CMakeFiles/motor.dir/Users/seankzw/Desktop/SIT/year_2/y2t1/inf2004-esp/pico/pico-sdk/src/rp2_common/hardware_clocks/clocks.c.obj
                0x10001e50                clock_get_hz
 .text.pll_init
                0x10001e5c      0x120 CMakeFiles/motor.dir/Users/seankzw/Desktop/SIT/year_2/y2t1/inf2004-esp/pico/pico-sdk/src/rp2_common/hardware_pll/pll.c.obj
                0x10001e5c                pll_init
 .text.watchdog_start_tick
                0x10001f7c       0x10 CMakeFiles/motor.dir/Users/seankzw/Desktop/SIT/year_2/y2t1/inf2004-esp/pico/pico-sdk/src/rp2_common/hardware_watchdog/watchdog.c.obj
                0x10001f7c                watchdog_start_tick
 .text.xosc_init
                0x10001f8c       0x28 CMakeFiles/motor.dir/Users/seankzw/Desktop/SIT/year_2/y2t1/inf2004-esp/pico/pico-sdk/src/rp2_common/hardware_xosc/xosc.c.obj
                0x10001f8c                xosc_init
 .text._exit    0x10001fb4        0x4 CMakeFiles/motor.dir/Users/seankzw/Desktop/SIT/year_2/y2t1/inf2004-esp/pico/pico-sdk/src/rp2_common/pico_runtime/runtime.c.obj
                0x10001fb4                _exit
 .text.exit     0x10001fb8        0x6 CMakeFiles/motor.dir/Users/seankzw/Desktop/SIT/year_2/y2t1/inf2004-esp/pico/pico-sdk/src/rp2_common/pico_runtime/runtime.c.obj
                0x10001fb8                exit
 *fill*         0x10001fbe        0x2 
 .text.__assert_func
                0x10001fc0       0x38 CMakeFiles/motor.dir/Users/seankzw/Desktop/SIT/year_2/y2t1/inf2004-esp/pico/pico-sdk/src/rp2_common/pico_runtime/runtime.c.obj
                0x10001fc0                __assert_func
 .text.runtime_init
                0x10001ff8       0xf8 CMakeFiles/motor.dir/Users/seankzw/Desktop/SIT/year_2/y2t1/inf2004-esp/pico/pico-sdk/src/rp2_common/pico_runtime/runtime.c.obj
                0x10001ff8                runtime_init
 .text.panic    0x100020f0       0x30 CMakeFiles/motor.dir/Users/seankzw/Desktop/SIT/year_2/y2t1/inf2004-esp/pico/pico-sdk/src/rp2_common/pico_runtime/runtime.c.obj
                0x100020f0                panic
 .text._out_null
                0x10002120        0x2 CMakeFiles/motor.dir/Users/seankzw/Desktop/SIT/year_2/y2t1/inf2004-esp/pico/pico-sdk/src/rp2_common/pico_printf/printf.c.obj
 .text._out_fct
                0x10002122        0xe CMakeFiles/motor.dir/Users/seankzw/Desktop/SIT/year_2/y2t1/inf2004-esp/pico/pico-sdk/src/rp2_common/pico_printf/printf.c.obj
 .text._atoi    0x10002130       0x24 CMakeFiles/motor.dir/Users/seankzw/Desktop/SIT/year_2/y2t1/inf2004-esp/pico/pico-sdk/src/rp2_common/pico_printf/printf.c.obj
 .text._out_rev
                0x10002154       0xae CMakeFiles/motor.dir/Users/seankzw/Desktop/SIT/year_2/y2t1/inf2004-esp/pico/pico-sdk/src/rp2_common/pico_printf/printf.c.obj
 .text._ntoa_format
                0x10002202      0x110 CMakeFiles/motor.dir/Users/seankzw/Desktop/SIT/year_2/y2t1/inf2004-esp/pico/pico-sdk/src/rp2_common/pico_printf/printf.c.obj
 .text._ntoa_long
                0x10002312       0xbc CMakeFiles/motor.dir/Users/seankzw/Desktop/SIT/year_2/y2t1/inf2004-esp/pico/pico-sdk/src/rp2_common/pico_printf/printf.c.obj
 .text._ntoa_long_long
                0x100023ce      0x10e CMakeFiles/motor.dir/Users/seankzw/Desktop/SIT/year_2/y2t1/inf2004-esp/pico/pico-sdk/src/rp2_common/pico_printf/printf.c.obj
 .text._etoa    0x100024dc      0x420 CMakeFiles/motor.dir/Users/seankzw/Desktop/SIT/year_2/y2t1/inf2004-esp/pico/pico-sdk/src/rp2_common/pico_printf/printf.c.obj
 .text._ftoa    0x100028fc      0x354 CMakeFiles/motor.dir/Users/seankzw/Desktop/SIT/year_2/y2t1/inf2004-esp/pico/pico-sdk/src/rp2_common/pico_printf/printf.c.obj
 .text._vsnprintf
                0x10002c50      0x65c CMakeFiles/motor.dir/Users/seankzw/Desktop/SIT/year_2/y2t1/inf2004-esp/pico/pico-sdk/src/rp2_common/pico_printf/printf.c.obj
 .text.vfctprintf
                0x100032ac       0x20 CMakeFiles/motor.dir/Users/seankzw/Desktop/SIT/year_2/y2t1/inf2004-esp/pico/pico-sdk/src/rp2_common/pico_printf/printf.c.obj
                0x100032ac                vfctprintf
 .text          0x100032cc       0x10 CMakeFiles/motor.dir/Users/seankzw/Desktop/SIT/year_2/y2t1/inf2004-esp/pico/pico-sdk/src/rp2_common/pico_bit_ops/bit_ops_aeabi.S.obj
 .text.rom_func_lookup
                0x100032dc       0x10 CMakeFiles/motor.dir/Users/seankzw/Desktop/SIT/year_2/y2t1/inf2004-esp/pico/pico-sdk/src/rp2_common/pico_bootrom/bootrom.c.obj
                0x100032dc                rom_func_lookup
 .text.rom_data_lookup
                0x100032ec       0x10 CMakeFiles/motor.dir/Users/seankzw/Desktop/SIT/year_2/y2t1/inf2004-esp/pico/pico-sdk/src/rp2_common/pico_bootrom/bootrom.c.obj
                0x100032ec                rom_data_lookup
 .text.rom_funcs_lookup
                0x100032fc       0x36 CMakeFiles/motor.dir/Users/seankzw/Desktop/SIT/year_2/y2t1/inf2004-esp/pico/pico-sdk/src/rp2_common/pico_bootrom/bootrom.c.obj
                0x100032fc                rom_funcs_lookup
 *fill*         0x10003332        0x2 
 .text.__wrap___aeabi_idiv
                0x10003334       0x50 CMakeFiles/motor.dir/Users/seankzw/Desktop/SIT/year_2/y2t1/inf2004-esp/pico/pico-sdk/src/rp2_common/pico_divider/divider.S.obj
                0x10003334                __wrap___aeabi_idivmod
                0x10003334                divmod_s32s32
                0x10003334                div_s32s32
                0x10003334                __wrap___aeabi_idiv
                0x1000333c                divmod_s32s32_unsafe
                0x10003368                divmod_s32s32_savestate
 .text.__wrap___aeabi_uidiv
                0x10003384       0x4c CMakeFiles/motor.dir/Users/seankzw/Desktop/SIT/year_2/y2t1/inf2004-esp/pico/pico-sdk/src/rp2_common/pico_divider/divider.S.obj
                0x10003384                __wrap___aeabi_uidiv
                0x10003384                __wrap___aeabi_uidivmod
                0x10003384                div_u32u32
                0x10003384                divmod_u32u32
                0x1000338c                divmod_u32u32_unsafe
                0x100033b4                divmod_u32u32_savestate
 .text.__wrap___aeabi_ldiv
                0x100033d0      0x424 CMakeFiles/motor.dir/Users/seankzw/Desktop/SIT/year_2/y2t1/inf2004-esp/pico/pico-sdk/src/rp2_common/pico_divider/divider.S.obj
                0x100033d0                __wrap___aeabi_ldivmod
                0x100033d0                div_s64s64
                0x100033d0                divmod_s64s64
                0x10003400                divmod_u64u64
                0x10003400                div_u64u64
                0x10003400                __wrap___aeabi_uldivmod
                0x10003410                divmod_u64u64_savestate
                0x10003430                divmod_s64s64_unsafe
                0x100034b8                divmod_u64u64_unsafe
 .text.__wrap___aeabi_darithmetic
                0x100037f4       0x60 CMakeFiles/motor.dir/Users/seankzw/Desktop/SIT/year_2/y2t1/inf2004-esp/pico/pico-sdk/src/rp2_common/pico_double/double_aeabi.S.obj
                0x100037f4                __wrap___aeabi_drsub
                0x100037fa                __wrap___aeabi_dsub
                0x10003804                __wrap___aeabi_dadd
                0x1000380e                __wrap___aeabi_ddiv
                0x10003842                __wrap___aeabi_dmul
 .text.__wrap___aeabi_cdcmple
                0x10003854       0x6c CMakeFiles/motor.dir/Users/seankzw/Desktop/SIT/year_2/y2t1/inf2004-esp/pico/pico-sdk/src/rp2_common/pico_double/double_aeabi.S.obj
                0x10003854                __wrap___aeabi_cdrcmple
                0x10003864                __wrap___aeabi_cdcmple
                0x10003864                __wrap___aeabi_cdcmpeq
 .text.__wrap___aeabi_dcmplt
                0x100038c0        0xc CMakeFiles/motor.dir/Users/seankzw/Desktop/SIT/year_2/y2t1/inf2004-esp/pico/pico-sdk/src/rp2_common/pico_double/double_aeabi.S.obj
                0x100038c0                __wrap___aeabi_dcmplt
 .text.__wrap___aeabi_dcmple
                0x100038cc       0x10 CMakeFiles/motor.dir/Users/seankzw/Desktop/SIT/year_2/y2t1/inf2004-esp/pico/pico-sdk/src/rp2_common/pico_double/double_aeabi.S.obj
                0x100038cc                __wrap___aeabi_dcmple
 .text.__wrap___aeabi_dcmpge
                0x100038dc       0x10 CMakeFiles/motor.dir/Users/seankzw/Desktop/SIT/year_2/y2t1/inf2004-esp/pico/pico-sdk/src/rp2_common/pico_double/double_aeabi.S.obj
                0x100038dc                __wrap___aeabi_dcmpge
 .text.__wrap___aeabi_dcmpgt
                0x100038ec        0xa CMakeFiles/motor.dir/Users/seankzw/Desktop/SIT/year_2/y2t1/inf2004-esp/pico/pico-sdk/src/rp2_common/pico_double/double_aeabi.S.obj
                0x100038ec                __wrap___aeabi_dcmpgt
 .text.__wrap___aeabi_dcmpun
                0x100038f6       0x1c CMakeFiles/motor.dir/Users/seankzw/Desktop/SIT/year_2/y2t1/inf2004-esp/pico/pico-sdk/src/rp2_common/pico_double/double_aeabi.S.obj
                0x100038f6                __wrap___aeabi_dcmpun
 *fill*         0x10003912        0x2 
 .text.__wrap___aeabi_i2d
                0x10003914       0x38 CMakeFiles/motor.dir/Users/seankzw/Desktop/SIT/year_2/y2t1/inf2004-esp/pico/pico-sdk/src/rp2_common/pico_double/double_aeabi.S.obj
                0x10003914                __wrap___aeabi_ui2d
                0x1000391c                __wrap___aeabi_i2d
 .text.__wrap___aeabi_d2iz
                0x1000394c       0x48 CMakeFiles/motor.dir/Users/seankzw/Desktop/SIT/year_2/y2t1/inf2004-esp/pico/pico-sdk/src/rp2_common/pico_double/double_aeabi.S.obj
                0x1000394c                __wrap___aeabi_d2iz
                0x1000394c                double2int_z
 .text.__wrap___aeabi_d2uiz
                0x10003994       0x10 CMakeFiles/motor.dir/Users/seankzw/Desktop/SIT/year_2/y2t1/inf2004-esp/pico/pico-sdk/src/rp2_common/pico_double/double_aeabi.S.obj
                0x10003994                double2uint
                0x10003994                __wrap___aeabi_d2uiz
 .text.__wrap___aeabi_d2f
                0x100039a4       0x10 CMakeFiles/motor.dir/Users/seankzw/Desktop/SIT/year_2/y2t1/inf2004-esp/pico/pico-sdk/src/rp2_common/pico_double/double_aeabi.S.obj
                0x100039a4                __wrap___aeabi_d2f
 .text.missing_double_func_shim
                0x100039b4        0xc CMakeFiles/motor.dir/Users/seankzw/Desktop/SIT/year_2/y2t1/inf2004-esp/pico/pico-sdk/src/rp2_common/pico_double/double_init_rom.c.obj
 .text.__aeabi_double_init
                0x100039c0       0xd0 CMakeFiles/motor.dir/Users/seankzw/Desktop/SIT/year_2/y2t1/inf2004-esp/pico/pico-sdk/src/rp2_common/pico_double/double_init_rom.c.obj
                0x100039c0                __aeabi_double_init
 .text.double_table_shim_on_use_helper
                0x10003a90       0x34 CMakeFiles/motor.dir/Users/seankzw/Desktop/SIT/year_2/y2t1/inf2004-esp/pico/pico-sdk/src/rp2_common/pico_double/double_v1_rom_shim.S.obj
                0x10003a90                double_table_shim_on_use_helper
 .text.__aeabi_lmul
                0x10003ac4       0x32 CMakeFiles/motor.dir/Users/seankzw/Desktop/SIT/year_2/y2t1/inf2004-esp/pico/pico-sdk/src/rp2_common/pico_int64_ops/pico_int64_ops_aeabi.S.obj
                0x10003ac4                __wrap___aeabi_lmul
 *fill*         0x10003af6        0x2 
 .text.__wrap___aeabi_farithmetic
                0x10003af8       0x48 CMakeFiles/motor.dir/Users/seankzw/Desktop/SIT/year_2/y2t1/inf2004-esp/pico/pico-sdk/src/rp2_common/pico_float/float_aeabi.S.obj
                0x10003af8                __wrap___aeabi_frsub
                0x10003afe                __wrap___aeabi_fsub
                0x10003b04                __wrap___aeabi_fadd
                0x10003b0a                __wrap___aeabi_fdiv
                0x10003b32                __wrap___aeabi_fmul
 .text.__wrap___aeabi_f2d
                0x10003b40        0xc CMakeFiles/motor.dir/Users/seankzw/Desktop/SIT/year_2/y2t1/inf2004-esp/pico/pico-sdk/src/rp2_common/pico_float/float_aeabi.S.obj
                0x10003b40                __wrap___aeabi_f2d
 .text.missing_float_func_shim
                0x10003b4c        0xc CMakeFiles/motor.dir/Users/seankzw/Desktop/SIT/year_2/y2t1/inf2004-esp/pico/pico-sdk/src/rp2_common/pico_float/float_init_rom.c.obj
 .text.__aeabi_float_init
                0x10003b58       0x88 CMakeFiles/motor.dir/Users/seankzw/Desktop/SIT/year_2/y2t1/inf2004-esp/pico/pico-sdk/src/rp2_common/pico_float/float_init_rom.c.obj
                0x10003b58                __aeabi_float_init
 .text          0x10003be0       0x10 CMakeFiles/motor.dir/Users/seankzw/Desktop/SIT/year_2/y2t1/inf2004-esp/pico/pico-sdk/src/rp2_common/pico_mem_ops/mem_ops_aeabi.S.obj
                0x10003be0                __aeabi_mem_init
 .text.memcpy   0x10003bf0        0xc CMakeFiles/motor.dir/Users/seankzw/Desktop/SIT/year_2/y2t1/inf2004-esp/pico/pico-sdk/src/rp2_common/pico_mem_ops/mem_ops_aeabi.S.obj
                0x10003bf0                __wrap___aeabi_memcpy
                0x10003bf0                __wrap_memcpy
 .text.stdio_out_chars_no_crlf
                0x10003bfc        0xe CMakeFiles/motor.dir/Users/seankzw/Desktop/SIT/year_2/y2t1/inf2004-esp/pico/pico-sdk/src/rp2_common/pico_stdio/stdio.c.obj
 *fill*         0x10003c0a        0x2 
 .text.stdio_out_chars_crlf
                0x10003c0c       0x80 CMakeFiles/motor.dir/Users/seankzw/Desktop/SIT/year_2/y2t1/inf2004-esp/pico/pico-sdk/src/rp2_common/pico_stdio/stdio.c.obj
 .text.stdio_stack_buffer_flush
                0x10003c8c       0x44 CMakeFiles/motor.dir/Users/seankzw/Desktop/SIT/year_2/y2t1/inf2004-esp/pico/pico-sdk/src/rp2_common/pico_stdio/stdio.c.obj
 .text.stdio_buffered_printer
                0x10003cd0       0x20 CMakeFiles/motor.dir/Users/seankzw/Desktop/SIT/year_2/y2t1/inf2004-esp/pico/pico-sdk/src/rp2_common/pico_stdio/stdio.c.obj
 .text.update_us_since_boot
                0x10003cf0       0x24 CMakeFiles/motor.dir/Users/seankzw/Desktop/SIT/year_2/y2t1/inf2004-esp/pico/pico-sdk/src/rp2_common/pico_stdio/stdio.c.obj
 .text.get_absolute_time
                0x10003d14       0x22 CMakeFiles/motor.dir/Users/seankzw/Desktop/SIT/year_2/y2t1/inf2004-esp/pico/pico-sdk/src/rp2_common/pico_stdio/stdio.c.obj
 *fill*         0x10003d36        0x2 
 .text.delayed_by_ms
                0x10003d38       0x44 CMakeFiles/motor.dir/Users/seankzw/Desktop/SIT/year_2/y2t1/inf2004-esp/pico/pico-sdk/src/rp2_common/pico_stdio/stdio.c.obj
 .text.make_timeout_time_ms
                0x10003d7c       0x20 CMakeFiles/motor.dir/Users/seankzw/Desktop/SIT/year_2/y2t1/inf2004-esp/pico/pico-sdk/src/rp2_common/pico_stdio/stdio.c.obj
 .text.stdout_serialize_begin
                0x10003d9c       0x20 CMakeFiles/motor.dir/Users/seankzw/Desktop/SIT/year_2/y2t1/inf2004-esp/pico/pico-sdk/src/rp2_common/pico_stdio/stdio.c.obj
                0x10003d9c                stdout_serialize_begin
 .text.stdout_serialize_end
                0x10003dbc       0x10 CMakeFiles/motor.dir/Users/seankzw/Desktop/SIT/year_2/y2t1/inf2004-esp/pico/pico-sdk/src/rp2_common/pico_stdio/stdio.c.obj
                0x10003dbc                stdout_serialize_end
 .text.stdio_put_string
                0x10003dcc       0x98 CMakeFiles/motor.dir/Users/seankzw/Desktop/SIT/year_2/y2t1/inf2004-esp/pico/pico-sdk/src/rp2_common/pico_stdio/stdio.c.obj
 .text.stdio_set_driver_enabled
                0x10003e64       0x2c CMakeFiles/motor.dir/Users/seankzw/Desktop/SIT/year_2/y2t1/inf2004-esp/pico/pico-sdk/src/rp2_common/pico_stdio/stdio.c.obj
                0x10003e64                stdio_set_driver_enabled
 .text.stdio_flush
                0x10003e90       0x20 CMakeFiles/motor.dir/Users/seankzw/Desktop/SIT/year_2/y2t1/inf2004-esp/pico/pico-sdk/src/rp2_common/pico_stdio/stdio.c.obj
                0x10003e90                stdio_flush
 .text.__wrap_puts
                0x10003eb0       0x1e CMakeFiles/motor.dir/Users/seankzw/Desktop/SIT/year_2/y2t1/inf2004-esp/pico/pico-sdk/src/rp2_common/pico_stdio/stdio.c.obj
                0x10003eb0                __wrap_puts
 *fill*         0x10003ece        0x2 
 .text.__wrap_vprintf
                0x10003ed0       0x40 CMakeFiles/motor.dir/Users/seankzw/Desktop/SIT/year_2/y2t1/inf2004-esp/pico/pico-sdk/src/rp2_common/pico_stdio/stdio.c.obj
                0x10003ed0                __wrap_vprintf
 .text.__wrap_printf
                0x10003f10       0x18 CMakeFiles/motor.dir/Users/seankzw/Desktop/SIT/year_2/y2t1/inf2004-esp/pico/pico-sdk/src/rp2_common/pico_stdio/stdio.c.obj
                0x10003f10                __wrap_printf
 .text.stdio_init_all
                0x10003f28        0xa CMakeFiles/motor.dir/Users/seankzw/Desktop/SIT/year_2/y2t1/inf2004-esp/pico/pico-sdk/src/rp2_common/pico_stdio/stdio.c.obj
                0x10003f28                stdio_init_all
 *fill*         0x10003f32        0x2 
 .text.uart_putc
                0x10003f34       0x60 CMakeFiles/motor.dir/Users/seankzw/Desktop/SIT/year_2/y2t1/inf2004-esp/pico/pico-sdk/src/rp2_common/pico_stdio_uart/stdio_uart.c.obj
 .text.uart_getc
                0x10003f94       0x24 CMakeFiles/motor.dir/Users/seankzw/Desktop/SIT/year_2/y2t1/inf2004-esp/pico/pico-sdk/src/rp2_common/pico_stdio_uart/stdio_uart.c.obj
 .text.stdio_uart_out_chars
                0x10003fb8       0x20 CMakeFiles/motor.dir/Users/seankzw/Desktop/SIT/year_2/y2t1/inf2004-esp/pico/pico-sdk/src/rp2_common/pico_stdio_uart/stdio_uart.c.obj
 .text.stdio_uart_in_chars
                0x10003fd8       0x5c CMakeFiles/motor.dir/Users/seankzw/Desktop/SIT/year_2/y2t1/inf2004-esp/pico/pico-sdk/src/rp2_common/pico_stdio_uart/stdio_uart.c.obj
                0x10003fd8                stdio_uart_in_chars
 .text.on_uart_rx
                0x10004034       0x28 CMakeFiles/motor.dir/Users/seankzw/Desktop/SIT/year_2/y2t1/inf2004-esp/pico/pico-sdk/src/rp2_common/pico_stdio_uart/stdio_uart.c.obj
 .text.stdio_uart_set_chars_available_callback
                0x1000405c       0x8c CMakeFiles/motor.dir/Users/seankzw/Desktop/SIT/year_2/y2t1/inf2004-esp/pico/pico-sdk/src/rp2_common/pico_stdio_uart/stdio_uart.c.obj
 .text.stdio_uart_init_full
                0x100040e8       0x44 CMakeFiles/motor.dir/Users/seankzw/Desktop/SIT/year_2/y2t1/inf2004-esp/pico/pico-sdk/src/rp2_common/pico_stdio_uart/stdio_uart.c.obj
                0x100040e8                stdio_uart_init_full
 .text.stdio_uart_init
                0x1000412c       0x28 CMakeFiles/motor.dir/Users/seankzw/Desktop/SIT/year_2/y2t1/inf2004-esp/pico/pico-sdk/src/rp2_common/pico_stdio_uart/stdio_uart.c.obj
                0x1000412c                stdio_uart_init
 .text.strlen   0x10004154       0x5c /Applications/ArmGNUToolchain/12.3.rel1/arm-none-eabi/bin/../lib/gcc/arm-none-eabi/12.3.1/../../../../arm-none-eabi/lib/thumb/v6-m/nofp/libg.a(libc_a-strlen-stub.o)
                0x10004154                strlen
 *(.fini)
 .fini          0x100041b0        0x4 /Applications/ArmGNUToolchain/12.3.rel1/arm-none-eabi/bin/../lib/gcc/arm-none-eabi/12.3.1/thumb/v6-m/nofp/crti.o
                0x100041b0                _fini
 *fill*         0x100041b4        0x4 
 .fini.__stub   0x100041b8       0x40 linker stubs
 *crtbegin.o(.ctors)
 *crtbegin?.o(.ctors)
 *(EXCLUDE_FILE(*crtend.o *crtend?.o) .ctors)
 *(SORT_BY_NAME(.ctors.*))
 *(.ctors)
 *crtbegin.o(.dtors)
 *crtbegin?.o(.dtors)
 *(EXCLUDE_FILE(*crtend.o *crtend?.o) .dtors)
 *(SORT_BY_NAME(.dtors.*))
 *(.dtors)
 *(.eh_frame*)
 .eh_frame      0x100041f8        0x0 /Applications/ArmGNUToolchain/12.3.rel1/arm-none-eabi/bin/../lib/gcc/arm-none-eabi/12.3.1/thumb/v6-m/nofp/crtbegin.o
                0x100041f8                        . = ALIGN (0x4)

.glue_7         0x100041f8        0x0
 .glue_7        0x100041f8        0x0 linker stubs

.glue_7t        0x100041f8        0x0
 .glue_7t       0x100041f8        0x0 linker stubs

.vfp11_veneer   0x100041f8        0x0
 .vfp11_veneer  0x100041f8        0x0 linker stubs

.v4_bx          0x100041f8        0x0
 .v4_bx         0x100041f8        0x0 linker stubs

.iplt           0x100041f8        0x0
 .iplt          0x100041f8        0x0 /Applications/ArmGNUToolchain/12.3.rel1/arm-none-eabi/bin/../lib/gcc/arm-none-eabi/12.3.1/thumb/v6-m/nofp/crtbegin.o

.rodata         0x100041f8     0x1084
 *(EXCLUDE_FILE(*libm.a: *libc.a:*lib_a-mem*.o *libgcc.a:) .rodata*)
 .rodata.main.str1.4
                0x100041f8       0x3a CMakeFiles/motor.dir/motor.c.obj
 *fill*         0x10004232        0x2 
 .rodata.resolve_branch.str1.4
                0x10004234       0x7b CMakeFiles/motor.dir/Users/seankzw/Desktop/SIT/year_2/y2t1/inf2004-esp/pico/pico-sdk/src/rp2_common/hardware_irq/irq.c.obj
 *fill*         0x100042af        0x1 
 .rodata.make_branch.str1.4
                0x100042b0       0x30 CMakeFiles/motor.dir/Users/seankzw/Desktop/SIT/year_2/y2t1/inf2004-esp/pico/pico-sdk/src/rp2_common/hardware_irq/irq.c.obj
 .rodata.insert_branch_and_link.str1.4
                0x100042e0       0x10 CMakeFiles/motor.dir/Users/seankzw/Desktop/SIT/year_2/y2t1/inf2004-esp/pico/pico-sdk/src/rp2_common/hardware_irq/irq.c.obj
 .rodata.irq_set_exclusive_handler.str1.4
                0x100042f0       0x36 CMakeFiles/motor.dir/Users/seankzw/Desktop/SIT/year_2/y2t1/inf2004-esp/pico/pico-sdk/src/rp2_common/hardware_irq/irq.c.obj
 *fill*         0x10004326        0x2 
 .rodata.irq_remove_handler.str1.4
                0x10004328       0x3a CMakeFiles/motor.dir/Users/seankzw/Desktop/SIT/year_2/y2t1/inf2004-esp/pico/pico-sdk/src/rp2_common/hardware_irq/irq.c.obj
 *fill*         0x10004362        0x2 
 .rodata.irq_add_tail_to_free_list.str1.4
                0x10004364       0x3a CMakeFiles/motor.dir/Users/seankzw/Desktop/SIT/year_2/y2t1/inf2004-esp/pico/pico-sdk/src/rp2_common/hardware_irq/irq.c.obj
 *fill*         0x1000439e        0x2 
 .rodata.__func__.0
                0x100043a0       0x1a CMakeFiles/motor.dir/Users/seankzw/Desktop/SIT/year_2/y2t1/inf2004-esp/pico/pico-sdk/src/rp2_common/hardware_irq/irq.c.obj
 *fill*         0x100043ba        0x2 
 .rodata.__func__.1
                0x100043bc       0x17 CMakeFiles/motor.dir/Users/seankzw/Desktop/SIT/year_2/y2t1/inf2004-esp/pico/pico-sdk/src/rp2_common/hardware_irq/irq.c.obj
 *fill*         0x100043d3        0x1 
 .rodata.__func__.2
                0x100043d4       0x13 CMakeFiles/motor.dir/Users/seankzw/Desktop/SIT/year_2/y2t1/inf2004-esp/pico/pico-sdk/src/rp2_common/hardware_irq/irq.c.obj
 *fill*         0x100043e7        0x1 
 .rodata.__func__.3
                0x100043e8        0xc CMakeFiles/motor.dir/Users/seankzw/Desktop/SIT/year_2/y2t1/inf2004-esp/pico/pico-sdk/src/rp2_common/hardware_irq/irq.c.obj
 .rodata.__func__.4
                0x100043f4        0xf CMakeFiles/motor.dir/Users/seankzw/Desktop/SIT/year_2/y2t1/inf2004-esp/pico/pico-sdk/src/rp2_common/hardware_irq/irq.c.obj
 *fill*         0x10004403        0x1 
 .rodata.__func__.6
                0x10004404       0x1a CMakeFiles/motor.dir/Users/seankzw/Desktop/SIT/year_2/y2t1/inf2004-esp/pico/pico-sdk/src/rp2_common/hardware_irq/irq.c.obj
 *fill*         0x1000441e        0x2 
 .rodata.str1.4
                0x10004420       0xb1 CMakeFiles/motor.dir/Users/seankzw/Desktop/SIT/year_2/y2t1/inf2004-esp/pico/pico-sdk/src/common/pico_sync/mutex.c.obj
 *fill*         0x100044d1        0x3 
 .rodata.__func__.1
                0x100044d4        0xb CMakeFiles/motor.dir/Users/seankzw/Desktop/SIT/year_2/y2t1/inf2004-esp/pico/pico-sdk/src/common/pico_sync/mutex.c.obj
 *fill*         0x100044df        0x1 
 .rodata.__func__.3
                0x100044e0       0x18 CMakeFiles/motor.dir/Users/seankzw/Desktop/SIT/year_2/y2t1/inf2004-esp/pico/pico-sdk/src/common/pico_sync/mutex.c.obj
 .rodata.get_entry.str1.4
                0x100044f8       0x81 CMakeFiles/motor.dir/Users/seankzw/Desktop/SIT/year_2/y2t1/inf2004-esp/pico/pico-sdk/src/common/pico_time/time.c.obj
 *fill*         0x10004579        0x3 
 .rodata.update_us_since_boot.str1.4
                0x1000457c       0x87 CMakeFiles/motor.dir/Users/seankzw/Desktop/SIT/year_2/y2t1/inf2004-esp/pico/pico-sdk/src/common/pico_time/time.c.obj
 *fill*         0x10004603        0x1 
 .rodata.ph_get_node.str1.4
                0x10004604       0x8c CMakeFiles/motor.dir/Users/seankzw/Desktop/SIT/year_2/y2t1/inf2004-esp/pico/pico-sdk/src/common/pico_time/time.c.obj
 .rodata.ph_add_child_node.str1.4
                0x10004690       0x2e CMakeFiles/motor.dir/Users/seankzw/Desktop/SIT/year_2/y2t1/inf2004-esp/pico/pico-sdk/src/common/pico_time/time.c.obj
 *fill*         0x100046be        0x2 
 .rodata.ph_insert_node.str1.4
                0x100046c0        0x3 CMakeFiles/motor.dir/Users/seankzw/Desktop/SIT/year_2/y2t1/inf2004-esp/pico/pico-sdk/src/common/pico_time/time.c.obj
 *fill*         0x100046c3        0x1 
 .rodata.ph_free_node.str1.4
                0x100046c4       0x38 CMakeFiles/motor.dir/Users/seankzw/Desktop/SIT/year_2/y2t1/inf2004-esp/pico/pico-sdk/src/common/pico_time/time.c.obj
 .rodata.add_alarm_under_lock.str1.4
                0x100046fc       0x28 CMakeFiles/motor.dir/Users/seankzw/Desktop/SIT/year_2/y2t1/inf2004-esp/pico/pico-sdk/src/common/pico_time/time.c.obj
 .rodata.alarm_pool_alarm_callback.str1.4
                0x10004724       0x60 CMakeFiles/motor.dir/Users/seankzw/Desktop/SIT/year_2/y2t1/inf2004-esp/pico/pico-sdk/src/common/pico_time/time.c.obj
 .rodata.alarm_pool_get_default.str1.4
                0x10004784       0x21 CMakeFiles/motor.dir/Users/seankzw/Desktop/SIT/year_2/y2t1/inf2004-esp/pico/pico-sdk/src/common/pico_time/time.c.obj
 *fill*         0x100047a5        0x3 
 .rodata.alarm_pool_cancel_alarm.str1.4
                0x100047a8       0x27 CMakeFiles/motor.dir/Users/seankzw/Desktop/SIT/year_2/y2t1/inf2004-esp/pico/pico-sdk/src/common/pico_time/time.c.obj
 *fill*         0x100047cf        0x1 
 .rodata.sleep_until.str1.4
                0x100047d0       0x4d CMakeFiles/motor.dir/Users/seankzw/Desktop/SIT/year_2/y2t1/inf2004-esp/pico/pico-sdk/src/common/pico_time/time.c.obj
 *fill*         0x1000481d        0x3 
 .rodata.__func__.1
                0x10004820       0x18 CMakeFiles/motor.dir/Users/seankzw/Desktop/SIT/year_2/y2t1/inf2004-esp/pico/pico-sdk/src/common/pico_time/time.c.obj
 .rodata.__func__.3
                0x10004838       0x17 CMakeFiles/motor.dir/Users/seankzw/Desktop/SIT/year_2/y2t1/inf2004-esp/pico/pico-sdk/src/common/pico_time/time.c.obj
 *fill*         0x1000484f        0x1 
 .rodata.__func__.4
                0x10004850       0x12 CMakeFiles/motor.dir/Users/seankzw/Desktop/SIT/year_2/y2t1/inf2004-esp/pico/pico-sdk/src/common/pico_time/time.c.obj
 *fill*         0x10004862        0x2 
 .rodata.__func__.5
                0x10004864        0xd CMakeFiles/motor.dir/Users/seankzw/Desktop/SIT/year_2/y2t1/inf2004-esp/pico/pico-sdk/src/common/pico_time/time.c.obj
 *fill*         0x10004871        0x3 
 .rodata.__func__.6
                0x10004874       0x12 CMakeFiles/motor.dir/Users/seankzw/Desktop/SIT/year_2/y2t1/inf2004-esp/pico/pico-sdk/src/common/pico_time/time.c.obj
 *fill*         0x10004886        0x2 
 .rodata.__func__.7
                0x10004888        0xf CMakeFiles/motor.dir/Users/seankzw/Desktop/SIT/year_2/y2t1/inf2004-esp/pico/pico-sdk/src/common/pico_time/time.c.obj
 *fill*         0x10004897        0x1 
 .rodata.__func__.8
                0x10004898        0xc CMakeFiles/motor.dir/Users/seankzw/Desktop/SIT/year_2/y2t1/inf2004-esp/pico/pico-sdk/src/common/pico_time/time.c.obj
 .rodata.__func__.9
                0x100048a4       0x15 CMakeFiles/motor.dir/Users/seankzw/Desktop/SIT/year_2/y2t1/inf2004-esp/pico/pico-sdk/src/common/pico_time/time.c.obj
 *fill*         0x100048b9        0x3 
 .rodata.__func__.10
                0x100048bc       0x15 CMakeFiles/motor.dir/Users/seankzw/Desktop/SIT/year_2/y2t1/inf2004-esp/pico/pico-sdk/src/common/pico_time/time.c.obj
 *fill*         0x100048d1        0x3 
 .rodata.__func__.11
                0x100048d4       0x1a CMakeFiles/motor.dir/Users/seankzw/Desktop/SIT/year_2/y2t1/inf2004-esp/pico/pico-sdk/src/common/pico_time/time.c.obj
 *fill*         0x100048ee        0x2 
 .rodata.__func__.12
                0x100048f0        0xa CMakeFiles/motor.dir/Users/seankzw/Desktop/SIT/year_2/y2t1/inf2004-esp/pico/pico-sdk/src/common/pico_time/time.c.obj
 .rodata.update_us_since_boot.str1.4
                0x100048fa       0x87 CMakeFiles/motor.dir/Users/seankzw/Desktop/SIT/year_2/y2t1/inf2004-esp/pico/pico-sdk/src/rp2_common/hardware_timer/timer.c.obj
 *fill*         0x100048fa        0x2 
 .rodata.hardware_alarm_claim.str1.4
                0x100048fc       0x22 CMakeFiles/motor.dir/Users/seankzw/Desktop/SIT/year_2/y2t1/inf2004-esp/pico/pico-sdk/src/rp2_common/hardware_timer/timer.c.obj
 *fill*         0x1000491e        0x2 
 .rodata.hardware_alarm_set_target.str1.4
                0x10004920       0x8b CMakeFiles/motor.dir/Users/seankzw/Desktop/SIT/year_2/y2t1/inf2004-esp/pico/pico-sdk/src/rp2_common/hardware_timer/timer.c.obj
 *fill*         0x100049ab        0x1 
 .rodata.__func__.0
                0x100049ac       0x1a CMakeFiles/motor.dir/Users/seankzw/Desktop/SIT/year_2/y2t1/inf2004-esp/pico/pico-sdk/src/rp2_common/hardware_timer/timer.c.obj
 *fill*         0x100049c6        0x2 
 .rodata.__func__.1
                0x100049c8       0x15 CMakeFiles/motor.dir/Users/seankzw/Desktop/SIT/year_2/y2t1/inf2004-esp/pico/pico-sdk/src/rp2_common/hardware_timer/timer.c.obj
 .rodata.ph_get_node.str1.4
                0x100049dd       0x8c CMakeFiles/motor.dir/Users/seankzw/Desktop/SIT/year_2/y2t1/inf2004-esp/pico/pico-sdk/src/common/pico_util/pheap.c.obj
 .rodata.ph_add_child_node.str1.4
                0x100049dd       0x2e CMakeFiles/motor.dir/Users/seankzw/Desktop/SIT/year_2/y2t1/inf2004-esp/pico/pico-sdk/src/common/pico_util/pheap.c.obj
 *fill*         0x100049dd        0x3 
 .rodata.ph_remove_any_head.str1.4
                0x100049e0       0xb4 CMakeFiles/motor.dir/Users/seankzw/Desktop/SIT/year_2/y2t1/inf2004-esp/pico/pico-sdk/src/common/pico_util/pheap.c.obj
                                 0xc8 (size before relaxing)
 .rodata.ph_remove_and_free_node.str1.4
                0x10004a94       0x1e CMakeFiles/motor.dir/Users/seankzw/Desktop/SIT/year_2/y2t1/inf2004-esp/pico/pico-sdk/src/common/pico_util/pheap.c.obj
                                 0x26 (size before relaxing)
 *fill*         0x10004ab2        0x2 
 .rodata.__func__.0
                0x10004ab4       0x18 CMakeFiles/motor.dir/Users/seankzw/Desktop/SIT/year_2/y2t1/inf2004-esp/pico/pico-sdk/src/common/pico_util/pheap.c.obj
 .rodata.__func__.1
                0x10004acc       0x13 CMakeFiles/motor.dir/Users/seankzw/Desktop/SIT/year_2/y2t1/inf2004-esp/pico/pico-sdk/src/common/pico_util/pheap.c.obj
 *fill*         0x10004adf        0x1 
 .rodata.__func__.2
                0x10004ae0       0x12 CMakeFiles/motor.dir/Users/seankzw/Desktop/SIT/year_2/y2t1/inf2004-esp/pico/pico-sdk/src/common/pico_util/pheap.c.obj
 *fill*         0x10004af2        0x2 
 .rodata.__func__.3
                0x10004af4        0xc CMakeFiles/motor.dir/Users/seankzw/Desktop/SIT/year_2/y2t1/inf2004-esp/pico/pico-sdk/src/common/pico_util/pheap.c.obj
 .rodata.clock_configure.str1.4
                0x10004b00       0x7d CMakeFiles/motor.dir/Users/seankzw/Desktop/SIT/year_2/y2t1/inf2004-esp/pico/pico-sdk/src/rp2_common/hardware_clocks/clocks.c.obj
 *fill*         0x10004b7d        0x3 
 .rodata.__func__.1
                0x10004b80       0x10 CMakeFiles/motor.dir/Users/seankzw/Desktop/SIT/year_2/y2t1/inf2004-esp/pico/pico-sdk/src/rp2_common/hardware_clocks/clocks.c.obj
 .rodata.pll_init.str1.4
                0x10004b90      0x148 CMakeFiles/motor.dir/Users/seankzw/Desktop/SIT/year_2/y2t1/inf2004-esp/pico/pico-sdk/src/rp2_common/hardware_pll/pll.c.obj
 .rodata.__func__.0
                0x10004cd8        0x9 CMakeFiles/motor.dir/Users/seankzw/Desktop/SIT/year_2/y2t1/inf2004-esp/pico/pico-sdk/src/rp2_common/hardware_pll/pll.c.obj
 *fill*         0x10004ce1        0x3 
 .rodata.__assert_func.str1.4
                0x10004ce4       0x3f CMakeFiles/motor.dir/Users/seankzw/Desktop/SIT/year_2/y2t1/inf2004-esp/pico/pico-sdk/src/rp2_common/pico_runtime/runtime.c.obj
                                 0x43 (size before relaxing)
 *fill*         0x10004d23        0x1 
 .rodata.runtime_init.str1.4
                0x10004d24       0x87 CMakeFiles/motor.dir/Users/seankzw/Desktop/SIT/year_2/y2t1/inf2004-esp/pico/pico-sdk/src/rp2_common/pico_runtime/runtime.c.obj
 *fill*         0x10004dab        0x1 
 .rodata.panic.str1.4
                0x10004dac       0x10 CMakeFiles/motor.dir/Users/seankzw/Desktop/SIT/year_2/y2t1/inf2004-esp/pico/pico-sdk/src/rp2_common/pico_runtime/runtime.c.obj
                                 0x12 (size before relaxing)
 .rodata.__func__.2
                0x10004dbc        0xd CMakeFiles/motor.dir/Users/seankzw/Desktop/SIT/year_2/y2t1/inf2004-esp/pico/pico-sdk/src/rp2_common/pico_runtime/runtime.c.obj
 *fill*         0x10004dc9        0x3 
 .rodata._ftoa.str1.4
                0x10004dcc       0x15 CMakeFiles/motor.dir/Users/seankzw/Desktop/SIT/year_2/y2t1/inf2004-esp/pico/pico-sdk/src/rp2_common/pico_printf/printf.c.obj
 *fill*         0x10004de1        0x3 
 .rodata._vsnprintf
                0x10004de4      0x19c CMakeFiles/motor.dir/Users/seankzw/Desktop/SIT/year_2/y2t1/inf2004-esp/pico/pico-sdk/src/rp2_common/pico_printf/printf.c.obj
 .rodata.pow10.0
                0x10004f80       0x50 CMakeFiles/motor.dir/Users/seankzw/Desktop/SIT/year_2/y2t1/inf2004-esp/pico/pico-sdk/src/rp2_common/pico_printf/printf.c.obj
 .rodata.missing_double_func_shim.str1.4
                0x10004fd0       0x18 CMakeFiles/motor.dir/Users/seankzw/Desktop/SIT/year_2/y2t1/inf2004-esp/pico/pico-sdk/src/rp2_common/pico_double/double_init_rom.c.obj
 .rodata.__aeabi_double_init.str1.4
                0x10004fe8       0xc2 CMakeFiles/motor.dir/Users/seankzw/Desktop/SIT/year_2/y2t1/inf2004-esp/pico/pico-sdk/src/rp2_common/pico_double/double_init_rom.c.obj
 *fill*         0x100050aa        0x2 
 .rodata.__func__.0
                0x100050ac       0x14 CMakeFiles/motor.dir/Users/seankzw/Desktop/SIT/year_2/y2t1/inf2004-esp/pico/pico-sdk/src/rp2_common/pico_double/double_init_rom.c.obj
 .rodata.missing_float_func_shim.str1.4
                0x100050c0        0x1 CMakeFiles/motor.dir/Users/seankzw/Desktop/SIT/year_2/y2t1/inf2004-esp/pico/pico-sdk/src/rp2_common/pico_float/float_init_rom.c.obj
 .rodata.__aeabi_float_init.str1.4
                0x100050c0       0xa0 CMakeFiles/motor.dir/Users/seankzw/Desktop/SIT/year_2/y2t1/inf2004-esp/pico/pico-sdk/src/rp2_common/pico_float/float_init_rom.c.obj
 .rodata.__func__.0
                0x10005160       0x13 CMakeFiles/motor.dir/Users/seankzw/Desktop/SIT/year_2/y2t1/inf2004-esp/pico/pico-sdk/src/rp2_common/pico_float/float_init_rom.c.obj
 *fill*         0x10005173        0x1 
 .rodata.str1.4
                0x10005174       0x7c CMakeFiles/motor.dir/Users/seankzw/Desktop/SIT/year_2/y2t1/inf2004-esp/pico/pico-sdk/src/rp2_common/pico_standard_link/binary_info.c.obj
 .rodata.__bi_81
                0x100051f0        0xc CMakeFiles/motor.dir/Users/seankzw/Desktop/SIT/year_2/y2t1/inf2004-esp/pico/pico-sdk/src/rp2_common/pico_standard_link/binary_info.c.obj
 .rodata.__bi_75
                0x100051fc        0xc CMakeFiles/motor.dir/Users/seankzw/Desktop/SIT/year_2/y2t1/inf2004-esp/pico/pico-sdk/src/rp2_common/pico_standard_link/binary_info.c.obj
 .rodata.__bi_69
                0x10005208        0xc CMakeFiles/motor.dir/Users/seankzw/Desktop/SIT/year_2/y2t1/inf2004-esp/pico/pico-sdk/src/rp2_common/pico_standard_link/binary_info.c.obj
 .rodata.__bi_44
                0x10005214        0xc CMakeFiles/motor.dir/Users/seankzw/Desktop/SIT/year_2/y2t1/inf2004-esp/pico/pico-sdk/src/rp2_common/pico_standard_link/binary_info.c.obj
 .rodata.update_us_since_boot.str1.4
                0x10005220       0x87 CMakeFiles/motor.dir/Users/seankzw/Desktop/SIT/year_2/y2t1/inf2004-esp/pico/pico-sdk/src/rp2_common/pico_stdio/stdio.c.obj
 .rodata.crlf_str.2
                0x10005220        0x2 CMakeFiles/motor.dir/Users/seankzw/Desktop/SIT/year_2/y2t1/inf2004-esp/pico/pico-sdk/src/rp2_common/pico_stdio/stdio.c.obj
 *fill*         0x10005222        0x2 
 .rodata.__func__.3
                0x10005224       0x15 CMakeFiles/motor.dir/Users/seankzw/Desktop/SIT/year_2/y2t1/inf2004-esp/pico/pico-sdk/src/rp2_common/pico_stdio/stdio.c.obj
 *fill*         0x10005239        0x3 
 .rodata.str1.4
                0x1000523c       0x2c CMakeFiles/motor.dir/Users/seankzw/Desktop/SIT/year_2/y2t1/inf2004-esp/pico/pico-sdk/src/rp2_common/pico_stdio_uart/stdio_uart.c.obj
 .rodata.__bi_33.4
                0x10005268        0xc CMakeFiles/motor.dir/Users/seankzw/Desktop/SIT/year_2/y2t1/inf2004-esp/pico/pico-sdk/src/rp2_common/pico_stdio_uart/stdio_uart.c.obj
 .rodata.__bi_34.5
                0x10005274        0x8 CMakeFiles/motor.dir/Users/seankzw/Desktop/SIT/year_2/y2t1/inf2004-esp/pico/pico-sdk/src/rp2_common/pico_stdio_uart/stdio_uart.c.obj
                0x1000527c                        . = ALIGN (0x4)
 *(SORT_BY_ALIGNMENT(SORT_BY_NAME(.flashdata*)))
                0x1000527c                        . = ALIGN (0x4)

.ARM.extab
 *(.ARM.extab* .gnu.linkonce.armextab.*)
                0x1000527c                        __exidx_start = .

.ARM.exidx
 *(.ARM.exidx* .gnu.linkonce.armexidx.*)
                0x1000527c                        __exidx_end = .
                0x1000527c                        . = ALIGN (0x4)
                0x1000527c                        __binary_info_start = .

.binary_info    0x1000527c       0x28
 *(.binary_info.keep.*)
 .binary_info.keep.__bi_ptr81
                0x1000527c        0x4 CMakeFiles/motor.dir/Users/seankzw/Desktop/SIT/year_2/y2t1/inf2004-esp/pico/pico-sdk/src/rp2_common/pico_standard_link/binary_info.c.obj
 .binary_info.keep.__bi_ptr75
                0x10005280        0x4 CMakeFiles/motor.dir/Users/seankzw/Desktop/SIT/year_2/y2t1/inf2004-esp/pico/pico-sdk/src/rp2_common/pico_standard_link/binary_info.c.obj
 .binary_info.keep.__bi_ptr69
                0x10005284        0x4 CMakeFiles/motor.dir/Users/seankzw/Desktop/SIT/year_2/y2t1/inf2004-esp/pico/pico-sdk/src/rp2_common/pico_standard_link/binary_info.c.obj
 .binary_info.keep.__bi_ptr50
                0x10005288        0x4 CMakeFiles/motor.dir/Users/seankzw/Desktop/SIT/year_2/y2t1/inf2004-esp/pico/pico-sdk/src/rp2_common/pico_standard_link/binary_info.c.obj
 .binary_info.keep.__bi_ptr44
                0x1000528c        0x4 CMakeFiles/motor.dir/Users/seankzw/Desktop/SIT/year_2/y2t1/inf2004-esp/pico/pico-sdk/src/rp2_common/pico_standard_link/binary_info.c.obj
 .binary_info.keep.__bi_ptr38
                0x10005290        0x4 CMakeFiles/motor.dir/Users/seankzw/Desktop/SIT/year_2/y2t1/inf2004-esp/pico/pico-sdk/src/rp2_common/pico_standard_link/binary_info.c.obj
 .binary_info.keep.__bi_ptr30
                0x10005294        0x4 CMakeFiles/motor.dir/Users/seankzw/Desktop/SIT/year_2/y2t1/inf2004-esp/pico/pico-sdk/src/rp2_common/pico_standard_link/binary_info.c.obj
 .binary_info.keep.__bi_ptr22
                0x10005298        0x4 CMakeFiles/motor.dir/Users/seankzw/Desktop/SIT/year_2/y2t1/inf2004-esp/pico/pico-sdk/src/rp2_common/pico_standard_link/binary_info.c.obj
 *(.binary_info.*)
 .binary_info.__bi_ptr34
                0x1000529c        0x4 CMakeFiles/motor.dir/Users/seankzw/Desktop/SIT/year_2/y2t1/inf2004-esp/pico/pico-sdk/src/rp2_common/pico_stdio_uart/stdio_uart.c.obj
 .binary_info.__bi_ptr33
                0x100052a0        0x4 CMakeFiles/motor.dir/Users/seankzw/Desktop/SIT/year_2/y2t1/inf2004-esp/pico/pico-sdk/src/rp2_common/pico_stdio_uart/stdio_uart.c.obj
                0x100052a4                        __binary_info_end = .

.rel.dyn        0x100052a4        0x0
 .rel.iplt      0x100052a4        0x0 /Applications/ArmGNUToolchain/12.3.rel1/arm-none-eabi/bin/../lib/gcc/arm-none-eabi/12.3.1/thumb/v6-m/nofp/crtbegin.o
                0x100052a4                        . = ALIGN (0x4)

.ram_vector_table
                0x20000000       0xc0
 *(.ram_vector_table)
 .ram_vector_table
                0x20000000       0xc0 CMakeFiles/motor.dir/Users/seankzw/Desktop/SIT/year_2/y2t1/inf2004-esp/pico/pico-sdk/src/rp2_common/pico_runtime/runtime.c.obj
                0x20000000                ram_vector_table

.data           0x200000c0      0x254 load address 0x100052a4
                0x200000c0                        __data_start__ = .
 *(vtable)
 *(.time_critical*)
 .time_critical.mutex_try_enter
                0x200000c0       0x46 CMakeFiles/motor.dir/Users/seankzw/Desktop/SIT/year_2/y2t1/inf2004-esp/pico/pico-sdk/src/common/pico_sync/mutex.c.obj
                0x200000c0                mutex_try_enter
 *fill*         0x20000106        0x2 
 .time_critical.mutex_enter_block_until
                0x20000108       0x8c CMakeFiles/motor.dir/Users/seankzw/Desktop/SIT/year_2/y2t1/inf2004-esp/pico/pico-sdk/src/common/pico_sync/mutex.c.obj
                0x20000108                mutex_enter_block_until
 .time_critical.mutex_try_enter_block_until
                0x20000194       0x34 CMakeFiles/motor.dir/Users/seankzw/Desktop/SIT/year_2/y2t1/inf2004-esp/pico/pico-sdk/src/common/pico_sync/mutex.c.obj
                0x20000194                mutex_try_enter_block_until
 .time_critical.mutex_exit
                0x200001c8       0x4c CMakeFiles/motor.dir/Users/seankzw/Desktop/SIT/year_2/y2t1/inf2004-esp/pico/pico-sdk/src/common/pico_sync/mutex.c.obj
                0x200001c8                mutex_exit
 *(.text*)
 .text          0x20000214        0x4 /Applications/ArmGNUToolchain/12.3.rel1/arm-none-eabi/bin/../lib/gcc/arm-none-eabi/12.3.1/thumb/v6-m/nofp/libgcc.a(_dvmd_tls.o)
                0x20000214                __aeabi_ldiv0
                0x20000214                __aeabi_idiv0
 .text.__stub   0x20000218       0x20 linker stubs
                0x20000238                        . = ALIGN (0x4)
 *(.rodata*)
                0x20000238                        . = ALIGN (0x4)
 *(.data*)
 .data.Kd       0x20000238        0x4 CMakeFiles/motor.dir/motor.c.obj
                0x20000238                Kd
 .data.Ki       0x2000023c        0x4 CMakeFiles/motor.dir/motor.c.obj
                0x2000023c                Ki
 .data.Kp       0x20000240        0x4 CMakeFiles/motor.dir/motor.c.obj
                0x20000240                Kp
 .data.striped_spin_lock_num
                0x20000244        0x1 CMakeFiles/motor.dir/Users/seankzw/Desktop/SIT/year_2/y2t1/inf2004-esp/pico/pico-sdk/src/rp2_common/hardware_sync/sync.c.obj
 *fill*         0x20000245        0x3 
 .data          0x20000248       0x48 CMakeFiles/motor.dir/Users/seankzw/Desktop/SIT/year_2/y2t1/inf2004-esp/pico/pico-sdk/src/rp2_common/hardware_irq/irq_handler_chain.S.obj
                0x20000248                irq_handler_chain_slots
                0x20000278                irq_handler_chain_first_slot
                0x20000282                irq_handler_chain_remove_tail
 .data.default_alarm_pool
                0x20000290       0x18 CMakeFiles/motor.dir/Users/seankzw/Desktop/SIT/year_2/y2t1/inf2004-esp/pico/pico-sdk/src/common/pico_time/time.c.obj
 .data.default_alarm_pool_heap
                0x200002a8       0x10 CMakeFiles/motor.dir/Users/seankzw/Desktop/SIT/year_2/y2t1/inf2004-esp/pico/pico-sdk/src/common/pico_time/time.c.obj
 *fill*         0x200002b8        0x8 
 .data.aeabi_bits_funcs
                0x200002c0       0x10 CMakeFiles/motor.dir/Users/seankzw/Desktop/SIT/year_2/y2t1/inf2004-esp/pico/pico-sdk/src/rp2_common/pico_bit_ops/bit_ops_aeabi.S.obj
                0x200002c0                aeabi_bits_funcs
                0x200002d0                aeabi_bits_funcs_end
 .data.aeabi_mem_funcs
                0x200002d0       0x10 CMakeFiles/motor.dir/Users/seankzw/Desktop/SIT/year_2/y2t1/inf2004-esp/pico/pico-sdk/src/rp2_common/pico_mem_ops/mem_ops_aeabi.S.obj
                0x200002d0                aeabi_mem_funcs
                0x200002e0                aeabi_mem_funcs_end
 .data.stdio_uart
                0x200002e0       0x18 CMakeFiles/motor.dir/Users/seankzw/Desktop/SIT/year_2/y2t1/inf2004-esp/pico/pico-sdk/src/rp2_common/pico_stdio_uart/stdio_uart.c.obj
                0x200002e0                stdio_uart
                0x200002f8                        . = ALIGN (0x4)
 *(.after_data.*)
                0x200002f8                        . = ALIGN (0x4)
                0x200002f8                        PROVIDE (__mutex_array_start = .)
 *(SORT_BY_NAME(.mutex_array.*))
 *(.mutex_array)
 .mutex_array   0x200002f8        0x8 CMakeFiles/motor.dir/Users/seankzw/Desktop/SIT/year_2/y2t1/inf2004-esp/pico/pico-sdk/src/rp2_common/pico_stdio/stdio.c.obj
                0x20000300                        PROVIDE (__mutex_array_end = .)
                0x20000300                        . = ALIGN (0x4)
                0x20000300                        PROVIDE (__preinit_array_start = .)
 *(SORT_BY_NAME(.preinit_array.*))
 .preinit_array.00001
                0x20000300        0x4 CMakeFiles/motor.dir/Users/seankzw/Desktop/SIT/year_2/y2t1/inf2004-esp/pico/pico-sdk/src/rp2_common/pico_mem_ops/mem_ops_aeabi.S.obj
 .preinit_array.00010
                0x20000304        0x4 CMakeFiles/motor.dir/Users/seankzw/Desktop/SIT/year_2/y2t1/inf2004-esp/pico/pico-sdk/src/rp2_common/pico_bit_ops/bit_ops_aeabi.S.obj
 .preinit_array.00020
                0x20000308        0x4 CMakeFiles/motor.dir/Users/seankzw/Desktop/SIT/year_2/y2t1/inf2004-esp/pico/pico-sdk/src/rp2_common/pico_double/double_aeabi.S.obj
 .preinit_array.00020
                0x2000030c        0x4 CMakeFiles/motor.dir/Users/seankzw/Desktop/SIT/year_2/y2t1/inf2004-esp/pico/pico-sdk/src/rp2_common/pico_float/float_aeabi.S.obj
 *(.preinit_array)
                0x20000310                        PROVIDE (__preinit_array_end = .)
                0x20000310                        . = ALIGN (0x4)
                0x20000310                        PROVIDE (__init_array_start = .)
 *(SORT_BY_NAME(.init_array.*))
 *(.init_array)
 .init_array    0x20000310        0x4 /Applications/ArmGNUToolchain/12.3.rel1/arm-none-eabi/bin/../lib/gcc/arm-none-eabi/12.3.1/thumb/v6-m/nofp/crtbegin.o
                0x20000314                        PROVIDE (__init_array_end = .)
                0x20000314                        . = ALIGN (0x4)
                [!provide]                        PROVIDE (__fini_array_start = .)
 *(SORT_BY_NAME(.fini_array.*))
 *(.fini_array)
                [!provide]                        PROVIDE (__fini_array_end = .)
 *(.jcr)
                0x20000314                        . = ALIGN (0x4)
                0x20000314                        __data_end__ = .
                0x100052a4                        __etext = LOADADDR (.data)

.tm_clone_table
                0x20000314        0x0 load address 0x100054f8
 .tm_clone_table
                0x20000314        0x0 /Applications/ArmGNUToolchain/12.3.rel1/arm-none-eabi/bin/../lib/gcc/arm-none-eabi/12.3.1/thumb/v6-m/nofp/crtbegin.o
 .tm_clone_table
                0x20000314        0x0 /Applications/ArmGNUToolchain/12.3.rel1/arm-none-eabi/bin/../lib/gcc/arm-none-eabi/12.3.1/thumb/v6-m/nofp/crtend.o

.igot.plt       0x20000314        0x0 load address 0x100054f8
 .igot.plt      0x20000314        0x0 /Applications/ArmGNUToolchain/12.3.rel1/arm-none-eabi/bin/../lib/gcc/arm-none-eabi/12.3.1/thumb/v6-m/nofp/crtbegin.o

.uninitialized_data
                0x20000314        0x0 load address 0x100054f8
                0x20000314                        . = ALIGN (0x4)
 *(.uninitialized_data*)

.scratch_x      0x20040000        0x0 load address 0x100054f8
                0x20040000                        __scratch_x_start__ = .
 *(.scratch_x.*)
                0x20040000                        . = ALIGN (0x4)
                0x20040000                        __scratch_x_end__ = .
                0x100054f8                        __scratch_x_source__ = LOADADDR (.scratch_x)

.scratch_y      0x20041000        0x0 load address 0x100054f8
                0x20041000                        __scratch_y_start__ = .
 *(.scratch_y.*)
                0x20041000                        . = ALIGN (0x4)
                0x20041000                        __scratch_y_end__ = .
                0x100054f8                        __scratch_y_source__ = LOADADDR (.scratch_y)

.bss            0x20000318      0x3d4
                0x20000318                        . = ALIGN (0x4)
                0x20000318                        __bss_start__ = .
 *(SORT_BY_ALIGNMENT(SORT_BY_NAME(.bss*)))
 .bss.default_alarm_pool_entries
                0x20000318      0x100 CMakeFiles/motor.dir/Users/seankzw/Desktop/SIT/year_2/y2t1/inf2004-esp/pico/pico-sdk/src/common/pico_time/time.c.obj
 .bss.alarm_callbacks
                0x20000418       0x10 CMakeFiles/motor.dir/Users/seankzw/Desktop/SIT/year_2/y2t1/inf2004-esp/pico/pico-sdk/src/rp2_common/hardware_timer/timer.c.obj
 .bss.chars_available_callback
                0x20000428        0x4 CMakeFiles/motor.dir/Users/seankzw/Desktop/SIT/year_2/y2t1/inf2004-esp/pico/pico-sdk/src/rp2_common/pico_stdio_uart/stdio_uart.c.obj
 .bss.chars_available_param
                0x2000042c        0x4 CMakeFiles/motor.dir/Users/seankzw/Desktop/SIT/year_2/y2t1/inf2004-esp/pico/pico-sdk/src/rp2_common/pico_stdio_uart/stdio_uart.c.obj
 .bss.configured_freq
                0x20000430       0x28 CMakeFiles/motor.dir/Users/seankzw/Desktop/SIT/year_2/y2t1/inf2004-esp/pico/pico-sdk/src/rp2_common/hardware_clocks/clocks.c.obj
 .bss.default_alarm_pool_entry_ids_high
                0x20000458       0x10 CMakeFiles/motor.dir/Users/seankzw/Desktop/SIT/year_2/y2t1/inf2004-esp/pico/pico-sdk/src/common/pico_time/time.c.obj
 .bss.default_alarm_pool_heap_nodes
                0x20000468       0x30 CMakeFiles/motor.dir/Users/seankzw/Desktop/SIT/year_2/y2t1/inf2004-esp/pico/pico-sdk/src/common/pico_time/time.c.obj
 .bss.drivers   0x20000498        0x4 CMakeFiles/motor.dir/Users/seankzw/Desktop/SIT/year_2/y2t1/inf2004-esp/pico/pico-sdk/src/rp2_common/pico_stdio/stdio.c.obj
 .bss.filter    0x2000049c        0x4 CMakeFiles/motor.dir/Users/seankzw/Desktop/SIT/year_2/y2t1/inf2004-esp/pico/pico-sdk/src/rp2_common/pico_stdio/stdio.c.obj
 .bss.object.0  0x200004a0       0x18 /Applications/ArmGNUToolchain/12.3.rel1/arm-none-eabi/bin/../lib/gcc/arm-none-eabi/12.3.1/thumb/v6-m/nofp/crtbegin.o
 .bss.pools     0x200004b8       0x10 CMakeFiles/motor.dir/Users/seankzw/Desktop/SIT/year_2/y2t1/inf2004-esp/pico/pico-sdk/src/common/pico_time/time.c.obj
 .bss.sd_table  0x200004c8      0x100 CMakeFiles/motor.dir/Users/seankzw/Desktop/SIT/year_2/y2t1/inf2004-esp/pico/pico-sdk/src/rp2_common/pico_double/double_init_rom.c.obj
                0x200004c8                sd_table
 .bss.sf_clz_func
                0x200005c8        0x4 CMakeFiles/motor.dir/Users/seankzw/Desktop/SIT/year_2/y2t1/inf2004-esp/pico/pico-sdk/src/rp2_common/pico_double/double_init_rom.c.obj
                0x200005c8                sf_clz_func
 .bss.sf_table  0x200005cc      0x100 CMakeFiles/motor.dir/Users/seankzw/Desktop/SIT/year_2/y2t1/inf2004-esp/pico/pico-sdk/src/rp2_common/pico_float/float_init_rom.c.obj
                0x200005cc                sf_table
 .bss.sleep_notifier
                0x200006cc        0x4 CMakeFiles/motor.dir/Users/seankzw/Desktop/SIT/year_2/y2t1/inf2004-esp/pico/pico-sdk/src/common/pico_time/time.c.obj
 .bss.target_hi
                0x200006d0       0x10 CMakeFiles/motor.dir/Users/seankzw/Desktop/SIT/year_2/y2t1/inf2004-esp/pico/pico-sdk/src/rp2_common/hardware_timer/timer.c.obj
 .bss.uart_char_to_line_feed
                0x200006e0        0x4 CMakeFiles/motor.dir/Users/seankzw/Desktop/SIT/year_2/y2t1/inf2004-esp/pico/pico-sdk/src/rp2_common/hardware_uart/uart.c.obj
                0x200006e0                uart_char_to_line_feed
 .bss.uart_instance
                0x200006e4        0x4 CMakeFiles/motor.dir/Users/seankzw/Desktop/SIT/year_2/y2t1/inf2004-esp/pico/pico-sdk/src/rp2_common/pico_stdio_uart/stdio_uart.c.obj
 .bss.claimed   0x200006e8        0x1 CMakeFiles/motor.dir/Users/seankzw/Desktop/SIT/year_2/y2t1/inf2004-esp/pico/pico-sdk/src/rp2_common/hardware_timer/timer.c.obj
 .bss.irq_hander_chain_free_slot_head
                0x200006e9        0x1 CMakeFiles/motor.dir/Users/seankzw/Desktop/SIT/year_2/y2t1/inf2004-esp/pico/pico-sdk/src/rp2_common/hardware_irq/irq.c.obj
 .bss.timer_callbacks_pending
                0x200006ea        0x1 CMakeFiles/motor.dir/Users/seankzw/Desktop/SIT/year_2/y2t1/inf2004-esp/pico/pico-sdk/src/rp2_common/hardware_timer/timer.c.obj
 *(COMMON)
                0x200006ec                        . = ALIGN (0x4)
 *fill*         0x200006eb        0x1 
                0x200006ec                        __bss_end__ = .

.heap           0x200006ec      0x800
                0x200006ec                        __end__ = .
                0x200006ec                        end = __end__
 *(.heap*)
 .heap          0x200006ec      0x800 CMakeFiles/motor.dir/Users/seankzw/Desktop/SIT/year_2/y2t1/inf2004-esp/pico/pico-sdk/src/rp2_common/pico_standard_link/crt0.S.obj
                0x20000eec                        __HeapLimit = .

.stack1_dummy
 *(.stack1*)

.stack_dummy    0x20041000      0x800
 *(.stack*)
 .stack         0x20041000      0x800 CMakeFiles/motor.dir/Users/seankzw/Desktop/SIT/year_2/y2t1/inf2004-esp/pico/pico-sdk/src/rp2_common/pico_standard_link/crt0.S.obj

.flash_end      0x100054f8        0x0
                0x100054f8                        PROVIDE (__flash_binary_end = .)
                0x20040000                        __StackLimit = (ORIGIN (RAM) + LENGTH (RAM))
                0x20041000                        __StackOneTop = (ORIGIN (SCRATCH_X) + LENGTH (SCRATCH_X))
                0x20042000                        __StackTop = (ORIGIN (SCRATCH_Y) + LENGTH (SCRATCH_Y))
                0x20041000                        __StackOneBottom = (__StackOneTop - SIZEOF (.stack1_dummy))
                0x20041800                        __StackBottom = (__StackTop - SIZEOF (.stack_dummy))
                0x20042000                        PROVIDE (__stack = __StackTop)
                0x00000001                        ASSERT ((__StackLimit >= __HeapLimit), region RAM overflowed)
                0x00000001                        ASSERT (((__binary_info_header_end - __logical_binary_start) <= 0x100), Binary info must be in first 256 bytes of the binary)
LOAD CMakeFiles/motor.dir/motor.c.obj
LOAD CMakeFiles/motor.dir/Users/seankzw/Desktop/SIT/year_2/y2t1/inf2004-esp/pico/pico-sdk/src/rp2_common/pico_stdlib/stdlib.c.obj
LOAD CMakeFiles/motor.dir/Users/seankzw/Desktop/SIT/year_2/y2t1/inf2004-esp/pico/pico-sdk/src/rp2_common/hardware_gpio/gpio.c.obj
LOAD CMakeFiles/motor.dir/Users/seankzw/Desktop/SIT/year_2/y2t1/inf2004-esp/pico/pico-sdk/src/rp2_common/pico_platform/platform.c.obj
LOAD CMakeFiles/motor.dir/Users/seankzw/Desktop/SIT/year_2/y2t1/inf2004-esp/pico/pico-sdk/src/rp2_common/hardware_claim/claim.c.obj
LOAD CMakeFiles/motor.dir/Users/seankzw/Desktop/SIT/year_2/y2t1/inf2004-esp/pico/pico-sdk/src/rp2_common/hardware_sync/sync.c.obj
LOAD CMakeFiles/motor.dir/Users/seankzw/Desktop/SIT/year_2/y2t1/inf2004-esp/pico/pico-sdk/src/rp2_common/hardware_irq/irq.c.obj
LOAD CMakeFiles/motor.dir/Users/seankzw/Desktop/SIT/year_2/y2t1/inf2004-esp/pico/pico-sdk/src/rp2_common/hardware_irq/irq_handler_chain.S.obj
LOAD CMakeFiles/motor.dir/Users/seankzw/Desktop/SIT/year_2/y2t1/inf2004-esp/pico/pico-sdk/src/common/pico_sync/sem.c.obj
LOAD CMakeFiles/motor.dir/Users/seankzw/Desktop/SIT/year_2/y2t1/inf2004-esp/pico/pico-sdk/src/common/pico_sync/lock_core.c.obj
LOAD CMakeFiles/motor.dir/Users/seankzw/Desktop/SIT/year_2/y2t1/inf2004-esp/pico/pico-sdk/src/common/pico_sync/mutex.c.obj
LOAD CMakeFiles/motor.dir/Users/seankzw/Desktop/SIT/year_2/y2t1/inf2004-esp/pico/pico-sdk/src/common/pico_sync/critical_section.c.obj
LOAD CMakeFiles/motor.dir/Users/seankzw/Desktop/SIT/year_2/y2t1/inf2004-esp/pico/pico-sdk/src/common/pico_time/time.c.obj
LOAD CMakeFiles/motor.dir/Users/seankzw/Desktop/SIT/year_2/y2t1/inf2004-esp/pico/pico-sdk/src/common/pico_time/timeout_helper.c.obj
LOAD CMakeFiles/motor.dir/Users/seankzw/Desktop/SIT/year_2/y2t1/inf2004-esp/pico/pico-sdk/src/rp2_common/hardware_timer/timer.c.obj
LOAD CMakeFiles/motor.dir/Users/seankzw/Desktop/SIT/year_2/y2t1/inf2004-esp/pico/pico-sdk/src/common/pico_util/datetime.c.obj
LOAD CMakeFiles/motor.dir/Users/seankzw/Desktop/SIT/year_2/y2t1/inf2004-esp/pico/pico-sdk/src/common/pico_util/pheap.c.obj
LOAD CMakeFiles/motor.dir/Users/seankzw/Desktop/SIT/year_2/y2t1/inf2004-esp/pico/pico-sdk/src/common/pico_util/queue.c.obj
LOAD CMakeFiles/motor.dir/Users/seankzw/Desktop/SIT/year_2/y2t1/inf2004-esp/pico/pico-sdk/src/rp2_common/hardware_uart/uart.c.obj
LOAD CMakeFiles/motor.dir/Users/seankzw/Desktop/SIT/year_2/y2t1/inf2004-esp/pico/pico-sdk/src/rp2_common/hardware_clocks/clocks.c.obj
LOAD CMakeFiles/motor.dir/Users/seankzw/Desktop/SIT/year_2/y2t1/inf2004-esp/pico/pico-sdk/src/rp2_common/hardware_pll/pll.c.obj
LOAD CMakeFiles/motor.dir/Users/seankzw/Desktop/SIT/year_2/y2t1/inf2004-esp/pico/pico-sdk/src/rp2_common/hardware_vreg/vreg.c.obj
LOAD CMakeFiles/motor.dir/Users/seankzw/Desktop/SIT/year_2/y2t1/inf2004-esp/pico/pico-sdk/src/rp2_common/hardware_watchdog/watchdog.c.obj
LOAD CMakeFiles/motor.dir/Users/seankzw/Desktop/SIT/year_2/y2t1/inf2004-esp/pico/pico-sdk/src/rp2_common/hardware_xosc/xosc.c.obj
LOAD CMakeFiles/motor.dir/Users/seankzw/Desktop/SIT/year_2/y2t1/inf2004-esp/pico/pico-sdk/src/rp2_common/hardware_divider/divider.S.obj
LOAD CMakeFiles/motor.dir/Users/seankzw/Desktop/SIT/year_2/y2t1/inf2004-esp/pico/pico-sdk/src/rp2_common/pico_runtime/runtime.c.obj
LOAD CMakeFiles/motor.dir/Users/seankzw/Desktop/SIT/year_2/y2t1/inf2004-esp/pico/pico-sdk/src/rp2_common/pico_printf/printf.c.obj
LOAD CMakeFiles/motor.dir/Users/seankzw/Desktop/SIT/year_2/y2t1/inf2004-esp/pico/pico-sdk/src/rp2_common/pico_bit_ops/bit_ops_aeabi.S.obj
LOAD CMakeFiles/motor.dir/Users/seankzw/Desktop/SIT/year_2/y2t1/inf2004-esp/pico/pico-sdk/src/rp2_common/pico_bootrom/bootrom.c.obj
LOAD CMakeFiles/motor.dir/Users/seankzw/Desktop/SIT/year_2/y2t1/inf2004-esp/pico/pico-sdk/src/rp2_common/pico_divider/divider.S.obj
LOAD CMakeFiles/motor.dir/Users/seankzw/Desktop/SIT/year_2/y2t1/inf2004-esp/pico/pico-sdk/src/rp2_common/pico_double/double_aeabi.S.obj
LOAD CMakeFiles/motor.dir/Users/seankzw/Desktop/SIT/year_2/y2t1/inf2004-esp/pico/pico-sdk/src/rp2_common/pico_double/double_init_rom.c.obj
LOAD CMakeFiles/motor.dir/Users/seankzw/Desktop/SIT/year_2/y2t1/inf2004-esp/pico/pico-sdk/src/rp2_common/pico_double/double_math.c.obj
LOAD CMakeFiles/motor.dir/Users/seankzw/Desktop/SIT/year_2/y2t1/inf2004-esp/pico/pico-sdk/src/rp2_common/pico_double/double_v1_rom_shim.S.obj
LOAD CMakeFiles/motor.dir/Users/seankzw/Desktop/SIT/year_2/y2t1/inf2004-esp/pico/pico-sdk/src/rp2_common/pico_int64_ops/pico_int64_ops_aeabi.S.obj
LOAD CMakeFiles/motor.dir/Users/seankzw/Desktop/SIT/year_2/y2t1/inf2004-esp/pico/pico-sdk/src/rp2_common/pico_float/float_aeabi.S.obj
LOAD CMakeFiles/motor.dir/Users/seankzw/Desktop/SIT/year_2/y2t1/inf2004-esp/pico/pico-sdk/src/rp2_common/pico_float/float_init_rom.c.obj
LOAD CMakeFiles/motor.dir/Users/seankzw/Desktop/SIT/year_2/y2t1/inf2004-esp/pico/pico-sdk/src/rp2_common/pico_float/float_math.c.obj
LOAD CMakeFiles/motor.dir/Users/seankzw/Desktop/SIT/year_2/y2t1/inf2004-esp/pico/pico-sdk/src/rp2_common/pico_float/float_v1_rom_shim.S.obj
LOAD CMakeFiles/motor.dir/Users/seankzw/Desktop/SIT/year_2/y2t1/inf2004-esp/pico/pico-sdk/src/rp2_common/pico_malloc/pico_malloc.c.obj
LOAD CMakeFiles/motor.dir/Users/seankzw/Desktop/SIT/year_2/y2t1/inf2004-esp/pico/pico-sdk/src/rp2_common/pico_mem_ops/mem_ops_aeabi.S.obj
LOAD CMakeFiles/motor.dir/Users/seankzw/Desktop/SIT/year_2/y2t1/inf2004-esp/pico/pico-sdk/src/rp2_common/pico_standard_link/crt0.S.obj
LOAD CMakeFiles/motor.dir/Users/seankzw/Desktop/SIT/year_2/y2t1/inf2004-esp/pico/pico-sdk/src/rp2_common/pico_standard_link/new_delete.cpp.obj
LOAD CMakeFiles/motor.dir/Users/seankzw/Desktop/SIT/year_2/y2t1/inf2004-esp/pico/pico-sdk/src/rp2_common/pico_standard_link/binary_info.c.obj
LOAD CMakeFiles/motor.dir/Users/seankzw/Desktop/SIT/year_2/y2t1/inf2004-esp/pico/pico-sdk/src/rp2_common/pico_stdio/stdio.c.obj
LOAD CMakeFiles/motor.dir/Users/seankzw/Desktop/SIT/year_2/y2t1/inf2004-esp/pico/pico-sdk/src/rp2_common/pico_stdio_uart/stdio_uart.c.obj
LOAD /var/folders/sm/qp5kpslj4zq768j8dbr71ml80000gn/T//cchrEZye.o
LOAD /Applications/ArmGNUToolchain/12.3.rel1/arm-none-eabi/bin/../lib/gcc/arm-none-eabi/12.3.1/../../../../arm-none-eabi/lib/thumb/v6-m/nofp/libstdc++.a
LOAD /Applications/ArmGNUToolchain/12.3.rel1/arm-none-eabi/bin/../lib/gcc/arm-none-eabi/12.3.1/../../../../arm-none-eabi/lib/thumb/v6-m/nofp/libm.a
START GROUP
LOAD /Applications/ArmGNUToolchain/12.3.rel1/arm-none-eabi/bin/../lib/gcc/arm-none-eabi/12.3.1/thumb/v6-m/nofp/libgcc.a
LOAD /Applications/ArmGNUToolchain/12.3.rel1/arm-none-eabi/bin/../lib/gcc/arm-none-eabi/12.3.1/../../../../arm-none-eabi/lib/thumb/v6-m/nofp/libg.a
LOAD /Applications/ArmGNUToolchain/12.3.rel1/arm-none-eabi/bin/../lib/gcc/arm-none-eabi/12.3.1/../../../../arm-none-eabi/lib/thumb/v6-m/nofp/libc.a
END GROUP
START GROUP
LOAD /Applications/ArmGNUToolchain/12.3.rel1/arm-none-eabi/bin/../lib/gcc/arm-none-eabi/12.3.1/thumb/v6-m/nofp/libgcc.a
LOAD /Applications/ArmGNUToolchain/12.3.rel1/arm-none-eabi/bin/../lib/gcc/arm-none-eabi/12.3.1/../../../../arm-none-eabi/lib/thumb/v6-m/nofp/libc.a
LOAD /Applications/ArmGNUToolchain/12.3.rel1/arm-none-eabi/bin/../lib/gcc/arm-none-eabi/12.3.1/../../../../arm-none-eabi/lib/thumb/v6-m/nofp/libnosys.a
END GROUP
LOAD /Applications/ArmGNUToolchain/12.3.rel1/arm-none-eabi/bin/../lib/gcc/arm-none-eabi/12.3.1/thumb/v6-m/nofp/crtend.o
LOAD /Applications/ArmGNUToolchain/12.3.rel1/arm-none-eabi/bin/../lib/gcc/arm-none-eabi/12.3.1/thumb/v6-m/nofp/crtn.o
OUTPUT(motor.elf elf32-littlearm)
LOAD linker stubs

.ARM.attributes
                0x00000000       0x28
 .ARM.attributes
                0x00000000       0x1e /Applications/ArmGNUToolchain/12.3.rel1/arm-none-eabi/bin/../lib/gcc/arm-none-eabi/12.3.1/thumb/v6-m/nofp/crti.o
 .ARM.attributes
                0x0000001e       0x2c /Applications/ArmGNUToolchain/12.3.rel1/arm-none-eabi/bin/../lib/gcc/arm-none-eabi/12.3.1/thumb/v6-m/nofp/crtbegin.o
 .ARM.attributes
                0x0000004a       0x2c CMakeFiles/motor.dir/motor.c.obj
 .ARM.attributes
                0x00000076       0x2c CMakeFiles/motor.dir/Users/seankzw/Desktop/SIT/year_2/y2t1/inf2004-esp/pico/pico-sdk/src/rp2_common/hardware_gpio/gpio.c.obj
 .ARM.attributes
                0x000000a2       0x2c CMakeFiles/motor.dir/Users/seankzw/Desktop/SIT/year_2/y2t1/inf2004-esp/pico/pico-sdk/src/rp2_common/pico_platform/platform.c.obj
 .ARM.attributes
                0x000000ce       0x2c CMakeFiles/motor.dir/Users/seankzw/Desktop/SIT/year_2/y2t1/inf2004-esp/pico/pico-sdk/src/rp2_common/hardware_claim/claim.c.obj
 .ARM.attributes
                0x000000fa       0x2c CMakeFiles/motor.dir/Users/seankzw/Desktop/SIT/year_2/y2t1/inf2004-esp/pico/pico-sdk/src/rp2_common/hardware_sync/sync.c.obj
 .ARM.attributes
                0x00000126       0x2c CMakeFiles/motor.dir/Users/seankzw/Desktop/SIT/year_2/y2t1/inf2004-esp/pico/pico-sdk/src/rp2_common/hardware_irq/irq.c.obj
 .ARM.attributes
                0x00000152       0x22 CMakeFiles/motor.dir/Users/seankzw/Desktop/SIT/year_2/y2t1/inf2004-esp/pico/pico-sdk/src/rp2_common/hardware_irq/irq_handler_chain.S.obj
 .ARM.attributes
                0x00000174       0x2c CMakeFiles/motor.dir/Users/seankzw/Desktop/SIT/year_2/y2t1/inf2004-esp/pico/pico-sdk/src/common/pico_sync/lock_core.c.obj
 .ARM.attributes
                0x000001a0       0x2c CMakeFiles/motor.dir/Users/seankzw/Desktop/SIT/year_2/y2t1/inf2004-esp/pico/pico-sdk/src/common/pico_sync/mutex.c.obj
 .ARM.attributes
                0x000001cc       0x2c CMakeFiles/motor.dir/Users/seankzw/Desktop/SIT/year_2/y2t1/inf2004-esp/pico/pico-sdk/src/common/pico_time/time.c.obj
 .ARM.attributes
                0x000001f8       0x2c CMakeFiles/motor.dir/Users/seankzw/Desktop/SIT/year_2/y2t1/inf2004-esp/pico/pico-sdk/src/rp2_common/hardware_timer/timer.c.obj
 .ARM.attributes
                0x00000224       0x2c CMakeFiles/motor.dir/Users/seankzw/Desktop/SIT/year_2/y2t1/inf2004-esp/pico/pico-sdk/src/common/pico_util/pheap.c.obj
 .ARM.attributes
                0x00000250       0x2c CMakeFiles/motor.dir/Users/seankzw/Desktop/SIT/year_2/y2t1/inf2004-esp/pico/pico-sdk/src/rp2_common/hardware_uart/uart.c.obj
 .ARM.attributes
                0x0000027c       0x2c CMakeFiles/motor.dir/Users/seankzw/Desktop/SIT/year_2/y2t1/inf2004-esp/pico/pico-sdk/src/rp2_common/hardware_clocks/clocks.c.obj
 .ARM.attributes
                0x000002a8       0x2c CMakeFiles/motor.dir/Users/seankzw/Desktop/SIT/year_2/y2t1/inf2004-esp/pico/pico-sdk/src/rp2_common/hardware_pll/pll.c.obj
 .ARM.attributes
                0x000002d4       0x2c CMakeFiles/motor.dir/Users/seankzw/Desktop/SIT/year_2/y2t1/inf2004-esp/pico/pico-sdk/src/rp2_common/hardware_watchdog/watchdog.c.obj
 .ARM.attributes
                0x00000300       0x2c CMakeFiles/motor.dir/Users/seankzw/Desktop/SIT/year_2/y2t1/inf2004-esp/pico/pico-sdk/src/rp2_common/hardware_xosc/xosc.c.obj
 .ARM.attributes
                0x0000032c       0x2c CMakeFiles/motor.dir/Users/seankzw/Desktop/SIT/year_2/y2t1/inf2004-esp/pico/pico-sdk/src/rp2_common/pico_runtime/runtime.c.obj
 .ARM.attributes
                0x00000358       0x2c CMakeFiles/motor.dir/Users/seankzw/Desktop/SIT/year_2/y2t1/inf2004-esp/pico/pico-sdk/src/rp2_common/pico_printf/printf.c.obj
 .ARM.attributes
                0x00000384       0x22 CMakeFiles/motor.dir/Users/seankzw/Desktop/SIT/year_2/y2t1/inf2004-esp/pico/pico-sdk/src/rp2_common/pico_bit_ops/bit_ops_aeabi.S.obj
 .ARM.attributes
                0x000003a6       0x2c CMakeFiles/motor.dir/Users/seankzw/Desktop/SIT/year_2/y2t1/inf2004-esp/pico/pico-sdk/src/rp2_common/pico_bootrom/bootrom.c.obj
 .ARM.attributes
                0x000003d2       0x22 CMakeFiles/motor.dir/Users/seankzw/Desktop/SIT/year_2/y2t1/inf2004-esp/pico/pico-sdk/src/rp2_common/pico_divider/divider.S.obj
 .ARM.attributes
                0x000003f4       0x22 CMakeFiles/motor.dir/Users/seankzw/Desktop/SIT/year_2/y2t1/inf2004-esp/pico/pico-sdk/src/rp2_common/pico_double/double_aeabi.S.obj
 .ARM.attributes
                0x00000416       0x2c CMakeFiles/motor.dir/Users/seankzw/Desktop/SIT/year_2/y2t1/inf2004-esp/pico/pico-sdk/src/rp2_common/pico_double/double_init_rom.c.obj
 .ARM.attributes
                0x00000442       0x22 CMakeFiles/motor.dir/Users/seankzw/Desktop/SIT/year_2/y2t1/inf2004-esp/pico/pico-sdk/src/rp2_common/pico_double/double_v1_rom_shim.S.obj
 .ARM.attributes
                0x00000464       0x22 CMakeFiles/motor.dir/Users/seankzw/Desktop/SIT/year_2/y2t1/inf2004-esp/pico/pico-sdk/src/rp2_common/pico_int64_ops/pico_int64_ops_aeabi.S.obj
 .ARM.attributes
                0x00000486       0x22 CMakeFiles/motor.dir/Users/seankzw/Desktop/SIT/year_2/y2t1/inf2004-esp/pico/pico-sdk/src/rp2_common/pico_float/float_aeabi.S.obj
 .ARM.attributes
                0x000004a8       0x2c CMakeFiles/motor.dir/Users/seankzw/Desktop/SIT/year_2/y2t1/inf2004-esp/pico/pico-sdk/src/rp2_common/pico_float/float_init_rom.c.obj
 .ARM.attributes
                0x000004d4       0x22 CMakeFiles/motor.dir/Users/seankzw/Desktop/SIT/year_2/y2t1/inf2004-esp/pico/pico-sdk/src/rp2_common/pico_mem_ops/mem_ops_aeabi.S.obj
 .ARM.attributes
                0x000004f6       0x22 CMakeFiles/motor.dir/Users/seankzw/Desktop/SIT/year_2/y2t1/inf2004-esp/pico/pico-sdk/src/rp2_common/pico_standard_link/crt0.S.obj
 .ARM.attributes
                0x00000518       0x2c CMakeFiles/motor.dir/Users/seankzw/Desktop/SIT/year_2/y2t1/inf2004-esp/pico/pico-sdk/src/rp2_common/pico_standard_link/binary_info.c.obj
 .ARM.attributes
                0x00000544       0x2c CMakeFiles/motor.dir/Users/seankzw/Desktop/SIT/year_2/y2t1/inf2004-esp/pico/pico-sdk/src/rp2_common/pico_stdio/stdio.c.obj
 .ARM.attributes
                0x00000570       0x2c CMakeFiles/motor.dir/Users/seankzw/Desktop/SIT/year_2/y2t1/inf2004-esp/pico/pico-sdk/src/rp2_common/pico_stdio_uart/stdio_uart.c.obj
 .ARM.attributes
                0x0000059c       0x22 /var/folders/sm/qp5kpslj4zq768j8dbr71ml80000gn/T//cchrEZye.o
 .ARM.attributes
                0x000005be       0x1e /Applications/ArmGNUToolchain/12.3.rel1/arm-none-eabi/bin/../lib/gcc/arm-none-eabi/12.3.1/thumb/v6-m/nofp/libgcc.a(_dvmd_tls.o)
 .ARM.attributes
                0x000005dc       0x2c /Applications/ArmGNUToolchain/12.3.rel1/arm-none-eabi/bin/../lib/gcc/arm-none-eabi/12.3.1/../../../../arm-none-eabi/lib/thumb/v6-m/nofp/libg.a(libc_a-strlen-stub.o)
 .ARM.attributes
                0x00000608       0x2c /Applications/ArmGNUToolchain/12.3.rel1/arm-none-eabi/bin/../lib/gcc/arm-none-eabi/12.3.1/thumb/v6-m/nofp/crtend.o

.comment        0x00000000       0x45
 .comment       0x00000000       0x45 CMakeFiles/motor.dir/motor.c.obj
                                 0x46 (size before relaxing)
 .comment       0x00000045       0x46 CMakeFiles/motor.dir/Users/seankzw/Desktop/SIT/year_2/y2t1/inf2004-esp/pico/pico-sdk/src/rp2_common/hardware_gpio/gpio.c.obj
 .comment       0x00000045       0x46 CMakeFiles/motor.dir/Users/seankzw/Desktop/SIT/year_2/y2t1/inf2004-esp/pico/pico-sdk/src/rp2_common/pico_platform/platform.c.obj
 .comment       0x00000045       0x46 CMakeFiles/motor.dir/Users/seankzw/Desktop/SIT/year_2/y2t1/inf2004-esp/pico/pico-sdk/src/rp2_common/hardware_claim/claim.c.obj
 .comment       0x00000045       0x46 CMakeFiles/motor.dir/Users/seankzw/Desktop/SIT/year_2/y2t1/inf2004-esp/pico/pico-sdk/src/rp2_common/hardware_sync/sync.c.obj
 .comment       0x00000045       0x46 CMakeFiles/motor.dir/Users/seankzw/Desktop/SIT/year_2/y2t1/inf2004-esp/pico/pico-sdk/src/rp2_common/hardware_irq/irq.c.obj
 .comment       0x00000045       0x46 CMakeFiles/motor.dir/Users/seankzw/Desktop/SIT/year_2/y2t1/inf2004-esp/pico/pico-sdk/src/common/pico_sync/lock_core.c.obj
 .comment       0x00000045       0x46 CMakeFiles/motor.dir/Users/seankzw/Desktop/SIT/year_2/y2t1/inf2004-esp/pico/pico-sdk/src/common/pico_sync/mutex.c.obj
 .comment       0x00000045       0x46 CMakeFiles/motor.dir/Users/seankzw/Desktop/SIT/year_2/y2t1/inf2004-esp/pico/pico-sdk/src/common/pico_time/time.c.obj
 .comment       0x00000045       0x46 CMakeFiles/motor.dir/Users/seankzw/Desktop/SIT/year_2/y2t1/inf2004-esp/pico/pico-sdk/src/rp2_common/hardware_timer/timer.c.obj
 .comment       0x00000045       0x46 CMakeFiles/motor.dir/Users/seankzw/Desktop/SIT/year_2/y2t1/inf2004-esp/pico/pico-sdk/src/common/pico_util/pheap.c.obj
 .comment       0x00000045       0x46 CMakeFiles/motor.dir/Users/seankzw/Desktop/SIT/year_2/y2t1/inf2004-esp/pico/pico-sdk/src/rp2_common/hardware_uart/uart.c.obj
 .comment       0x00000045       0x46 CMakeFiles/motor.dir/Users/seankzw/Desktop/SIT/year_2/y2t1/inf2004-esp/pico/pico-sdk/src/rp2_common/hardware_clocks/clocks.c.obj