Archive member included to satisfy reference by file (symbol)

/Applications/ArmGNUToolchain/12.3.rel1/arm-none-eabi/bin/../lib/gcc/arm-none-eabi/12.3.1/thumb/v6-m/nofp/libgcc.a(_dvmd_tls.o)
                              CMakeFiles/line_sensor.dir/Users/seankzw/Desktop/SIT/year_2/y2t1/inf2004-esp/pico/pico-sdk/src/rp2_common/pico_divider/divider.S.obj (__aeabi_idiv0)
/Applications/ArmGNUToolchain/12.3.rel1/arm-none-eabi/bin/../lib/gcc/arm-none-eabi/12.3.1/../../../../arm-none-eabi/lib/thumb/v6-m/nofp/libg.a(libc_a-calloc.o)
                              CMakeFiles/line_sensor.dir/Users/seankzw/Desktop/SIT/year_2/y2t1/inf2004-esp/pico/pico-sdk/src/rp2_common/pico_malloc/pico_malloc.c.obj (calloc)
/Applications/ArmGNUToolchain/12.3.rel1/arm-none-eabi/bin/../lib/gcc/arm-none-eabi/12.3.1/../../../../arm-none-eabi/lib/thumb/v6-m/nofp/libg.a(libc_a-callocr.o)
                              /Applications/ArmGNUToolchain/12.3.rel1/arm-none-eabi/bin/../lib/gcc/arm-none-eabi/12.3.1/../../../../arm-none-eabi/lib/thumb/v6-m/nofp/libg.a(libc_a-calloc.o) (_calloc_r)
/Applications/ArmGNUToolchain/12.3.rel1/arm-none-eabi/bin/../lib/gcc/arm-none-eabi/12.3.1/../../../../arm-none-eabi/lib/thumb/v6-m/nofp/libg.a(libc_a-malloc.o)
                              CMakeFiles/line_sensor.dir/Users/seankzw/Desktop/SIT/year_2/y2t1/inf2004-esp/pico/pico-sdk/src/rp2_common/pico_malloc/pico_malloc.c.obj (malloc)
/Applications/ArmGNUToolchain/12.3.rel1/arm-none-eabi/bin/../lib/gcc/arm-none-eabi/12.3.1/../../../../arm-none-eabi/lib/thumb/v6-m/nofp/libg.a(libc_a-mallocr.o)
                              /Applications/ArmGNUToolchain/12.3.rel1/arm-none-eabi/bin/../lib/gcc/arm-none-eabi/12.3.1/../../../../arm-none-eabi/lib/thumb/v6-m/nofp/libg.a(libc_a-callocr.o) (_malloc_r)
/Applications/ArmGNUToolchain/12.3.rel1/arm-none-eabi/bin/../lib/gcc/arm-none-eabi/12.3.1/../../../../arm-none-eabi/lib/thumb/v6-m/nofp/libg.a(libc_a-mlock.o)
                              /Applications/ArmGNUToolchain/12.3.rel1/arm-none-eabi/bin/../lib/gcc/arm-none-eabi/12.3.1/../../../../arm-none-eabi/lib/thumb/v6-m/nofp/libg.a(libc_a-mallocr.o) (__malloc_lock)
/Applications/ArmGNUToolchain/12.3.rel1/arm-none-eabi/bin/../lib/gcc/arm-none-eabi/12.3.1/../../../../arm-none-eabi/lib/thumb/v6-m/nofp/libg.a(libc_a-realloc.o)
                              CMakeFiles/line_sensor.dir/Users/seankzw/Desktop/SIT/year_2/y2t1/inf2004-esp/pico/pico-sdk/src/rp2_common/pico_malloc/pico_malloc.c.obj (realloc)
/Applications/ArmGNUToolchain/12.3.rel1/arm-none-eabi/bin/../lib/gcc/arm-none-eabi/12.3.1/../../../../arm-none-eabi/lib/thumb/v6-m/nofp/libg.a(libc_a-reallocr.o)
                              /Applications/ArmGNUToolchain/12.3.rel1/arm-none-eabi/bin/../lib/gcc/arm-none-eabi/12.3.1/../../../../arm-none-eabi/lib/thumb/v6-m/nofp/libg.a(libc_a-realloc.o) (_realloc_r)
/Applications/ArmGNUToolchain/12.3.rel1/arm-none-eabi/bin/../lib/gcc/arm-none-eabi/12.3.1/../../../../arm-none-eabi/lib/thumb/v6-m/nofp/libg.a(libc_a-memmove.o)
                              /Applications/ArmGNUToolchain/12.3.rel1/arm-none-eabi/bin/../lib/gcc/arm-none-eabi/12.3.1/../../../../arm-none-eabi/lib/thumb/v6-m/nofp/libg.a(libc_a-reallocr.o) (memmove)
/Applications/ArmGNUToolchain/12.3.rel1/arm-none-eabi/bin/../lib/gcc/arm-none-eabi/12.3.1/../../../../arm-none-eabi/lib/thumb/v6-m/nofp/libg.a(libc_a-impure.o)
                              /Applications/ArmGNUToolchain/12.3.rel1/arm-none-eabi/bin/../lib/gcc/arm-none-eabi/12.3.1/../../../../arm-none-eabi/lib/thumb/v6-m/nofp/libg.a(libc_a-calloc.o) (_impure_ptr)
/Applications/ArmGNUToolchain/12.3.rel1/arm-none-eabi/bin/../lib/gcc/arm-none-eabi/12.3.1/../../../../arm-none-eabi/lib/thumb/v6-m/nofp/libg.a(libc_a-sbrkr.o)
                              /Applications/ArmGNUToolchain/12.3.rel1/arm-none-eabi/bin/../lib/gcc/arm-none-eabi/12.3.1/../../../../arm-none-eabi/lib/thumb/v6-m/nofp/libg.a(libc_a-mallocr.o) (_sbrk_r)
/Applications/ArmGNUToolchain/12.3.rel1/arm-none-eabi/bin/../lib/gcc/arm-none-eabi/12.3.1/../../../../arm-none-eabi/lib/thumb/v6-m/nofp/libg.a(libc_a-errno.o)
                              /Applications/ArmGNUToolchain/12.3.rel1/arm-none-eabi/bin/../lib/gcc/arm-none-eabi/12.3.1/../../../../arm-none-eabi/lib/thumb/v6-m/nofp/libg.a(libc_a-callocr.o) (__errno)
/Applications/ArmGNUToolchain/12.3.rel1/arm-none-eabi/bin/../lib/gcc/arm-none-eabi/12.3.1/../../../../arm-none-eabi/lib/thumb/v6-m/nofp/libg.a(libc_a-sysconf.o)
                              /Applications/ArmGNUToolchain/12.3.rel1/arm-none-eabi/bin/../lib/gcc/arm-none-eabi/12.3.1/../../../../arm-none-eabi/lib/thumb/v6-m/nofp/libg.a(libc_a-mallocr.o) (sysconf)
/Applications/ArmGNUToolchain/12.3.rel1/arm-none-eabi/bin/../lib/gcc/arm-none-eabi/12.3.1/../../../../arm-none-eabi/lib/thumb/v6-m/nofp/libg.a(libc_a-init.o)
                              /Applications/ArmGNUToolchain/12.3.rel1/arm-none-eabi/bin/../lib/gcc/arm-none-eabi/12.3.1/../../../../arm-none-eabi/lib/thumb/v6-m/nofp/crt0.o (__libc_init_array)
[...]
Memory Configuration

Name             Origin             Length             Attributes
FLASH            0x10000000         0x00200000         xr
RAM              0x20000000         0x00040000         xrw
SCRATCH_X        0x20040000         0x00001000         xrw
SCRATCH_Y        0x20041000         0x00001000         xrw
*default*        0x00000000         0xffffffff

Linker script and memory map

LOAD /Applications/ArmGNUToolchain/12.3.rel1/arm-none-eabi/bin/../lib/gcc/arm-none-eabi/12.3.1/thumb/v6-m/nofp/crti.o
LOAD /Applications/ArmGNUToolchain/12.3.rel1/arm-none-eabi/bin/../lib/gcc/arm-none-eabi/12.3.1/thumb/v6-m/nofp/crtbegin.o
LOAD /Applications/ArmGNUToolchain/12.3.rel1/arm-none-eabi/bin/../lib/gcc/arm-none-eabi/12.3.1/../../../../arm-none-eabi/lib/thumb/v6-m/nofp/crt0.o

.flash_begin    0x10000000        0x0
                0x10000000                        __flash_binary_start = .

.boot2          0x10000000      0x100
                0x10000000                        __boot2_start__ = .
 *(.boot2)
 .boot2         0x10000000      0x100 /var/folders/sm/qp5kpslj4zq768j8dbr71ml80000gn/T//cca0ej8W.o
                0x10000100                        __boot2_end__ = .
                0x00000001                        ASSERT (((__boot2_end__ - __boot2_start__) == 0x100), ERROR: Pico second stage bootloader must be 256 bytes in size)

.text           0x10000100     0x6c00
                0x10000100                        __logical_binary_start = .
 *(.vectors)
 .vectors       0x10000100       0xd4 CMakeFiles/line_sensor.dir/Users/seankzw/Desktop/SIT/year_2/y2t1/inf2004-esp/pico/pico-sdk/src/rp2_common/pico_standard_link/crt0.S.obj
                0x10000100                __VECTOR_TABLE
                0x10000100                __vectors
                0x100001c0                __default_isrs_start
                0x100001c0                isr_invalid
                0x100001c2                isr_nmi
                0x100001c4                isr_hardfault
                0x100001c6                isr_svcall
                0x100001c8                isr_pendsv
                0x100001ca                isr_systick
                0x100001cc                isr_irq28
                0x100001cc                isr_irq19
                0x100001cc                isr_irq0
                0x100001cc                isr_irq6
                0x100001cc                isr_irq22
                0x100001cc                isr_irq17
                0x100001cc                isr_irq14
                0x100001cc                isr_irq2
                0x100001cc                isr_irq10
                0x100001cc                isr_irq8
                0x100001cc                isr_irq24
                0x100001cc                isr_irq1
                0x100001cc                isr_irq7
                0x100001cc                isr_irq21
                0x100001cc                isr_irq20
                0x100001cc                isr_irq15
                0x100001cc                isr_irq25
                0x100001cc                isr_irq4
                0x100001cc                isr_irq16
                0x100001cc                isr_irq29
                0x100001cc                isr_irq26
                0x100001cc                __default_isrs_end
                0x100001cc                isr_irq3
                0x100001cc                isr_irq9
                0x100001cc                __unhandled_user_irq
                0x100001cc                isr_irq13
                0x100001cc                isr_irq27
                0x100001cc                isr_irq31
                0x100001cc                isr_irq5
                0x100001cc                isr_irq11
                0x100001cc                isr_irq23
                0x100001cc                isr_irq18
                0x100001cc                isr_irq30
                0x100001cc                isr_irq12
                0x100001d2                unhandled_user_irq_num_in_r0
 *(.binary_info_header)
 .binary_info_header
                0x100001d4       0x14 CMakeFiles/line_sensor.dir/Users/seankzw/Desktop/SIT/year_2/y2t1/inf2004-esp/pico/pico-sdk/src/rp2_common/pico_standard_link/crt0.S.obj
                0x100001e8                        __binary_info_header_end = .
 *(.reset)
 .reset         0x100001e8       0xa0 CMakeFiles/line_sensor.dir/Users/seankzw/Desktop/SIT/year_2/y2t1/inf2004-esp/pico/pico-sdk/src/rp2_common/pico_standard_link/crt0.S.obj
                0x100001e8                _entry_point
 .reset         0x10000288       0x30 CMakeFiles/line_sensor.dir/Users/seankzw/Desktop/SIT/year_2/y2t1/inf2004-esp/pico/pico-sdk/src/rp2_common/pico_standard_link/binary_info.c.obj
 *(.init)
 .init          0x100002b8        0x4 /Applications/ArmGNUToolchain/12.3.rel1/arm-none-eabi/bin/../lib/gcc/arm-none-eabi/12.3.1/thumb/v6-m/nofp/crti.o
                0x100002b8                _init
 *(EXCLUDE_FILE(*libm.a: *libc.a:*lib_a-mem*.o *libgcc.a:) .text*)
 .text.register_tm_clones
                0x100002bc       0x28 /Applications/ArmGNUToolchain/12.3.rel1/arm-none-eabi/bin/../lib/gcc/arm-none-eabi/12.3.1/thumb/v6-m/nofp/crtbegin.o
 .text.frame_dummy
                0x100002e4       0x24 /Applications/ArmGNUToolchain/12.3.rel1/arm-none-eabi/bin/../lib/gcc/arm-none-eabi/12.3.1/thumb/v6-m/nofp/crtbegin.o
 .text.debounce
                0x10000308       0x48 CMakeFiles/line_sensor.dir/line_sensor.c.obj
                0x10000308                debounce
 .text.line_sensor_isr
                0x10000350       0x44 CMakeFiles/line_sensor.dir/line_sensor.c.obj
                0x10000350                line_sensor_isr
 .text.ir_sensor_init
                0x10000394       0x38 CMakeFiles/line_sensor.dir/line_sensor.c.obj
                0x10000394                ir_sensor_init
 .text.main     0x100003cc       0x84 CMakeFiles/line_sensor.dir/main.c.obj
                0x100003cc                main
 .text.gpio_set_function
                0x10000450       0x30 CMakeFiles/line_sensor.dir/Users/seankzw/Desktop/SIT/year_2/y2t1/inf2004-esp/pico/pico-sdk/src/rp2_common/hardware_gpio/gpio.c.obj
                0x10000450                gpio_set_function
 .text.gpio_set_irq_callback
                0x10000480       0x48 CMakeFiles/line_sensor.dir/Users/seankzw/Desktop/SIT/year_2/y2t1/inf2004-esp/pico/pico-sdk/src/rp2_common/hardware_gpio/gpio.c.obj
                0x10000480                gpio_set_irq_callback
 .text.gpio_acknowledge_irq
                0x100004c8       0x18 CMakeFiles/line_sensor.dir/Users/seankzw/Desktop/SIT/year_2/y2t1/inf2004-esp/pico/pico-sdk/src/rp2_common/hardware_gpio/gpio.c.obj
                0x100004c8                gpio_acknowledge_irq
 .text._gpio_set_irq_enabled
                0x100004e0       0x34 CMakeFiles/line_sensor.dir/Users/seankzw/Desktop/SIT/year_2/y2t1/inf2004-esp/pico/pico-sdk/src/rp2_common/hardware_gpio/gpio.c.obj
 .text.gpio_set_irq_enabled
                0x10000514       0x20 CMakeFiles/line_sensor.dir/Users/seankzw/Desktop/SIT/year_2/y2t1/inf2004-esp/pico/pico-sdk/src/rp2_common/hardware_gpio/gpio.c.obj
                0x10000514                gpio_set_irq_enabled
 .text.gpio_set_irq_enabled_with_callback
                0x10000534       0x20 CMakeFiles/line_sensor.dir/Users/seankzw/Desktop/SIT/year_2/y2t1/inf2004-esp/pico/pico-sdk/src/rp2_common/hardware_gpio/gpio.c.obj
                0x10000534                gpio_set_irq_enabled_with_callback
 .text.gpio_default_irq_handler
                0x10000554       0x98 CMakeFiles/line_sensor.dir/Users/seankzw/Desktop/SIT/year_2/y2t1/inf2004-esp/pico/pico-sdk/src/rp2_common/hardware_gpio/gpio.c.obj
 .text.gpio_init
                0x100005ec       0x16 CMakeFiles/line_sensor.dir/Users/seankzw/Desktop/SIT/year_2/y2t1/inf2004-esp/pico/pico-sdk/src/rp2_common/hardware_gpio/gpio.c.obj
                0x100005ec                gpio_init
 *fill*         0x10000602        0x2 
 .text.running_on_fpga
                0x10000604       0x14 CMakeFiles/line_sensor.dir/Users/seankzw/Desktop/SIT/year_2/y2t1/inf2004-esp/pico/pico-sdk/src/rp2_common/pico_platform/platform.c.obj
                0x10000604                running_on_fpga
 .text.hw_claim_lock
                0x10000618       0x18 CMakeFiles/line_sensor.dir/Users/seankzw/Desktop/SIT/year_2/y2t1/inf2004-esp/pico/pico-sdk/src/rp2_common/hardware_claim/claim.c.obj
                0x10000618                hw_claim_lock
 .text.hw_claim_unlock
                0x10000630       0x14 CMakeFiles/line_sensor.dir/Users/seankzw/Desktop/SIT/year_2/y2t1/inf2004-esp/pico/pico-sdk/src/rp2_common/hardware_claim/claim.c.obj
                0x10000630                hw_claim_unlock
 .text.hw_claim_or_assert
                0x10000644       0x32 CMakeFiles/line_sensor.dir/Users/seankzw/Desktop/SIT/year_2/y2t1/inf2004-esp/pico/pico-sdk/src/rp2_common/hardware_claim/claim.c.obj
                0x10000644                hw_claim_or_assert
 .text.hw_claim_unused_from_range
                0x10000676       0x50 CMakeFiles/line_sensor.dir/Users/seankzw/Desktop/SIT/year_2/y2t1/inf2004-esp/pico/pico-sdk/src/rp2_common/hardware_claim/claim.c.obj
                0x10000676                hw_claim_unused_from_range
 *fill*         0x100006c6        0x2 
 .text.spin_locks_reset
                0x100006c8       0x20 CMakeFiles/line_sensor.dir/Users/seankzw/Desktop/SIT/year_2/y2t1/inf2004-esp/pico/pico-sdk/src/rp2_common/hardware_sync/sync.c.obj
                0x100006c8                spin_locks_reset
 .text.next_striped_spin_lock_num
                0x100006e8       0x1c CMakeFiles/line_sensor.dir/Users/seankzw/Desktop/SIT/year_2/y2t1/inf2004-esp/pico/pico-sdk/src/rp2_common/hardware_sync/sync.c.obj
                0x100006e8                next_striped_spin_lock_num
 .text.spin_lock_claim_unused
                0x10000704       0x24 CMakeFiles/line_sensor.dir/Users/seankzw/Desktop/SIT/year_2/y2t1/inf2004-esp/pico/pico-sdk/src/rp2_common/hardware_sync/sync.c.obj
                0x10000704                spin_lock_claim_unused
 .text.set_raw_irq_handler_and_unlock
                0x10000728       0x28 CMakeFiles/line_sensor.dir/Users/seankzw/Desktop/SIT/year_2/y2t1/inf2004-esp/pico/pico-sdk/src/rp2_common/hardware_irq/irq.c.obj
 .text.resolve_branch
                0x10000750       0x30 CMakeFiles/line_sensor.dir/Users/seankzw/Desktop/SIT/year_2/y2t1/inf2004-esp/pico/pico-sdk/src/rp2_common/hardware_irq/irq.c.obj
 .text.make_branch
                0x10000780       0x48 CMakeFiles/line_sensor.dir/Users/seankzw/Desktop/SIT/year_2/y2t1/inf2004-esp/pico/pico-sdk/src/rp2_common/hardware_irq/irq.c.obj
 .text.insert_branch_and_link
                0x100007c8       0x40 CMakeFiles/line_sensor.dir/Users/seankzw/Desktop/SIT/year_2/y2t1/inf2004-esp/pico/pico-sdk/src/rp2_common/hardware_irq/irq.c.obj
 .text.irq_is_enabled
                0x10000808       0x18 CMakeFiles/line_sensor.dir/Users/seankzw/Desktop/SIT/year_2/y2t1/inf2004-esp/pico/pico-sdk/src/rp2_common/hardware_irq/irq.c.obj
                0x10000808                irq_is_enabled
 .text.irq_set_mask_enabled
                0x10000820       0x20 CMakeFiles/line_sensor.dir/Users/seankzw/Desktop/SIT/year_2/y2t1/inf2004-esp/pico/pico-sdk/src/rp2_common/hardware_irq/irq.c.obj
                0x10000820                irq_set_mask_enabled
 .text.irq_set_enabled
                0x10000840        0xe CMakeFiles/line_sensor.dir/Users/seankzw/Desktop/SIT/year_2/y2t1/inf2004-esp/pico/pico-sdk/src/rp2_common/hardware_irq/irq.c.obj
                0x10000840                irq_set_enabled
 *fill*         0x1000084e        0x2 
 .text.irq_set_pending
                0x10000850       0x10 CMakeFiles/line_sensor.dir/Users/seankzw/Desktop/SIT/year_2/y2t1/inf2004-esp/pico/pico-sdk/src/rp2_common/hardware_irq/irq.c.obj
                0x10000850                irq_set_pending
 .text.irq_get_vtable_handler
                0x10000860       0x10 CMakeFiles/line_sensor.dir/Users/seankzw/Desktop/SIT/year_2/y2t1/inf2004-esp/pico/pico-sdk/src/rp2_common/hardware_irq/irq.c.obj
                0x10000860                irq_get_vtable_handler
 .text.irq_has_shared_handler
                0x10000870       0x24 CMakeFiles/line_sensor.dir/Users/seankzw/Desktop/SIT/year_2/y2t1/inf2004-esp/pico/pico-sdk/src/rp2_common/hardware_irq/irq.c.obj
                0x10000870                irq_has_shared_handler
 .text.irq_set_exclusive_handler
                0x10000894       0x54 CMakeFiles/line_sensor.dir/Users/seankzw/Desktop/SIT/year_2/y2t1/inf2004-esp/pico/pico-sdk/src/rp2_common/hardware_irq/irq.c.obj
                0x10000894                irq_set_exclusive_handler
 .text.irq_add_shared_handler
                0x100008e8      0x210 CMakeFiles/line_sensor.dir/Users/seankzw/Desktop/SIT/year_2/y2t1/inf2004-esp/pico/pico-sdk/src/rp2_common/hardware_irq/irq.c.obj
                0x100008e8                irq_add_shared_handler
 .text.irq_remove_handler
                0x10000af8      0x188 CMakeFiles/line_sensor.dir/Users/seankzw/Desktop/SIT/year_2/y2t1/inf2004-esp/pico/pico-sdk/src/rp2_common/hardware_irq/irq.c.obj
                0x10000af8                irq_remove_handler
 .text.irq_add_tail_to_free_list
                0x10000c80       0xf0 CMakeFiles/line_sensor.dir/Users/seankzw/Desktop/SIT/year_2/y2t1/inf2004-esp/pico/pico-sdk/src/rp2_common/hardware_irq/irq.c.obj
                0x10000c80                irq_add_tail_to_free_list
 .text.irq_init_priorities
                0x10000d70       0x1c CMakeFiles/line_sensor.dir/Users/seankzw/Desktop/SIT/year_2/y2t1/inf2004-esp/pico/pico-sdk/src/rp2_common/hardware_irq/irq.c.obj
                0x10000d70                irq_init_priorities
 .text.user_irq_claim_unused
                0x10000d8c       0x2c CMakeFiles/line_sensor.dir/Users/seankzw/Desktop/SIT/year_2/y2t1/inf2004-esp/pico/pico-sdk/src/rp2_common/hardware_irq/irq.c.obj
                0x10000d8c                user_irq_claim_unused
 .text.lock_init
                0x10000db8       0x10 CMakeFiles/line_sensor.dir/Users/seankzw/Desktop/SIT/year_2/y2t1/inf2004-esp/pico/pico-sdk/src/common/pico_sync/lock_core.c.obj
                0x10000db8                lock_init
 .text.update_us_since_boot
                0x10000dc8       0x24 CMakeFiles/line_sensor.dir/Users/seankzw/Desktop/SIT/year_2/y2t1/inf2004-esp/pico/pico-sdk/src/common/pico_sync/mutex.c.obj
 .text.delayed_by_ms
                0x10000dec       0x44 CMakeFiles/line_sensor.dir/Users/seankzw/Desktop/SIT/year_2/y2t1/inf2004-esp/pico/pico-sdk/src/common/pico_sync/mutex.c.obj
 .text.get_absolute_time
                0x10000e30       0x22 CMakeFiles/line_sensor.dir/Users/seankzw/Desktop/SIT/year_2/y2t1/inf2004-esp/pico/pico-sdk/src/common/pico_sync/mutex.c.obj
 .text.make_timeout_time_ms
                0x10000e52       0x20 CMakeFiles/line_sensor.dir/Users/seankzw/Desktop/SIT/year_2/y2t1/inf2004-esp/pico/pico-sdk/src/common/pico_sync/mutex.c.obj
 .text.mutex_init
                0x10000e72       0x1a CMakeFiles/line_sensor.dir/Users/seankzw/Desktop/SIT/year_2/y2t1/inf2004-esp/pico/pico-sdk/src/common/pico_sync/mutex.c.obj
                0x10000e72                mutex_init
 .text.recursive_mutex_init
                0x10000e8c       0x1e CMakeFiles/line_sensor.dir/Users/seankzw/Desktop/SIT/year_2/y2t1/inf2004-esp/pico/pico-sdk/src/common/pico_sync/mutex.c.obj
                0x10000e8c                recursive_mutex_init
 *fill*         0x10000eaa        0x2 
 .text.critical_section_init_with_lock_num
                0x10000eac       0x14 CMakeFiles/line_sensor.dir/Users/seankzw/Desktop/SIT/year_2/y2t1/inf2004-esp/pico/pico-sdk/src/common/pico_sync/critical_section.c.obj
                0x10000eac                critical_section_init_with_lock_num
 .text.critical_section_init
                0x10000ec0       0x14 CMakeFiles/line_sensor.dir/Users/seankzw/Desktop/SIT/year_2/y2t1/inf2004-esp/pico/pico-sdk/src/common/pico_sync/critical_section.c.obj
                0x10000ec0                critical_section_init
 .text.time_reached
                0x10000ed4       0x28 CMakeFiles/line_sensor.dir/Users/seankzw/Desktop/SIT/year_2/y2t1/inf2004-esp/pico/pico-sdk/src/common/pico_time/time.c.obj
 .text.get_entry
                0x10000efc       0x38 CMakeFiles/line_sensor.dir/Users/seankzw/Desktop/SIT/year_2/y2t1/inf2004-esp/pico/pico-sdk/src/common/pico_time/time.c.obj
 .text.timer_pool_entry_comparator
                0x10000f34       0x2e CMakeFiles/line_sensor.dir/Users/seankzw/Desktop/SIT/year_2/y2t1/inf2004-esp/pico/pico-sdk/src/common/pico_time/time.c.obj
                0x10000f34                timer_pool_entry_comparator
 *fill*         0x10000f62        0x2 
 .text.update_us_since_boot
                0x10000f64       0x24 CMakeFiles/line_sensor.dir/Users/seankzw/Desktop/SIT/year_2/y2t1/inf2004-esp/pico/pico-sdk/src/common/pico_time/time.c.obj
 .text.delayed_by_us
                0x10000f88       0x34 CMakeFiles/line_sensor.dir/Users/seankzw/Desktop/SIT/year_2/y2t1/inf2004-esp/pico/pico-sdk/src/common/pico_time/time.c.obj
 .text.ph_get_node
                0x10000fbc       0x30 CMakeFiles/line_sensor.dir/Users/seankzw/Desktop/SIT/year_2/y2t1/inf2004-esp/pico/pico-sdk/src/common/pico_time/time.c.obj
 .text.ph_contains_node
                0x10000fec       0x1e CMakeFiles/line_sensor.dir/Users/seankzw/Desktop/SIT/year_2/y2t1/inf2004-esp/pico/pico-sdk/src/common/pico_time/time.c.obj
 .text.ph_new_node
                0x1000100a       0x28 CMakeFiles/line_sensor.dir/Users/seankzw/Desktop/SIT/year_2/y2t1/inf2004-esp/pico/pico-sdk/src/common/pico_time/time.c.obj
 *fill*         0x10001032        0x2 
 .text.ph_add_child_node
                0x10001034       0x6c CMakeFiles/line_sensor.dir/Users/seankzw/Desktop/SIT/year_2/y2t1/inf2004-esp/pico/pico-sdk/src/common/pico_time/time.c.obj
 .text.ph_merge_nodes
                0x100010a0       0x3e CMakeFiles/line_sensor.dir/Users/seankzw/Desktop/SIT/year_2/y2t1/inf2004-esp/pico/pico-sdk/src/common/pico_time/time.c.obj
 *fill*         0x100010de        0x2 
 .text.ph_insert_node
                0x100010e0       0x3c CMakeFiles/line_sensor.dir/Users/seankzw/Desktop/SIT/year_2/y2t1/inf2004-esp/pico/pico-sdk/src/common/pico_time/time.c.obj
 .text.ph_free_node
                0x1000111c       0x5c CMakeFiles/line_sensor.dir/Users/seankzw/Desktop/SIT/year_2/y2t1/inf2004-esp/pico/pico-sdk/src/common/pico_time/time.c.obj
 .text.get_entry_id_high
                0x10001178       0x30 CMakeFiles/line_sensor.dir/Users/seankzw/Desktop/SIT/year_2/y2t1/inf2004-esp/pico/pico-sdk/src/common/pico_time/time.c.obj
 .text.alarm_pool_post_alloc_init
                0x100011a8       0x40 CMakeFiles/line_sensor.dir/Users/seankzw/Desktop/SIT/year_2/y2t1/inf2004-esp/pico/pico-sdk/src/common/pico_time/time.c.obj
 .text.sleep_until_callback
                0x100011e8       0x30 CMakeFiles/line_sensor.dir/Users/seankzw/Desktop/SIT/year_2/y2t1/inf2004-esp/pico/pico-sdk/src/common/pico_time/time.c.obj
 .text.get_absolute_time
                0x10001218       0x22 CMakeFiles/line_sensor.dir/Users/seankzw/Desktop/SIT/year_2/y2t1/inf2004-esp/pico/pico-sdk/src/common/pico_time/time.c.obj
 .text.make_timeout_time_us
                0x1000123a       0x24 CMakeFiles/line_sensor.dir/Users/seankzw/Desktop/SIT/year_2/y2t1/inf2004-esp/pico/pico-sdk/src/common/pico_time/time.c.obj
 *fill*         0x1000125e        0x2 
 .text.add_alarm_under_lock
                0x10001260       0x94 CMakeFiles/line_sensor.dir/Users/seankzw/Desktop/SIT/year_2/y2t1/inf2004-esp/pico/pico-sdk/src/common/pico_time/time.c.obj
 .text.alarm_pool_alarm_callback
                0x100012f4      0x210 CMakeFiles/line_sensor.dir/Users/seankzw/Desktop/SIT/year_2/y2t1/inf2004-esp/pico/pico-sdk/src/common/pico_time/time.c.obj
 .text.alarm_pool_init_default
                0x10001504       0x40 CMakeFiles/line_sensor.dir/Users/seankzw/Desktop/SIT/year_2/y2t1/inf2004-esp/pico/pico-sdk/src/common/pico_time/time.c.obj
                0x10001504                alarm_pool_init_default
 .text.alarm_pool_get_default
                0x10001544       0x2c CMakeFiles/line_sensor.dir/Users/seankzw/Desktop/SIT/year_2/y2t1/inf2004-esp/pico/pico-sdk/src/common/pico_time/time.c.obj
                0x10001544                alarm_pool_get_default
 .text.alarm_pool_add_alarm_at
                0x10001570      0x10e CMakeFiles/line_sensor.dir/Users/seankzw/Desktop/SIT/year_2/y2t1/inf2004-esp/pico/pico-sdk/src/common/pico_time/time.c.obj
                0x10001570                alarm_pool_add_alarm_at
 .text.add_alarm_at
                0x1000167e       0x2e CMakeFiles/line_sensor.dir/Users/seankzw/Desktop/SIT/year_2/y2t1/inf2004-esp/pico/pico-sdk/src/common/pico_time/time.c.obj
 .text.alarm_pool_cancel_alarm
                0x100016ac       0xa8 CMakeFiles/line_sensor.dir/Users/seankzw/Desktop/SIT/year_2/y2t1/inf2004-esp/pico/pico-sdk/src/common/pico_time/time.c.obj
                0x100016ac                alarm_pool_cancel_alarm
 .text.cancel_alarm
                0x10001754       0x10 CMakeFiles/line_sensor.dir/Users/seankzw/Desktop/SIT/year_2/y2t1/inf2004-esp/pico/pico-sdk/src/common/pico_time/time.c.obj
 .text.alarm_pool_core_num
                0x10001764        0x4 CMakeFiles/line_sensor.dir/Users/seankzw/Desktop/SIT/year_2/y2t1/inf2004-esp/pico/pico-sdk/src/common/pico_time/time.c.obj
                0x10001764                alarm_pool_core_num
 .text.sleep_until
                0x10001768       0xb0 CMakeFiles/line_sensor.dir/Users/seankzw/Desktop/SIT/year_2/y2t1/inf2004-esp/pico/pico-sdk/src/common/pico_time/time.c.obj
                0x10001768                sleep_until
 .text.sleep_us
                0x10001818       0x1a CMakeFiles/line_sensor.dir/Users/seankzw/Desktop/SIT/year_2/y2t1/inf2004-esp/pico/pico-sdk/src/common/pico_time/time.c.obj
                0x10001818                sleep_us
 .text.sleep_ms
                0x10001832       0x14 CMakeFiles/line_sensor.dir/Users/seankzw/Desktop/SIT/year_2/y2t1/inf2004-esp/pico/pico-sdk/src/common/pico_time/time.c.obj
                0x10001832                sleep_ms
 *fill*         0x10001846        0x2 
 .text.best_effort_wfe_or_timeout
                0x10001848       0x44 CMakeFiles/line_sensor.dir/Users/seankzw/Desktop/SIT/year_2/y2t1/inf2004-esp/pico/pico-sdk/src/common/pico_time/time.c.obj
                0x10001848                best_effort_wfe_or_timeout
 .text.update_us_since_boot
                0x1000188c       0x24 CMakeFiles/line_sensor.dir/Users/seankzw/Desktop/SIT/year_2/y2t1/inf2004-esp/pico/pico-sdk/src/rp2_common/hardware_timer/timer.c.obj
 .text.hardware_alarm_irq_handler
                0x100018b0       0x8c CMakeFiles/line_sensor.dir/Users/seankzw/Desktop/SIT/year_2/y2t1/inf2004-esp/pico/pico-sdk/src/rp2_common/hardware_timer/timer.c.obj
 .text.hardware_alarm_claim
                0x1000193c       0x18 CMakeFiles/line_sensor.dir/Users/seankzw/Desktop/SIT/year_2/y2t1/inf2004-esp/pico/pico-sdk/src/rp2_common/hardware_timer/timer.c.obj
                0x1000193c                hardware_alarm_claim
 .text.time_us_64
                0x10001954       0x18 CMakeFiles/line_sensor.dir/Users/seankzw/Desktop/SIT/year_2/y2t1/inf2004-esp/pico/pico-sdk/src/rp2_common/hardware_timer/timer.c.obj
                0x10001954                time_us_64
 .text.busy_wait_until
                0x1000196c       0x28 CMakeFiles/line_sensor.dir/Users/seankzw/Desktop/SIT/year_2/y2t1/inf2004-esp/pico/pico-sdk/src/rp2_common/hardware_timer/timer.c.obj
                0x1000196c                busy_wait_until
 .text.busy_wait_us
                0x10001994       0x3a CMakeFiles/line_sensor.dir/Users/seankzw/Desktop/SIT/year_2/y2t1/inf2004-esp/pico/pico-sdk/src/rp2_common/hardware_timer/timer.c.obj
                0x10001994                busy_wait_us
 *fill*         0x100019ce        0x2 
 .text.hardware_alarm_set_callback
                0x100019d0       0x90 CMakeFiles/line_sensor.dir/Users/seankzw/Desktop/SIT/year_2/y2t1/inf2004-esp/pico/pico-sdk/src/rp2_common/hardware_timer/timer.c.obj
                0x100019d0                hardware_alarm_set_callback
 .text.hardware_alarm_set_target
                0x10001a60       0xe8 CMakeFiles/line_sensor.dir/Users/seankzw/Desktop/SIT/year_2/y2t1/inf2004-esp/pico/pico-sdk/src/rp2_common/hardware_timer/timer.c.obj
                0x10001a60                hardware_alarm_set_target
 .text.hardware_alarm_cancel
                0x10001b48       0x40 CMakeFiles/line_sensor.dir/Users/seankzw/Desktop/SIT/year_2/y2t1/inf2004-esp/pico/pico-sdk/src/rp2_common/hardware_timer/timer.c.obj
                0x10001b48                hardware_alarm_cancel
 .text.ph_get_node
                0x10001b88       0x30 CMakeFiles/line_sensor.dir/Users/seankzw/Desktop/SIT/year_2/y2t1/inf2004-esp/pico/pico-sdk/src/common/pico_util/pheap.c.obj
 .text.ph_add_child_node
                0x10001bb8       0x6c CMakeFiles/line_sensor.dir/Users/seankzw/Desktop/SIT/year_2/y2t1/inf2004-esp/pico/pico-sdk/src/common/pico_util/pheap.c.obj
 .text.ph_merge_nodes
                0x10001c24       0x3e CMakeFiles/line_sensor.dir/Users/seankzw/Desktop/SIT/year_2/y2t1/inf2004-esp/pico/pico-sdk/src/common/pico_util/pheap.c.obj
 .text.ph_clear
                0x10001c62       0x34 CMakeFiles/line_sensor.dir/Users/seankzw/Desktop/SIT/year_2/y2t1/inf2004-esp/pico/pico-sdk/src/common/pico_util/pheap.c.obj
                0x10001c62                ph_clear
 .text.ph_post_alloc_init
                0x10001c96        0xe CMakeFiles/line_sensor.dir/Users/seankzw/Desktop/SIT/year_2/y2t1/inf2004-esp/pico/pico-sdk/src/common/pico_util/pheap.c.obj
                0x10001c96                ph_post_alloc_init
 .text.ph_merge_two_pass
                0x10001ca4       0x5c CMakeFiles/line_sensor.dir/Users/seankzw/Desktop/SIT/year_2/y2t1/inf2004-esp/pico/pico-sdk/src/common/pico_util/pheap.c.obj
                0x10001ca4                ph_merge_two_pass
 .text.ph_remove_any_head
                0x10001d00       0xc0 CMakeFiles/line_sensor.dir/Users/seankzw/Desktop/SIT/year_2/y2t1/inf2004-esp/pico/pico-sdk/src/common/pico_util/pheap.c.obj
 .text.ph_remove_head
                0x10001dc0       0x14 CMakeFiles/line_sensor.dir/Users/seankzw/Desktop/SIT/year_2/y2t1/inf2004-esp/pico/pico-sdk/src/common/pico_util/pheap.c.obj
                0x10001dc0                ph_remove_head
 .text.ph_remove_and_free_node
                0x10001dd4       0xa0 CMakeFiles/line_sensor.dir/Users/seankzw/Desktop/SIT/year_2/y2t1/inf2004-esp/pico/pico-sdk/src/common/pico_util/pheap.c.obj
                0x10001dd4                ph_remove_and_free_node
 .text.uart_disable_before_lcr_write
                0x10001e74       0x48 CMakeFiles/line_sensor.dir/Users/seankzw/Desktop/SIT/year_2/y2t1/inf2004-esp/pico/pico-sdk/src/rp2_common/hardware_uart/uart.c.obj
 .text.uart_write_lcr_bits_masked
                0x10001ebc       0x22 CMakeFiles/line_sensor.dir/Users/seankzw/Desktop/SIT/year_2/y2t1/inf2004-esp/pico/pico-sdk/src/rp2_common/hardware_uart/uart.c.obj
 *fill*         0x10001ede        0x2 
 .text.uart_set_baudrate
                0x10001ee0       0x5c CMakeFiles/line_sensor.dir/Users/seankzw/Desktop/SIT/year_2/y2t1/inf2004-esp/pico/pico-sdk/src/rp2_common/hardware_uart/uart.c.obj
                0x10001ee0                uart_set_baudrate
 .text.uart_set_format
                0x10001f3c       0x2c CMakeFiles/line_sensor.dir/Users/seankzw/Desktop/SIT/year_2/y2t1/inf2004-esp/pico/pico-sdk/src/rp2_common/hardware_uart/uart.c.obj
                0x10001f3c                uart_set_format
 .text.uart_set_translate_crlf
                0x10001f68       0x28 CMakeFiles/line_sensor.dir/Users/seankzw/Desktop/SIT/year_2/y2t1/inf2004-esp/pico/pico-sdk/src/rp2_common/hardware_uart/uart.c.obj
                0x10001f68                uart_set_translate_crlf
 .text.uart_init
                0x10001f90       0x80 CMakeFiles/line_sensor.dir/Users/seankzw/Desktop/SIT/year_2/y2t1/inf2004-esp/pico/pico-sdk/src/rp2_common/hardware_uart/uart.c.obj
                0x10001f90                uart_init
 .text.clock_configure
                0x10002010      0x108 CMakeFiles/line_sensor.dir/Users/seankzw/Desktop/SIT/year_2/y2t1/inf2004-esp/pico/pico-sdk/src/rp2_common/hardware_clocks/clocks.c.obj
                0x10002010                clock_configure
 .text.clocks_init
                0x10002118      0x100 CMakeFiles/line_sensor.dir/Users/seankzw/Desktop/SIT/year_2/y2t1/inf2004-esp/pico/pico-sdk/src/rp2_common/hardware_clocks/clocks.c.obj
                0x10002118                clocks_init
 .text.clock_get_hz
                0x10002218        0xc CMakeFiles/line_sensor.dir/Users/seankzw/Desktop/SIT/year_2/y2t1/inf2004-esp/pico/pico-sdk/src/rp2_common/hardware_clocks/clocks.c.obj
                0x10002218                clock_get_hz
 .text.pll_init
                0x10002224      0x120 CMakeFiles/line_sensor.dir/Users/seankzw/Desktop/SIT/year_2/y2t1/inf2004-esp/pico/pico-sdk/src/rp2_common/hardware_pll/pll.c.obj
                0x10002224                pll_init
 .text.watchdog_start_tick
                0x10002344       0x10 CMakeFiles/line_sensor.dir/Users/seankzw/Desktop/SIT/year_2/y2t1/inf2004-esp/pico/pico-sdk/src/rp2_common/hardware_watchdog/watchdog.c.obj
                0x10002344                watchdog_start_tick
 .text.watchdog_update
                0x10002354       0x14 CMakeFiles/line_sensor.dir/Users/seankzw/Desktop/SIT/year_2/y2t1/inf2004-esp/pico/pico-sdk/src/rp2_common/hardware_watchdog/watchdog.c.obj
                0x10002354                watchdog_update
 .text._watchdog_enable
                0x10002368       0x78 CMakeFiles/line_sensor.dir/Users/seankzw/Desktop/SIT/year_2/y2t1/inf2004-esp/pico/pico-sdk/src/rp2_common/hardware_watchdog/watchdog.c.obj
                0x10002368                _watchdog_enable
 .text.watchdog_reboot
                0x100023e0       0x48 CMakeFiles/line_sensor.dir/Users/seankzw/Desktop/SIT/year_2/y2t1/inf2004-esp/pico/pico-sdk/src/rp2_common/hardware_watchdog/watchdog.c.obj
                0x100023e0                watchdog_reboot
 .text.xosc_init
                0x10002428       0x28 CMakeFiles/line_sensor.dir/Users/seankzw/Desktop/SIT/year_2/y2t1/inf2004-esp/pico/pico-sdk/src/rp2_common/hardware_xosc/xosc.c.obj
                0x10002428                xosc_init
 .text._exit    0x10002450        0x4 CMakeFiles/line_sensor.dir/Users/seankzw/Desktop/SIT/year_2/y2t1/inf2004-esp/pico/pico-sdk/src/rp2_common/pico_runtime/runtime.c.obj
                0x10002450                _exit
 .text.exit     0x10002454        0x6 CMakeFiles/line_sensor.dir/Users/seankzw/Desktop/SIT/year_2/y2t1/inf2004-esp/pico/pico-sdk/src/rp2_common/pico_runtime/runtime.c.obj
                0x10002454                exit
 *fill*         0x1000245a        0x2 
 .text.__assert_func
                0x1000245c       0x38 CMakeFiles/line_sensor.dir/Users/seankzw/Desktop/SIT/year_2/y2t1/inf2004-esp/pico/pico-sdk/src/rp2_common/pico_runtime/runtime.c.obj
                0x1000245c                __assert_func
 .text.runtime_init
                0x10002494       0xf8 CMakeFiles/line_sensor.dir/Users/seankzw/Desktop/SIT/year_2/y2t1/inf2004-esp/pico/pico-sdk/src/rp2_common/pico_runtime/runtime.c.obj
                0x10002494                runtime_init
 .text.panic    0x1000258c       0x30 CMakeFiles/line_sensor.dir/Users/seankzw/Desktop/SIT/year_2/y2t1/inf2004-esp/pico/pico-sdk/src/rp2_common/pico_runtime/runtime.c.obj
                0x1000258c                panic
 .text._out_null
                0x100025bc        0x2 CMakeFiles/line_sensor.dir/Users/seankzw/Desktop/SIT/year_2/y2t1/inf2004-esp/pico/pico-sdk/src/rp2_common/pico_printf/printf.c.obj
 .text._out_fct
                0x100025be        0xe CMakeFiles/line_sensor.dir/Users/seankzw/Desktop/SIT/year_2/y2t1/inf2004-esp/pico/pico-sdk/src/rp2_common/pico_printf/printf.c.obj
 .text._atoi    0x100025cc       0x24 CMakeFiles/line_sensor.dir/Users/seankzw/Desktop/SIT/year_2/y2t1/inf2004-esp/pico/pico-sdk/src/rp2_common/pico_printf/printf.c.obj
 .text._out_rev
                0x100025f0       0xae CMakeFiles/line_sensor.dir/Users/seankzw/Desktop/SIT/year_2/y2t1/inf2004-esp/pico/pico-sdk/src/rp2_common/pico_printf/printf.c.obj
 .text._ntoa_format
                0x1000269e      0x110 CMakeFiles/line_sensor.dir/Users/seankzw/Desktop/SIT/year_2/y2t1/inf2004-esp/pico/pico-sdk/src/rp2_common/pico_printf/printf.c.obj
 .text._ntoa_long
                0x100027ae       0xbc CMakeFiles/line_sensor.dir/Users/seankzw/Desktop/SIT/year_2/y2t1/inf2004-esp/pico/pico-sdk/src/rp2_common/pico_printf/printf.c.obj
 .text._ntoa_long_long
                0x1000286a      0x10e CMakeFiles/line_sensor.dir/Users/seankzw/Desktop/SIT/year_2/y2t1/inf2004-esp/pico/pico-sdk/src/rp2_common/pico_printf/printf.c.obj
 .text._etoa    0x10002978      0x420 CMakeFiles/line_sensor.dir/Users/seankzw/Desktop/SIT/year_2/y2t1/inf2004-esp/pico/pico-sdk/src/rp2_common/pico_printf/printf.c.obj
 .text._ftoa    0x10002d98      0x354 CMakeFiles/line_sensor.dir/Users/seankzw/Desktop/SIT/year_2/y2t1/inf2004-esp/pico/pico-sdk/src/rp2_common/pico_printf/printf.c.obj
 .text._vsnprintf
                0x100030ec      0x65c CMakeFiles/line_sensor.dir/Users/seankzw/Desktop/SIT/year_2/y2t1/inf2004-esp/pico/pico-sdk/src/rp2_common/pico_printf/printf.c.obj
 .text.vfctprintf
                0x10003748       0x20 CMakeFiles/line_sensor.dir/Users/seankzw/Desktop/SIT/year_2/y2t1/inf2004-esp/pico/pico-sdk/src/rp2_common/pico_printf/printf.c.obj
                0x10003748                vfctprintf
 .text          0x10003768       0x10 CMakeFiles/line_sensor.dir/Users/seankzw/Desktop/SIT/year_2/y2t1/inf2004-esp/pico/pico-sdk/src/rp2_common/pico_bit_ops/bit_ops_aeabi.S.obj
 .text.rom_func_lookup
                0x10003778       0x10 CMakeFiles/line_sensor.dir/Users/seankzw/Desktop/SIT/year_2/y2t1/inf2004-esp/pico/pico-sdk/src/rp2_common/pico_bootrom/bootrom.c.obj
                0x10003778                rom_func_lookup
 .text.rom_data_lookup
                0x10003788       0x10 CMakeFiles/line_sensor.dir/Users/seankzw/Desktop/SIT/year_2/y2t1/inf2004-esp/pico/pico-sdk/src/rp2_common/pico_bootrom/bootrom.c.obj
                0x10003788                rom_data_lookup
 .text.rom_funcs_lookup
                0x10003798       0x36 CMakeFiles/line_sensor.dir/Users/seankzw/Desktop/SIT/year_2/y2t1/inf2004-esp/pico/pico-sdk/src/rp2_common/pico_bootrom/bootrom.c.obj
                0x10003798                rom_funcs_lookup
 *fill*         0x100037ce        0x2 
 .text.__wrap___aeabi_idiv
                0x100037d0       0x50 CMakeFiles/line_sensor.dir/Users/seankzw/Desktop/SIT/year_2/y2t1/inf2004-esp/pico/pico-sdk/src/rp2_common/pico_divider/divider.S.obj
                0x100037d0                __wrap___aeabi_idivmod
                0x100037d0                divmod_s32s32
                0x100037d0                div_s32s32
                0x100037d0                __wrap___aeabi_idiv
                0x100037d8                divmod_s32s32_unsafe
                0x10003804                divmod_s32s32_savestate
 .text.__wrap___aeabi_uidiv
                0x10003820       0x4c CMakeFiles/line_sensor.dir/Users/seankzw/Desktop/SIT/year_2/y2t1/inf2004-esp/pico/pico-sdk/src/rp2_common/pico_divider/divider.S.obj
                0x10003820                __wrap___aeabi_uidiv
                0x10003820                __wrap___aeabi_uidivmod
                0x10003820                div_u32u32
                0x10003820                divmod_u32u32
                0x10003828                divmod_u32u32_unsafe
                0x10003850                divmod_u32u32_savestate
 .text.__wrap___aeabi_ldiv
                0x1000386c      0x424 CMakeFiles/line_sensor.dir/Users/seankzw/Desktop/SIT/year_2/y2t1/inf2004-esp/pico/pico-sdk/src/rp2_common/pico_divider/divider.S.obj
                0x1000386c                __wrap___aeabi_ldivmod
                0x1000386c                div_s64s64
                0x1000386c                divmod_s64s64
                0x1000389c                divmod_u64u64
                0x1000389c                div_u64u64
                0x1000389c                __wrap___aeabi_uldivmod
                0x100038ac                divmod_u64u64_savestate
                0x100038cc                divmod_s64s64_unsafe
                0x10003954                divmod_u64u64_unsafe
 .text.__wrap___aeabi_darithmetic
                0x10003c90       0x60 CMakeFiles/line_sensor.dir/Users/seankzw/Desktop/SIT/year_2/y2t1/inf2004-esp/pico/pico-sdk/src/rp2_common/pico_double/double_aeabi.S.obj
                0x10003c90                __wrap___aeabi_drsub
                0x10003c96                __wrap___aeabi_dsub
                0x10003ca0                __wrap___aeabi_dadd
                0x10003caa                __wrap___aeabi_ddiv
                0x10003cde                __wrap___aeabi_dmul
 .text.__wrap___aeabi_cdcmple
                0x10003cf0       0x6c CMakeFiles/line_sensor.dir/Users/seankzw/Desktop/SIT/year_2/y2t1/inf2004-esp/pico/pico-sdk/src/rp2_common/pico_double/double_aeabi.S.obj
                0x10003cf0                __wrap___aeabi_cdrcmple
                0x10003d00                __wrap___aeabi_cdcmple
                0x10003d00                __wrap___aeabi_cdcmpeq
 .text.__wrap___aeabi_dcmplt
                0x10003d5c        0xc CMakeFiles/line_sensor.dir/Users/seankzw/Desktop/SIT/year_2/y2t1/inf2004-esp/pico/pico-sdk/src/rp2_common/pico_double/double_aeabi.S.obj
                0x10003d5c                __wrap___aeabi_dcmplt
 .text.__wrap___aeabi_dcmple
                0x10003d68       0x10 CMakeFiles/line_sensor.dir/Users/seankzw/Desktop/SIT/year_2/y2t1/inf2004-esp/pico/pico-sdk/src/rp2_common/pico_double/double_aeabi.S.obj
                0x10003d68                __wrap___aeabi_dcmple
 .text.__wrap___aeabi_dcmpge
                0x10003d78       0x10 CMakeFiles/line_sensor.dir/Users/seankzw/Desktop/SIT/year_2/y2t1/inf2004-esp/pico/pico-sdk/src/rp2_common/pico_double/double_aeabi.S.obj
                0x10003d78                __wrap___aeabi_dcmpge
 .text.__wrap___aeabi_dcmpgt
                0x10003d88        0xa CMakeFiles/line_sensor.dir/Users/seankzw/Desktop/SIT/year_2/y2t1/inf2004-esp/pico/pico-sdk/src/rp2_common/pico_double/double_aeabi.S.obj
                0x10003d88                __wrap___aeabi_dcmpgt
 .text.__wrap___aeabi_dcmpun
                0x10003d92       0x1c CMakeFiles/line_sensor.dir/Users/seankzw/Desktop/SIT/year_2/y2t1/inf2004-esp/pico/pico-sdk/src/rp2_common/pico_double/double_aeabi.S.obj
                0x10003d92                __wrap___aeabi_dcmpun
 *fill*         0x10003dae        0x2 
 .text.__wrap___aeabi_i2d
                0x10003db0       0x38 CMakeFiles/line_sensor.dir/Users/seankzw/Desktop/SIT/year_2/y2t1/inf2004-esp/pico/pico-sdk/src/rp2_common/pico_double/double_aeabi.S.obj
                0x10003db0                __wrap___aeabi_ui2d
                0x10003db8                __wrap___aeabi_i2d
 .text.__wrap___aeabi_d2iz
                0x10003de8       0x48 CMakeFiles/line_sensor.dir/Users/seankzw/Desktop/SIT/year_2/y2t1/inf2004-esp/pico/pico-sdk/src/rp2_common/pico_double/double_aeabi.S.obj
                0x10003de8                __wrap___aeabi_d2iz
                0x10003de8                double2int_z
 .text.__wrap___aeabi_d2uiz
                0x10003e30       0x10 CMakeFiles/line_sensor.dir/Users/seankzw/Desktop/SIT/year_2/y2t1/inf2004-esp/pico/pico-sdk/src/rp2_common/pico_double/double_aeabi.S.obj
                0x10003e30                double2uint
                0x10003e30                __wrap___aeabi_d2uiz
 .text.missing_double_func_shim
                0x10003e40        0xc CMakeFiles/line_sensor.dir/Users/seankzw/Desktop/SIT/year_2/y2t1/inf2004-esp/pico/pico-sdk/src/rp2_common/pico_double/double_init_rom.c.obj
 .text.__aeabi_double_init
                0x10003e4c       0xd0 CMakeFiles/line_sensor.dir/Users/seankzw/Desktop/SIT/year_2/y2t1/inf2004-esp/pico/pico-sdk/src/rp2_common/pico_double/double_init_rom.c.obj
                0x10003e4c                __aeabi_double_init
 .text.double_table_shim_on_use_helper
                0x10003f1c       0x34 CMakeFiles/line_sensor.dir/Users/seankzw/Desktop/SIT/year_2/y2t1/inf2004-esp/pico/pico-sdk/src/rp2_common/pico_double/double_v1_rom_shim.S.obj
                0x10003f1c                double_table_shim_on_use_helper
 .text.__aeabi_lmul
                0x10003f50       0x32 CMakeFiles/line_sensor.dir/Users/seankzw/Desktop/SIT/year_2/y2t1/inf2004-esp/pico/pico-sdk/src/rp2_common/pico_int64_ops/pico_int64_ops_aeabi.S.obj
                0x10003f50                __wrap___aeabi_lmul
 *fill*         0x10003f82        0x2 
 .text.missing_float_func_shim
                0x10003f84        0xc CMakeFiles/line_sensor.dir/Users/seankzw/Desktop/SIT/year_2/y2t1/inf2004-esp/pico/pico-sdk/src/rp2_common/pico_float/float_init_rom.c.obj
 .text.__aeabi_float_init
                0x10003f90       0x88 CMakeFiles/line_sensor.dir/Users/seankzw/Desktop/SIT/year_2/y2t1/inf2004-esp/pico/pico-sdk/src/rp2_common/pico_float/float_init_rom.c.obj
                0x10003f90                __aeabi_float_init
 .text          0x10004018       0x10 CMakeFiles/line_sensor.dir/Users/seankzw/Desktop/SIT/year_2/y2t1/inf2004-esp/pico/pico-sdk/src/rp2_common/pico_mem_ops/mem_ops_aeabi.S.obj
                0x10004018                __aeabi_mem_init
 .text.memset   0x10004028        0xc CMakeFiles/line_sensor.dir/Users/seankzw/Desktop/SIT/year_2/y2t1/inf2004-esp/pico/pico-sdk/src/rp2_common/pico_mem_ops/mem_ops_aeabi.S.obj
                0x10004028                __wrap_memset
 .text.memcpy   0x10004034        0xc CMakeFiles/line_sensor.dir/Users/seankzw/Desktop/SIT/year_2/y2t1/inf2004-esp/pico/pico-sdk/src/rp2_common/pico_mem_ops/mem_ops_aeabi.S.obj
                0x10004034                __wrap___aeabi_memcpy
                0x10004034                __wrap_memcpy
 .text.stdio_out_chars_no_crlf
                0x10004040        0xe CMakeFiles/line_sensor.dir/Users/seankzw/Desktop/SIT/year_2/y2t1/inf2004-esp/pico/pico-sdk/src/rp2_common/pico_stdio/stdio.c.obj
 *fill*         0x1000404e        0x2 
 .text.stdio_out_chars_crlf
                0x10004050       0x80 CMakeFiles/line_sensor.dir/Users/seankzw/Desktop/SIT/year_2/y2t1/inf2004-esp/pico/pico-sdk/src/rp2_common/pico_stdio/stdio.c.obj
 .text.stdio_stack_buffer_flush
                0x100040d0       0x44 CMakeFiles/line_sensor.dir/Users/seankzw/Desktop/SIT/year_2/y2t1/inf2004-esp/pico/pico-sdk/src/rp2_common/pico_stdio/stdio.c.obj
 .text.stdio_buffered_printer
                0x10004114       0x20 CMakeFiles/line_sensor.dir/Users/seankzw/Desktop/SIT/year_2/y2t1/inf2004-esp/pico/pico-sdk/src/rp2_common/pico_stdio/stdio.c.obj
 .text.update_us_since_boot
                0x10004134       0x24 CMakeFiles/line_sensor.dir/Users/seankzw/Desktop/SIT/year_2/y2t1/inf2004-esp/pico/pico-sdk/src/rp2_common/pico_stdio/stdio.c.obj
 .text.get_absolute_time
                0x10004158       0x22 CMakeFiles/line_sensor.dir/Users/seankzw/Desktop/SIT/year_2/y2t1/inf2004-esp/pico/pico-sdk/src/rp2_common/pico_stdio/stdio.c.obj
 *fill*         0x1000417a        0x2 
 .text.delayed_by_ms
                0x1000417c       0x44 CMakeFiles/line_sensor.dir/Users/seankzw/Desktop/SIT/year_2/y2t1/inf2004-esp/pico/pico-sdk/src/rp2_common/pico_stdio/stdio.c.obj
 .text.make_timeout_time_ms
                0x100041c0       0x20 CMakeFiles/line_sensor.dir/Users/seankzw/Desktop/SIT/year_2/y2t1/inf2004-esp/pico/pico-sdk/src/rp2_common/pico_stdio/stdio.c.obj
 .text.stdout_serialize_begin
                0x100041e0       0x20 CMakeFiles/line_sensor.dir/Users/seankzw/Desktop/SIT/year_2/y2t1/inf2004-esp/pico/pico-sdk/src/rp2_common/pico_stdio/stdio.c.obj
                0x100041e0                stdout_serialize_begin
 .text.stdout_serialize_end
                0x10004200       0x10 CMakeFiles/line_sensor.dir/Users/seankzw/Desktop/SIT/year_2/y2t1/inf2004-esp/pico/pico-sdk/src/rp2_common/pico_stdio/stdio.c.obj
                0x10004200                stdout_serialize_end
 .text.stdio_put_string
                0x10004210       0x98 CMakeFiles/line_sensor.dir/Users/seankzw/Desktop/SIT/year_2/y2t1/inf2004-esp/pico/pico-sdk/src/rp2_common/pico_stdio/stdio.c.obj
 .text.stdio_set_driver_enabled
                0x100042a8       0x2c CMakeFiles/line_sensor.dir/Users/seankzw/Desktop/SIT/year_2/y2t1/inf2004-esp/pico/pico-sdk/src/rp2_common/pico_stdio/stdio.c.obj
                0x100042a8                stdio_set_driver_enabled
 .text.stdio_flush
                0x100042d4       0x20 CMakeFiles/line_sensor.dir/Users/seankzw/Desktop/SIT/year_2/y2t1/inf2004-esp/pico/pico-sdk/src/rp2_common/pico_stdio/stdio.c.obj
                0x100042d4                stdio_flush
 .text.__wrap_puts
                0x100042f4       0x1e CMakeFiles/line_sensor.dir/Users/seankzw/Desktop/SIT/year_2/y2t1/inf2004-esp/pico/pico-sdk/src/rp2_common/pico_stdio/stdio.c.obj
                0x100042f4                __wrap_puts
 *fill*         0x10004312        0x2 
 .text.__wrap_vprintf
                0x10004314       0x40 CMakeFiles/line_sensor.dir/Users/seankzw/Desktop/SIT/year_2/y2t1/inf2004-esp/pico/pico-sdk/src/rp2_common/pico_stdio/stdio.c.obj
                0x10004314                __wrap_vprintf
 .text.__wrap_printf
                0x10004354       0x18 CMakeFiles/line_sensor.dir/Users/seankzw/Desktop/SIT/year_2/y2t1/inf2004-esp/pico/pico-sdk/src/rp2_common/pico_stdio/stdio.c.obj
                0x10004354                __wrap_printf
 .text.stdio_init_all
                0x1000436c        0xe CMakeFiles/line_sensor.dir/Users/seankzw/Desktop/SIT/year_2/y2t1/inf2004-esp/pico/pico-sdk/src/rp2_common/pico_stdio/stdio.c.obj
                0x1000436c                stdio_init_all
 *fill*         0x1000437a        0x2 
 .text.uart_putc
                0x1000437c       0x60 CMakeFiles/line_sensor.dir/Users/seankzw/Desktop/SIT/year_2/y2t1/inf2004-esp/pico/pico-sdk/src/rp2_common/pico_stdio_uart/stdio_uart.c.obj
 .text.uart_getc
                0x100043dc       0x24 CMakeFiles/line_sensor.dir/Users/seankzw/Desktop/SIT/year_2/y2t1/inf2004-esp/pico/pico-sdk/src/rp2_common/pico_stdio_uart/stdio_uart.c.obj
 .text.stdio_uart_out_chars
                0x10004400       0x20 CMakeFiles/line_sensor.dir/Users/seankzw/Desktop/SIT/year_2/y2t1/inf2004-esp/pico/pico-sdk/src/rp2_common/pico_stdio_uart/stdio_uart.c.obj
 .text.stdio_uart_in_chars
                0x10004420       0x5c CMakeFiles/line_sensor.dir/Users/seankzw/Desktop/SIT/year_2/y2t1/inf2004-esp/pico/pico-sdk/src/rp2_common/pico_stdio_uart/stdio_uart.c.obj
                0x10004420                stdio_uart_in_chars
 .text.on_uart_rx
                0x1000447c       0x28 CMakeFiles/line_sensor.dir/Users/seankzw/Desktop/SIT/year_2/y2t1/inf2004-esp/pico/pico-sdk/src/rp2_common/pico_stdio_uart/stdio_uart.c.obj
 .text.stdio_uart_set_chars_available_callback
                0x100044a4       0x8c CMakeFiles/line_sensor.dir/Users/seankzw/Desktop/SIT/year_2/y2t1/inf2004-esp/pico/pico-sdk/src/rp2_common/pico_stdio_uart/stdio_uart.c.obj
 .text.stdio_uart_init_full
                0x10004530       0x44 CMakeFiles/line_sensor.dir/Users/seankzw/Desktop/SIT/year_2/y2t1/inf2004-esp/pico/pico-sdk/src/rp2_common/pico_stdio_uart/stdio_uart.c.obj
                0x10004530                stdio_uart_init_full
 .text.stdio_uart_init
                0x10004574       0x28 CMakeFiles/line_sensor.dir/Users/seankzw/Desktop/SIT/year_2/y2t1/inf2004-esp/pico/pico-sdk/src/rp2_common/pico_stdio_uart/stdio_uart.c.obj
                0x10004574                stdio_uart_init
 .text.resetd_init
                0x1000459c        0x2 CMakeFiles/line_sensor.dir/Users/seankzw/Desktop/SIT/year_2/y2t1/inf2004-esp/pico/pico-sdk/src/rp2_common/pico_stdio_usb/reset_interface.c.obj
 *fill*         0x1000459e        0x2 
 .text.resetd_reset
                0x100045a0        0xc CMakeFiles/line_sensor.dir/Users/seankzw/Desktop/SIT/year_2/y2t1/inf2004-esp/pico/pico-sdk/src/rp2_common/pico_stdio_usb/reset_interface.c.obj
 .text.resetd_open
                0x100045ac       0x34 CMakeFiles/line_sensor.dir/Users/seankzw/Desktop/SIT/year_2/y2t1/inf2004-esp/pico/pico-sdk/src/rp2_common/pico_stdio_usb/reset_interface.c.obj
 .text.resetd_xfer_cb
                0x100045e0        0x4 CMakeFiles/line_sensor.dir/Users/seankzw/Desktop/SIT/year_2/y2t1/inf2004-esp/pico/pico-sdk/src/rp2_common/pico_stdio_usb/reset_interface.c.obj
 .text.reset_usb_boot
                0x100045e4       0x18 CMakeFiles/line_sensor.dir/Users/seankzw/Desktop/SIT/year_2/y2t1/inf2004-esp/pico/pico-sdk/src/rp2_common/pico_stdio_usb/reset_interface.c.obj
 .text.resetd_control_xfer_cb
                0x100045fc       0x5c CMakeFiles/line_sensor.dir/Users/seankzw/Desktop/SIT/year_2/y2t1/inf2004-esp/pico/pico-sdk/src/rp2_common/pico_stdio_usb/reset_interface.c.obj
 .text.usbd_app_driver_get_cb
                0x10004658        0xc CMakeFiles/line_sensor.dir/Users/seankzw/Desktop/SIT/year_2/y2t1/inf2004-esp/pico/pico-sdk/src/rp2_common/pico_stdio_usb/reset_interface.c.obj
                0x10004658                usbd_app_driver_get_cb
 .text.tud_cdc_line_coding_cb
                0x10004664       0x28 CMakeFiles/line_sensor.dir/Users/seankzw/Desktop/SIT/year_2/y2t1/inf2004-esp/pico/pico-sdk/src/rp2_common/pico_stdio_usb/reset_interface.c.obj
                0x10004664                tud_cdc_line_coding_cb
 .text.stdio_usb_set_chars_available_callback
                0x1000468c       0x14 CMakeFiles/line_sensor.dir/Users/seankzw/Desktop/SIT/year_2/y2t1/inf2004-esp/pico/pico-sdk/src/rp2_common/pico_stdio_usb/stdio_usb.c.obj
                0x1000468c                stdio_usb_set_chars_available_callback
 .text.update_us_since_boot
                0x100046a0       0x24 CMakeFiles/line_sensor.dir/Users/seankzw/Desktop/SIT/year_2/y2t1/inf2004-esp/pico/pico-sdk/src/rp2_common/pico_stdio_usb/stdio_usb.c.obj
 .text.get_absolute_time
                0x100046c4       0x22 CMakeFiles/line_sensor.dir/Users/seankzw/Desktop/SIT/year_2/y2t1/inf2004-esp/pico/pico-sdk/src/rp2_common/pico_stdio_usb/stdio_usb.c.obj
 *fill*         0x100046e6        0x2 
 .text.delayed_by_ms
                0x100046e8       0x44 CMakeFiles/line_sensor.dir/Users/seankzw/Desktop/SIT/year_2/y2t1/inf2004-esp/pico/pico-sdk/src/rp2_common/pico_stdio_usb/stdio_usb.c.obj
 .text.make_timeout_time_ms
                0x1000472c       0x20 CMakeFiles/line_sensor.dir/Users/seankzw/Desktop/SIT/year_2/y2t1/inf2004-esp/pico/pico-sdk/src/rp2_common/pico_stdio_usb/stdio_usb.c.obj
 .text.delayed_by_us
                0x1000474c       0x34 CMakeFiles/line_sensor.dir/Users/seankzw/Desktop/SIT/year_2/y2t1/inf2004-esp/pico/pico-sdk/src/rp2_common/pico_stdio_usb/stdio_usb.c.obj
 .text.usb_irq  0x10004780       0x10 CMakeFiles/line_sensor.dir/Users/seankzw/Desktop/SIT/year_2/y2t1/inf2004-esp/pico/pico-sdk/src/rp2_common/pico_stdio_usb/stdio_usb.c.obj
 .text.critical_section_enter_blocking
                0x10004790       0x16 CMakeFiles/line_sensor.dir/Users/seankzw/Desktop/SIT/year_2/y2t1/inf2004-esp/pico/pico-sdk/src/rp2_common/pico_stdio_usb/stdio_usb.c.obj
 *fill*         0x100047a6        0x2 
 .text.timer_task
                0x100047a8       0x4c CMakeFiles/line_sensor.dir/Users/seankzw/Desktop/SIT/year_2/y2t1/inf2004-esp/pico/pico-sdk/src/rp2_common/pico_stdio_usb/stdio_usb.c.obj
 .text.alarm_pool_add_alarm_in_us
                0x100047f4       0x3a CMakeFiles/line_sensor.dir/Users/seankzw/Desktop/SIT/year_2/y2t1/inf2004-esp/pico/pico-sdk/src/rp2_common/pico_stdio_usb/stdio_usb.c.obj
 .text.add_alarm_in_us
                0x1000482e       0x2e CMakeFiles/line_sensor.dir/Users/seankzw/Desktop/SIT/year_2/y2t1/inf2004-esp/pico/pico-sdk/src/rp2_common/pico_stdio_usb/stdio_usb.c.obj
 .text.low_priority_worker_irq
                0x1000485c       0x7c CMakeFiles/line_sensor.dir/Users/seankzw/Desktop/SIT/year_2/y2t1/inf2004-esp/pico/pico-sdk/src/rp2_common/pico_stdio_usb/stdio_usb.c.obj
 .text.tud_cdc_rx_cb
                0x100048d8       0x20 CMakeFiles/line_sensor.dir/Users/seankzw/Desktop/SIT/year_2/y2t1/inf2004-esp/pico/pico-sdk/src/rp2_common/pico_stdio_usb/stdio_usb.c.obj
                0x100048d8                tud_cdc_rx_cb
 .text.stdio_usb_init
                0x100048f8       0xd0 CMakeFiles/line_sensor.dir/Users/seankzw/Desktop/SIT/year_2/y2t1/inf2004-esp/pico/pico-sdk/src/rp2_common/pico_stdio_usb/stdio_usb.c.obj
                0x100048f8                stdio_usb_init
 .text.stdio_usb_connected
                0x100049c8        0xa CMakeFiles/line_sensor.dir/Users/seankzw/Desktop/SIT/year_2/y2t1/inf2004-esp/pico/pico-sdk/src/rp2_common/pico_stdio_usb/stdio_usb.c.obj
                0x100049c8                stdio_usb_connected
 *fill*         0x100049d2        0x2 
 .text.stdio_usb_in_chars
                0x100049d4       0x88 CMakeFiles/line_sensor.dir/Users/seankzw/Desktop/SIT/year_2/y2t1/inf2004-esp/pico/pico-sdk/src/rp2_common/pico_stdio_usb/stdio_usb.c.obj
                0x100049d4                stdio_usb_in_chars
 .text.stdio_usb_out_chars
                0x10004a5c       0xd8 CMakeFiles/line_sensor.dir/Users/seankzw/Desktop/SIT/year_2/y2t1/inf2004-esp/pico/pico-sdk/src/rp2_common/pico_stdio_usb/stdio_usb.c.obj
 .text.tud_descriptor_device_cb
                0x10004b34        0x8 CMakeFiles/line_sensor.dir/Users/seankzw/Desktop/SIT/year_2/y2t1/inf2004-esp/pico/pico-sdk/src/rp2_common/pico_stdio_usb/stdio_usb_descriptors.c.obj
                0x10004b34                tud_descriptor_device_cb
 .text.tud_descriptor_configuration_cb
                0x10004b3c        0x8 CMakeFiles/line_sensor.dir/Users/seankzw/Desktop/SIT/year_2/y2t1/inf2004-esp/pico/pico-sdk/src/rp2_common/pico_stdio_usb/stdio_usb_descriptors.c.obj
                0x10004b3c                tud_descriptor_configuration_cb
 .text.tud_descriptor_string_cb
                0x10004b44       0x6c CMakeFiles/line_sensor.dir/Users/seankzw/Desktop/SIT/year_2/y2t1/inf2004-esp/pico/pico-sdk/src/rp2_common/pico_stdio_usb/stdio_usb_descriptors.c.obj
                0x10004b44                tud_descriptor_string_cb
 .text._retrieve_unique_id_on_boot
                0x10004bb0       0x10 CMakeFiles/line_sensor.dir/Users/seankzw/Desktop/SIT/year_2/y2t1/inf2004-esp/pico/pico-sdk/src/rp2_common/pico_unique_id/unique_id.c.obj
 .text.pico_get_unique_board_id_string
                0x10004bc0       0x5c CMakeFiles/line_sensor.dir/Users/seankzw/Desktop/SIT/year_2/y2t1/inf2004-esp/pico/pico-sdk/src/rp2_common/pico_unique_id/unique_id.c.obj
                0x10004bc0                pico_get_unique_board_id_string
 .text.flash_get_unique_id
                0x10004c1c       0x46 CMakeFiles/line_sensor.dir/Users/seankzw/Desktop/SIT/year_2/y2t1/inf2004-esp/pico/pico-sdk/src/rp2_common/hardware_flash/flash.c.obj
                0x10004c1c                flash_get_unique_id
 *fill*         0x10004c62        0x2 
 .text.hw_endpoint_get_by_addr
                0x10004c64       0x18 CMakeFiles/line_sensor.dir/Users/seankzw/Desktop/SIT/year_2/y2t1/inf2004-esp/pico/pico-sdk/lib/tinyusb/src/portable/raspberrypi/rp2040/dcd_rp2040.c.obj
 .text._hw_endpoint_alloc
                0x10004c7c       0x70 CMakeFiles/line_sensor.dir/Users/seankzw/Desktop/SIT/year_2/y2t1/inf2004-esp/pico/pico-sdk/lib/tinyusb/src/portable/raspberrypi/rp2040/dcd_rp2040.c.obj
 .text.hw_endpoint_init
                0x10004cec       0x88 CMakeFiles/line_sensor.dir/Users/seankzw/Desktop/SIT/year_2/y2t1/inf2004-esp/pico/pico-sdk/lib/tinyusb/src/portable/raspberrypi/rp2040/dcd_rp2040.c.obj
 .text.dcd_event_sof
                0x10004d74       0x2c CMakeFiles/line_sensor.dir/Users/seankzw/Desktop/SIT/year_2/y2t1/inf2004-esp/pico/pico-sdk/lib/tinyusb/src/portable/raspberrypi/rp2040/dcd_rp2040.c.obj
 .text.hw_endpoint_xfer
                0x10004da0       0x14 CMakeFiles/line_sensor.dir/Users/seankzw/Desktop/SIT/year_2/y2t1/inf2004-esp/pico/pico-sdk/lib/tinyusb/src/portable/raspberrypi/rp2040/dcd_rp2040.c.obj
 .text.dcd_int_enable
                0x10004db4       0x2c CMakeFiles/line_sensor.dir/Users/seankzw/Desktop/SIT/year_2/y2t1/inf2004-esp/pico/pico-sdk/lib/tinyusb/src/portable/raspberrypi/rp2040/dcd_rp2040.c.obj
                0x10004db4                dcd_int_enable
 .text.dcd_set_address
                0x10004de0       0x2c CMakeFiles/line_sensor.dir/Users/seankzw/Desktop/SIT/year_2/y2t1/inf2004-esp/pico/pico-sdk/lib/tinyusb/src/portable/raspberrypi/rp2040/dcd_rp2040.c.obj
                0x10004de0                dcd_set_address
 .text.dcd_connect
                0x10004e0c       0x10 CMakeFiles/line_sensor.dir/Users/seankzw/Desktop/SIT/year_2/y2t1/inf2004-esp/pico/pico-sdk/lib/tinyusb/src/portable/raspberrypi/rp2040/dcd_rp2040.c.obj
                0x10004e0c                dcd_connect
 .text.dcd_init
                0x10004e1c       0x80 CMakeFiles/line_sensor.dir/Users/seankzw/Desktop/SIT/year_2/y2t1/inf2004-esp/pico/pico-sdk/lib/tinyusb/src/portable/raspberrypi/rp2040/dcd_rp2040.c.obj
                0x10004e1c                dcd_init
 .text.dcd_edpt0_status_complete
                0x10004e9c       0x1c CMakeFiles/line_sensor.dir/Users/seankzw/Desktop/SIT/year_2/y2t1/inf2004-esp/pico/pico-sdk/lib/tinyusb/src/portable/raspberrypi/rp2040/dcd_rp2040.c.obj
                0x10004e9c                dcd_edpt0_status_complete
 .text.dcd_edpt_open
                0x10004eb8       0x40 CMakeFiles/line_sensor.dir/Users/seankzw/Desktop/SIT/year_2/y2t1/inf2004-esp/pico/pico-sdk/lib/tinyusb/src/portable/raspberrypi/rp2040/dcd_rp2040.c.obj
                0x10004eb8                dcd_edpt_open
 .text.dcd_edpt_close_all
                0x10004ef8        0x8 CMakeFiles/line_sensor.dir/Users/seankzw/Desktop/SIT/year_2/y2t1/inf2004-esp/pico/pico-sdk/lib/tinyusb/src/portable/raspberrypi/rp2040/dcd_rp2040.c.obj
                0x10004ef8                dcd_edpt_close_all
 .text.dcd_edpt_xfer
                0x10004f00       0x34 CMakeFiles/line_sensor.dir/Users/seankzw/Desktop/SIT/year_2/y2t1/inf2004-esp/pico/pico-sdk/lib/tinyusb/src/portable/raspberrypi/rp2040/dcd_rp2040.c.obj
                0x10004f00                dcd_edpt_xfer
 .text.dcd_edpt_stall
                0x10004f34       0x2c CMakeFiles/line_sensor.dir/Users/seankzw/Desktop/SIT/year_2/y2t1/inf2004-esp/pico/pico-sdk/lib/tinyusb/src/portable/raspberrypi/rp2040/dcd_rp2040.c.obj
                0x10004f34                dcd_edpt_stall
 .text.dcd_edpt_clear_stall
                0x10004f60       0x20 CMakeFiles/line_sensor.dir/Users/seankzw/Desktop/SIT/year_2/y2t1/inf2004-esp/pico/pico-sdk/lib/tinyusb/src/portable/raspberrypi/rp2040/dcd_rp2040.c.obj
                0x10004f60                dcd_edpt_clear_stall
 .text.rp2040_usb_init
                0x10004f80       0x4c CMakeFiles/line_sensor.dir/Users/seankzw/Desktop/SIT/year_2/y2t1/inf2004-esp/pico/pico-sdk/lib/tinyusb/src/portable/raspberrypi/rp2040/rp2040_usb.c.obj
                0x10004f80                rp2040_usb_init
 .text.hw_endpoint_xfer_start
                0x10004fcc       0x50 CMakeFiles/line_sensor.dir/Users/seankzw/Desktop/SIT/year_2/y2t1/inf2004-esp/pico/pico-sdk/lib/tinyusb/src/portable/raspberrypi/rp2040/rp2040_usb.c.obj
                0x10004fcc                hw_endpoint_xfer_start
 .text.configuration_reset
                0x1000501c       0x84 CMakeFiles/line_sensor.dir/Users/seankzw/Desktop/SIT/year_2/y2t1/inf2004-esp/pico/pico-sdk/lib/tinyusb/src/device/usbd.c.obj
 .text.critical_section_enter_blocking
                0x100050a0       0x16 CMakeFiles/line_sensor.dir/Users/seankzw/Desktop/SIT/year_2/y2t1/inf2004-esp/pico/pico-sdk/lib/tinyusb/src/device/usbd.c.obj
 .text.usbd_reset
                0x100050b6        0xc CMakeFiles/line_sensor.dir/Users/seankzw/Desktop/SIT/year_2/y2t1/inf2004-esp/pico/pico-sdk/lib/tinyusb/src/device/usbd.c.obj
 .text.invoke_class_control
                0x100050c2       0x1a CMakeFiles/line_sensor.dir/Users/seankzw/Desktop/SIT/year_2/y2t1/inf2004-esp/pico/pico-sdk/lib/tinyusb/src/device/usbd.c.obj
 .text.process_set_config
                0x100050dc      0x178 CMakeFiles/line_sensor.dir/Users/seankzw/Desktop/SIT/year_2/y2t1/inf2004-esp/pico/pico-sdk/lib/tinyusb/src/device/usbd.c.obj
 .text.process_get_descriptor
                0x10005254       0xdc CMakeFiles/line_sensor.dir/Users/seankzw/Desktop/SIT/year_2/y2t1/inf2004-esp/pico/pico-sdk/lib/tinyusb/src/device/usbd.c.obj
 .text.tud_mounted
                0x10005330       0x10 CMakeFiles/line_sensor.dir/Users/seankzw/Desktop/SIT/year_2/y2t1/inf2004-esp/pico/pico-sdk/lib/tinyusb/src/device/usbd.c.obj
                0x10005330                tud_mounted
 .text.tud_suspended
                0x10005340       0x10 CMakeFiles/line_sensor.dir/Users/seankzw/Desktop/SIT/year_2/y2t1/inf2004-esp/pico/pico-sdk/lib/tinyusb/src/device/usbd.c.obj
                0x10005340                tud_suspended
 .text.tud_inited
                0x10005350       0x14 CMakeFiles/line_sensor.dir/Users/seankzw/Desktop/SIT/year_2/y2t1/inf2004-esp/pico/pico-sdk/lib/tinyusb/src/device/usbd.c.obj
                0x10005350                tud_inited
 .text.tud_init
                0x10005364       0xcc CMakeFiles/line_sensor.dir/Users/seankzw/Desktop/SIT/year_2/y2t1/inf2004-esp/pico/pico-sdk/lib/tinyusb/src/device/usbd.c.obj
                0x10005364                tud_init
 .text.usbd_defer_func
                0x10005430       0x2a CMakeFiles/line_sensor.dir/Users/seankzw/Desktop/SIT/year_2/y2t1/inf2004-esp/pico/pico-sdk/lib/tinyusb/src/device/usbd.c.obj
                0x10005430                usbd_defer_func
 *fill*         0x1000545a        0x2 
 .text.usbd_edpt_open
                0x1000545c       0x34 CMakeFiles/line_sensor.dir/Users/seankzw/Desktop/SIT/year_2/y2t1/inf2004-esp/pico/pico-sdk/lib/tinyusb/src/device/usbd.c.obj
                0x1000545c                usbd_edpt_open
 .text.usbd_open_edpt_pair
                0x10005490       0x62 CMakeFiles/line_sensor.dir/Users/seankzw/Desktop/SIT/year_2/y2t1/inf2004-esp/pico/pico-sdk/lib/tinyusb/src/device/usbd.c.obj
                0x10005490                usbd_open_edpt_pair
 *fill*         0x100054f2        0x2 
 .text.usbd_edpt_claim
                0x100054f4       0x28 CMakeFiles/line_sensor.dir/Users/seankzw/Desktop/SIT/year_2/y2t1/inf2004-esp/pico/pico-sdk/lib/tinyusb/src/device/usbd.c.obj
                0x100054f4                usbd_edpt_claim
 .text.usbd_edpt_release
                0x1000551c       0x28 CMakeFiles/line_sensor.dir/Users/seankzw/Desktop/SIT/year_2/y2t1/inf2004-esp/pico/pico-sdk/lib/tinyusb/src/device/usbd.c.obj
                0x1000551c                usbd_edpt_release
 .text.usbd_edpt_xfer
                0x10005544       0x78 CMakeFiles/line_sensor.dir/Users/seankzw/Desktop/SIT/year_2/y2t1/inf2004-esp/pico/pico-sdk/lib/tinyusb/src/device/usbd.c.obj
                0x10005544                usbd_edpt_xfer
 .text.usbd_edpt_stall
                0x100055bc       0x48 CMakeFiles/line_sensor.dir/Users/seankzw/Desktop/SIT/year_2/y2t1/inf2004-esp/pico/pico-sdk/lib/tinyusb/src/device/usbd.c.obj
                0x100055bc                usbd_edpt_stall
 .text.usbd_edpt_clear_stall
                0x10005604       0x48 CMakeFiles/line_sensor.dir/Users/seankzw/Desktop/SIT/year_2/y2t1/inf2004-esp/pico/pico-sdk/lib/tinyusb/src/device/usbd.c.obj
                0x10005604                usbd_edpt_clear_stall
 .text.usbd_edpt_stalled
                0x1000564c       0x1c CMakeFiles/line_sensor.dir/Users/seankzw/Desktop/SIT/year_2/y2t1/inf2004-esp/pico/pico-sdk/lib/tinyusb/src/device/usbd.c.obj
                0x1000564c                usbd_edpt_stalled
 .text.process_control_request
                0x10005668      0x374 CMakeFiles/line_sensor.dir/Users/seankzw/Desktop/SIT/year_2/y2t1/inf2004-esp/pico/pico-sdk/lib/tinyusb/src/device/usbd.c.obj
 .text.tud_task_ext
                0x100059dc      0x1a8 CMakeFiles/line_sensor.dir/Users/seankzw/Desktop/SIT/year_2/y2t1/inf2004-esp/pico/pico-sdk/lib/tinyusb/src/device/usbd.c.obj
                0x100059dc                tud_task_ext
 .text._status_stage_xact
                0x10005b84       0x1a CMakeFiles/line_sensor.dir/Users/seankzw/Desktop/SIT/year_2/y2t1/inf2004-esp/pico/pico-sdk/lib/tinyusb/src/device/usbd_control.c.obj
 *fill*         0x10005b9e        0x2 
 .text._data_stage_xact
                0x10005ba0       0x58 CMakeFiles/line_sensor.dir/Users/seankzw/Desktop/SIT/year_2/y2t1/inf2004-esp/pico/pico-sdk/lib/tinyusb/src/device/usbd_control.c.obj
 .text.tud_control_status
                0x10005bf8       0x28 CMakeFiles/line_sensor.dir/Users/seankzw/Desktop/SIT/year_2/y2t1/inf2004-esp/pico/pico-sdk/lib/tinyusb/src/device/usbd_control.c.obj
                0x10005bf8                tud_control_status
 .text.tud_control_xfer
                0x10005c20       0x68 CMakeFiles/line_sensor.dir/Users/seankzw/Desktop/SIT/year_2/y2t1/inf2004-esp/pico/pico-sdk/lib/tinyusb/src/device/usbd_control.c.obj
                0x10005c20                tud_control_xfer
 .text.usbd_control_reset
                0x10005c88       0x14 CMakeFiles/line_sensor.dir/Users/seankzw/Desktop/SIT/year_2/y2t1/inf2004-esp/pico/pico-sdk/lib/tinyusb/src/device/usbd_control.c.obj
                0x10005c88                usbd_control_reset
 .text.usbd_control_set_complete_callback
                0x10005c9c        0xc CMakeFiles/line_sensor.dir/Users/seankzw/Desktop/SIT/year_2/y2t1/inf2004-esp/pico/pico-sdk/lib/tinyusb/src/device/usbd_control.c.obj
                0x10005c9c                usbd_control_set_complete_callback
 .text.usbd_control_set_request
                0x10005ca8       0x1c CMakeFiles/line_sensor.dir/Users/seankzw/Desktop/SIT/year_2/y2t1/inf2004-esp/pico/pico-sdk/lib/tinyusb/src/device/usbd_control.c.obj
                0x10005ca8                usbd_control_set_request
 .text.usbd_control_xfer_cb
                0x10005cc4       0xbc CMakeFiles/line_sensor.dir/Users/seankzw/Desktop/SIT/year_2/y2t1/inf2004-esp/pico/pico-sdk/lib/tinyusb/src/device/usbd_control.c.obj
                0x10005cc4                usbd_control_xfer_cb
 .text._prep_out_transaction
                0x10005d80       0x4a CMakeFiles/line_sensor.dir/Users/seankzw/Desktop/SIT/year_2/y2t1/inf2004-esp/pico/pico-sdk/lib/tinyusb/src/class/cdc/cdc_device.c.obj
 *fill*         0x10005dca        0x2 
 .text.tud_cdc_n_connected
                0x10005dcc       0x38 CMakeFiles/line_sensor.dir/Users/seankzw/Desktop/SIT/year_2/y2t1/inf2004-esp/pico/pico-sdk/lib/tinyusb/src/class/cdc/cdc_device.c.obj
                0x10005dcc                tud_cdc_n_connected
 .text.tud_cdc_n_available
                0x10005e04       0x18 CMakeFiles/line_sensor.dir/Users/seankzw/Desktop/SIT/year_2/y2t1/inf2004-esp/pico/pico-sdk/lib/tinyusb/src/class/cdc/cdc_device.c.obj
                0x10005e04                tud_cdc_n_available
 .text.tud_cdc_n_read
                0x10005e1c       0x28 CMakeFiles/line_sensor.dir/Users/seankzw/Desktop/SIT/year_2/y2t1/inf2004-esp/pico/pico-sdk/lib/tinyusb/src/class/cdc/cdc_device.c.obj
                0x10005e1c                tud_cdc_n_read
 .text.tud_cdc_n_write_flush
                0x10005e44       0xb8 CMakeFiles/line_sensor.dir/Users/seankzw/Desktop/SIT/year_2/y2t1/inf2004-esp/pico/pico-sdk/lib/tinyusb/src/class/cdc/cdc_device.c.obj
                0x10005e44                tud_cdc_n_write_flush
 .text.tud_cdc_n_write
                0x10005efc       0x38 CMakeFiles/line_sensor.dir/Users/seankzw/Desktop/SIT/year_2/y2t1/inf2004-esp/pico/pico-sdk/lib/tinyusb/src/class/cdc/cdc_device.c.obj
                0x10005efc                tud_cdc_n_write
 .text.tud_cdc_n_write_available
                0x10005f34       0x1c CMakeFiles/line_sensor.dir/Users/seankzw/Desktop/SIT/year_2/y2t1/inf2004-esp/pico/pico-sdk/lib/tinyusb/src/class/cdc/cdc_device.c.obj
                0x10005f34                tud_cdc_n_write_available
 .text.cdcd_init
                0x10005f50       0xbc CMakeFiles/line_sensor.dir/Users/seankzw/Desktop/SIT/year_2/y2t1/inf2004-esp/pico/pico-sdk/lib/tinyusb/src/class/cdc/cdc_device.c.obj
                0x10005f50                cdcd_init
 .text.cdcd_reset
                0x1000600c       0x44 CMakeFiles/line_sensor.dir/Users/seankzw/Desktop/SIT/year_2/y2t1/inf2004-esp/pico/pico-sdk/lib/tinyusb/src/class/cdc/cdc_device.c.obj
                0x1000600c                cdcd_reset
 .text.cdcd_open
                0x10006050       0xc4 CMakeFiles/line_sensor.dir/Users/seankzw/Desktop/SIT/year_2/y2t1/inf2004-esp/pico/pico-sdk/lib/tinyusb/src/class/cdc/cdc_device.c.obj
                0x10006050                cdcd_open
 .text.cdcd_control_xfer_cb
                0x10006114      0x134 CMakeFiles/line_sensor.dir/Users/seankzw/Desktop/SIT/year_2/y2t1/inf2004-esp/pico/pico-sdk/lib/tinyusb/src/class/cdc/cdc_device.c.obj
                0x10006114                cdcd_control_xfer_cb
 .text.cdcd_xfer_cb
                0x10006248      0x130 CMakeFiles/line_sensor.dir/Users/seankzw/Desktop/SIT/year_2/y2t1/inf2004-esp/pico/pico-sdk/lib/tinyusb/src/class/cdc/cdc_device.c.obj
                0x10006248                cdcd_xfer_cb
 .text.tusb_init
                0x10006378        0xa CMakeFiles/line_sensor.dir/Users/seankzw/Desktop/SIT/year_2/y2t1/inf2004-esp/pico/pico-sdk/lib/tinyusb/src/tusb.c.obj
                0x10006378                tusb_init
 .text.tusb_inited
                0x10006382        0xe CMakeFiles/line_sensor.dir/Users/seankzw/Desktop/SIT/year_2/y2t1/inf2004-esp/pico/pico-sdk/lib/tinyusb/src/tusb.c.obj
                0x10006382                tusb_inited
 .text.tu_edpt_claim
                0x10006390       0x50 CMakeFiles/line_sensor.dir/Users/seankzw/Desktop/SIT/year_2/y2t1/inf2004-esp/pico/pico-sdk/lib/tinyusb/src/tusb.c.obj
                0x10006390                tu_edpt_claim
 .text.tu_edpt_release
                0x100063e0       0x38 CMakeFiles/line_sensor.dir/Users/seankzw/Desktop/SIT/year_2/y2t1/inf2004-esp/pico/pico-sdk/lib/tinyusb/src/tusb.c.obj
                0x100063e0                tu_edpt_release
 .text.tu_edpt_validate
                0x10006418       0x78 CMakeFiles/line_sensor.dir/Users/seankzw/Desktop/SIT/year_2/y2t1/inf2004-esp/pico/pico-sdk/lib/tinyusb/src/tusb.c.obj
                0x10006418                tu_edpt_validate
 .text.tu_edpt_bind_driver
                0x10006490       0x26 CMakeFiles/line_sensor.dir/Users/seankzw/Desktop/SIT/year_2/y2t1/inf2004-esp/pico/pico-sdk/lib/tinyusb/src/tusb.c.obj
                0x10006490                tu_edpt_bind_driver
 .text.advance_index
                0x100064b6       0x1a CMakeFiles/line_sensor.dir/Users/seankzw/Desktop/SIT/year_2/y2t1/inf2004-esp/pico/pico-sdk/lib/tinyusb/src/common/tusb_fifo.c.obj
 .text._tu_fifo_peek
                0x100064d0       0x56 CMakeFiles/line_sensor.dir/Users/seankzw/Desktop/SIT/year_2/y2t1/inf2004-esp/pico/pico-sdk/lib/tinyusb/src/common/tusb_fifo.c.obj
 .text._ff_pull_const_addr
                0x10006526       0x4c CMakeFiles/line_sensor.dir/Users/seankzw/Desktop/SIT/year_2/y2t1/inf2004-esp/pico/pico-sdk/lib/tinyusb/src/common/tusb_fifo.c.obj
 .text._ff_pull_n
                0x10006572      0x110 CMakeFiles/line_sensor.dir/Users/seankzw/Desktop/SIT/year_2/y2t1/inf2004-esp/pico/pico-sdk/lib/tinyusb/src/common/tusb_fifo.c.obj
 .text._tu_fifo_peek_n
                0x10006682       0x6a CMakeFiles/line_sensor.dir/Users/seankzw/Desktop/SIT/year_2/y2t1/inf2004-esp/pico/pico-sdk/lib/tinyusb/src/common/tusb_fifo.c.obj
 .text._tu_fifo_read_n
                0x100066ec       0x4e CMakeFiles/line_sensor.dir/Users/seankzw/Desktop/SIT/year_2/y2t1/inf2004-esp/pico/pico-sdk/lib/tinyusb/src/common/tusb_fifo.c.obj
 .text._ff_push_const_addr
                0x1000673a       0x40 CMakeFiles/line_sensor.dir/Users/seankzw/Desktop/SIT/year_2/y2t1/inf2004-esp/pico/pico-sdk/lib/tinyusb/src/common/tusb_fifo.c.obj
 .text._ff_push_n
                0x1000677a      0x10c CMakeFiles/line_sensor.dir/Users/seankzw/Desktop/SIT/year_2/y2t1/inf2004-esp/pico/pico-sdk/lib/tinyusb/src/common/tusb_fifo.c.obj
 .text._tu_fifo_write_n
                0x10006886       0xf0 CMakeFiles/line_sensor.dir/Users/seankzw/Desktop/SIT/year_2/y2t1/inf2004-esp/pico/pico-sdk/lib/tinyusb/src/common/tusb_fifo.c.obj
 .text.tu_fifo_config
                0x10006976       0x7c CMakeFiles/line_sensor.dir/Users/seankzw/Desktop/SIT/year_2/y2t1/inf2004-esp/pico/pico-sdk/lib/tinyusb/src/common/tusb_fifo.c.obj
                0x10006976                tu_fifo_config
 .text.tu_fifo_count
                0x100069f2       0x2a CMakeFiles/line_sensor.dir/Users/seankzw/Desktop/SIT/year_2/y2t1/inf2004-esp/pico/pico-sdk/lib/tinyusb/src/common/tusb_fifo.c.obj
                0x100069f2                tu_fifo_count
 .text.tu_fifo_empty
                0x10006a1c        0xe CMakeFiles/line_sensor.dir/Users/seankzw/Desktop/SIT/year_2/y2t1/inf2004-esp/pico/pico-sdk/lib/tinyusb/src/common/tusb_fifo.c.obj
                0x10006a1c                tu_fifo_empty
 .text.tu_fifo_full
                0x10006a2a       0x28 CMakeFiles/line_sensor.dir/Users/seankzw/Desktop/SIT/year_2/y2t1/inf2004-esp/pico/pico-sdk/lib/tinyusb/src/common/tusb_fifo.c.obj
                0x10006a2a                tu_fifo_full
 .text.tu_fifo_remaining
                0x10006a52       0x2c CMakeFiles/line_sensor.dir/Users/seankzw/Desktop/SIT/year_2/y2t1/inf2004-esp/pico/pico-sdk/lib/tinyusb/src/common/tusb_fifo.c.obj
                0x10006a52                tu_fifo_remaining
 .text.tu_fifo_read
                0x10006a7e       0x42 CMakeFiles/line_sensor.dir/Users/seankzw/Desktop/SIT/year_2/y2t1/inf2004-esp/pico/pico-sdk/lib/tinyusb/src/common/tusb_fifo.c.obj
                0x10006a7e                tu_fifo_read
 .text.tu_fifo_read_n
                0x10006ac0        0xa CMakeFiles/line_sensor.dir/Users/seankzw/Desktop/SIT/year_2/y2t1/inf2004-esp/pico/pico-sdk/lib/tinyusb/src/common/tusb_fifo.c.obj
                0x10006ac0                tu_fifo_read_n
 .text.tu_fifo_write
                0x10006aca       0x64 CMakeFiles/line_sensor.dir/Users/seankzw/Desktop/SIT/year_2/y2t1/inf2004-esp/pico/pico-sdk/lib/tinyusb/src/common/tusb_fifo.c.obj
                0x10006aca                tu_fifo_write
 .text.tu_fifo_write_n
                0x10006b2e        0xa CMakeFiles/line_sensor.dir/Users/seankzw/Desktop/SIT/year_2/y2t1/inf2004-esp/pico/pico-sdk/lib/tinyusb/src/common/tusb_fifo.c.obj
                0x10006b2e                tu_fifo_write_n
 .text.tu_fifo_clear
                0x10006b38       0x3e CMakeFiles/line_sensor.dir/Users/seankzw/Desktop/SIT/year_2/y2t1/inf2004-esp/pico/pico-sdk/lib/tinyusb/src/common/tusb_fifo.c.obj
                0x10006b38                tu_fifo_clear
 .text.tu_fifo_set_overwritable
                0x10006b76       0x46 CMakeFiles/line_sensor.dir/Users/seankzw/Desktop/SIT/year_2/y2t1/inf2004-esp/pico/pico-sdk/lib/tinyusb/src/common/tusb_fifo.c.obj
                0x10006b76                tu_fifo_set_overwritable
 .text.strlen   0x10006bbc       0x5c /Applications/ArmGNUToolchain/12.3.rel1/arm-none-eabi/bin/../lib/gcc/arm-none-eabi/12.3.1/../../../../arm-none-eabi/lib/thumb/v6-m/nofp/libg.a(libc_a-strlen-stub.o)
                0x10006bbc                strlen
 *(.fini)
 .fini          0x10006c18        0x4 /Applications/ArmGNUToolchain/12.3.rel1/arm-none-eabi/bin/../lib/gcc/arm-none-eabi/12.3.1/thumb/v6-m/nofp/crti.o
                0x10006c18                _fini
 *fill*         0x10006c1c        0x4 
 .fini.__stub   0x10006c20       0xe0 linker stubs
 *crtbegin.o(.ctors)
 *crtbegin?.o(.ctors)
 *(EXCLUDE_FILE(*crtend.o *crtend?.o) .ctors)
 *(SORT_BY_NAME(.ctors.*))
 *(.ctors)
 *crtbegin.o(.dtors)
 *crtbegin?.o(.dtors)
 *(EXCLUDE_FILE(*crtend.o *crtend?.o) .dtors)
 *(SORT_BY_NAME(.dtors.*))
 *(.dtors)
 *(.eh_frame*)
 .eh_frame      0x10006d00        0x0 /Applications/ArmGNUToolchain/12.3.rel1/arm-none-eabi/bin/../lib/gcc/arm-none-eabi/12.3.1/thumb/v6-m/nofp/crtbegin.o
                0x10006d00                        . = ALIGN (0x4)

.glue_7         0x10006d00        0x0
 .glue_7        0x10006d00        0x0 linker stubs

.glue_7t        0x10006d00        0x0
 .glue_7t       0x10006d00        0x0 linker stubs

.vfp11_veneer   0x10006d00        0x0
 .vfp11_veneer  0x10006d00        0x0 linker stubs

.v4_bx          0x10006d00        0x0
 .v4_bx         0x10006d00        0x0 linker stubs

.iplt           0x10006d00        0x0
 .iplt          0x10006d00        0x0 /Applications/ArmGNUToolchain/12.3.rel1/arm-none-eabi/bin/../lib/gcc/arm-none-eabi/12.3.1/thumb/v6-m/nofp/crtbegin.o

.rodata         0x10006d00     0x18c4
 *(EXCLUDE_FILE(*libm.a: *libc.a:*lib_a-mem*.o *libgcc.a:) .rodata*)
 .rodata.line_sensor_isr.str1.4
                0x10006d00       0x37 CMakeFiles/line_sensor.dir/line_sensor.c.obj
 *fill*         0x10006d37        0x1 
 .rodata.main.str1.4
                0x10006d38       0x52 CMakeFiles/line_sensor.dir/main.c.obj
 *fill*         0x10006d8a        0x2 
 .rodata.spin_lock_claim_unused.str1.4
                0x10006d8c       0x1b CMakeFiles/line_sensor.dir/Users/seankzw/Desktop/SIT/year_2/y2t1/inf2004-esp/pico/pico-sdk/src/rp2_common/hardware_sync/sync.c.obj
 *fill*         0x10006da7        0x1 
 .rodata.resolve_branch.str1.4
                0x10006da8       0x7b CMakeFiles/line_sensor.dir/Users/seankzw/Desktop/SIT/year_2/y2t1/inf2004-esp/pico/pico-sdk/src/rp2_common/hardware_irq/irq.c.obj
 *fill*         0x10006e23        0x1 
 .rodata.make_branch.str1.4
                0x10006e24       0x30 CMakeFiles/line_sensor.dir/Users/seankzw/Desktop/SIT/year_2/y2t1/inf2004-esp/pico/pico-sdk/src/rp2_common/hardware_irq/irq.c.obj
 .rodata.insert_branch_and_link.str1.4
                0x10006e54       0x10 CMakeFiles/line_sensor.dir/Users/seankzw/Desktop/SIT/year_2/y2t1/inf2004-esp/pico/pico-sdk/src/rp2_common/hardware_irq/irq.c.obj
 .rodata.irq_set_exclusive_handler.str1.4
                0x10006e64       0x36 CMakeFiles/line_sensor.dir/Users/seankzw/Desktop/SIT/year_2/y2t1/inf2004-esp/pico/pico-sdk/src/rp2_common/hardware_irq/irq.c.obj
 *fill*         0x10006e9a        0x2 
 .rodata.irq_add_shared_handler.str1.4
                0x10006e9c       0xc2 CMakeFiles/line_sensor.dir/Users/seankzw/Desktop/SIT/year_2/y2t1/inf2004-esp/pico/pico-sdk/src/rp2_common/hardware_irq/irq.c.obj
 *fill*         0x10006f5e        0x2 
 .rodata.irq_remove_handler.str1.4
                0x10006f60       0x3a CMakeFiles/line_sensor.dir/Users/seankzw/Desktop/SIT/year_2/y2t1/inf2004-esp/pico/pico-sdk/src/rp2_common/hardware_irq/irq.c.obj
 *fill*         0x10006f9a        0x2 
 .rodata.irq_add_tail_to_free_list.str1.4
                0x10006f9c       0x3a CMakeFiles/line_sensor.dir/Users/seankzw/Desktop/SIT/year_2/y2t1/inf2004-esp/pico/pico-sdk/src/rp2_common/hardware_irq/irq.c.obj
 *fill*         0x10006fd6        0x2 
 .rodata.user_irq_claim_unused.str1.4
                0x10006fd8       0x1b CMakeFiles/line_sensor.dir/Users/seankzw/Desktop/SIT/year_2/y2t1/inf2004-esp/pico/pico-sdk/src/rp2_common/hardware_irq/irq.c.obj
 *fill*         0x10006ff3        0x1 
 .rodata.__func__.0
                0x10006ff4       0x1a CMakeFiles/line_sensor.dir/Users/seankzw/Desktop/SIT/year_2/y2t1/inf2004-esp/pico/pico-sdk/src/rp2_common/hardware_irq/irq.c.obj
 *fill*         0x1000700e        0x2 
 .rodata.__func__.1
                0x10007010       0x17 CMakeFiles/line_sensor.dir/Users/seankzw/Desktop/SIT/year_2/y2t1/inf2004-esp/pico/pico-sdk/src/rp2_common/hardware_irq/irq.c.obj
 *fill*         0x10007027        0x1 
 .rodata.__func__.2
                0x10007028       0x13 CMakeFiles/line_sensor.dir/Users/seankzw/Desktop/SIT/year_2/y2t1/inf2004-esp/pico/pico-sdk/src/rp2_common/hardware_irq/irq.c.obj
 *fill*         0x1000703b        0x1 
 .rodata.__func__.3
                0x1000703c        0xc CMakeFiles/line_sensor.dir/Users/seankzw/Desktop/SIT/year_2/y2t1/inf2004-esp/pico/pico-sdk/src/rp2_common/hardware_irq/irq.c.obj
 .rodata.__func__.4
                0x10007048        0xf CMakeFiles/line_sensor.dir/Users/seankzw/Desktop/SIT/year_2/y2t1/inf2004-esp/pico/pico-sdk/src/rp2_common/hardware_irq/irq.c.obj
 *fill*         0x10007057        0x1 
 .rodata.__func__.5
                0x10007058       0x17 CMakeFiles/line_sensor.dir/Users/seankzw/Desktop/SIT/year_2/y2t1/inf2004-esp/pico/pico-sdk/src/rp2_common/hardware_irq/irq.c.obj
 *fill*         0x1000706f        0x1 
 .rodata.__func__.6
                0x10007070       0x1a CMakeFiles/line_sensor.dir/Users/seankzw/Desktop/SIT/year_2/y2t1/inf2004-esp/pico/pico-sdk/src/rp2_common/hardware_irq/irq.c.obj
 *fill*         0x1000708a        0x2 
 .rodata.update_us_since_boot.str1.4
                0x1000708c       0x87 CMakeFiles/line_sensor.dir/Users/seankzw/Desktop/SIT/year_2/y2t1/inf2004-esp/pico/pico-sdk/src/common/pico_sync/mutex.c.obj
 *fill*         0x10007113        0x1 
 .rodata.str1.4
                0x10007114       0xb1 CMakeFiles/line_sensor.dir/Users/seankzw/Desktop/SIT/year_2/y2t1/inf2004-esp/pico/pico-sdk/src/common/pico_sync/mutex.c.obj
 *fill*         0x100071c5        0x3 
 .rodata.__func__.1
                0x100071c8        0xb CMakeFiles/line_sensor.dir/Users/seankzw/Desktop/SIT/year_2/y2t1/inf2004-esp/pico/pico-sdk/src/common/pico_sync/mutex.c.obj
 *fill*         0x100071d3        0x1 
 .rodata.__func__.3
                0x100071d4       0x18 CMakeFiles/line_sensor.dir/Users/seankzw/Desktop/SIT/year_2/y2t1/inf2004-esp/pico/pico-sdk/src/common/pico_sync/mutex.c.obj
 .rodata.__func__.4
                0x100071ec       0x15 CMakeFiles/line_sensor.dir/Users/seankzw/Desktop/SIT/year_2/y2t1/inf2004-esp/pico/pico-sdk/src/common/pico_sync/mutex.c.obj
 *fill*         0x10007201        0x3 
 .rodata.get_entry.str1.4
                0x10007204       0x81 CMakeFiles/line_sensor.dir/Users/seankzw/Desktop/SIT/year_2/y2t1/inf2004-esp/pico/pico-sdk/src/common/pico_time/time.c.obj
 .rodata.update_us_since_boot.str1.4
                0x10007285       0x87 CMakeFiles/line_sensor.dir/Users/seankzw/Desktop/SIT/year_2/y2t1/inf2004-esp/pico/pico-sdk/src/common/pico_time/time.c.obj
 *fill*         0x10007285        0x3 
 .rodata.ph_get_node.str1.4
                0x10007288       0x8c CMakeFiles/line_sensor.dir/Users/seankzw/Desktop/SIT/year_2/y2t1/inf2004-esp/pico/pico-sdk/src/common/pico_time/time.c.obj
 .rodata.ph_add_child_node.str1.4
                0x10007314       0x2e CMakeFiles/line_sensor.dir/Users/seankzw/Desktop/SIT/year_2/y2t1/inf2004-esp/pico/pico-sdk/src/common/pico_time/time.c.obj
 *fill*         0x10007342        0x2 
 .rodata.ph_insert_node.str1.4
                0x10007344        0x3 CMakeFiles/line_sensor.dir/Users/seankzw/Desktop/SIT/year_2/y2t1/inf2004-esp/pico/pico-sdk/src/common/pico_time/time.c.obj
 *fill*         0x10007347        0x1 
 .rodata.ph_free_node.str1.4
                0x10007348       0x38 CMakeFiles/line_sensor.dir/Users/seankzw/Desktop/SIT/year_2/y2t1/inf2004-esp/pico/pico-sdk/src/common/pico_time/time.c.obj
 .rodata.add_alarm_under_lock.str1.4
                0x10007380       0x28 CMakeFiles/line_sensor.dir/Users/seankzw/Desktop/SIT/year_2/y2t1/inf2004-esp/pico/pico-sdk/src/common/pico_time/time.c.obj
 .rodata.alarm_pool_alarm_callback.str1.4
                0x100073a8       0x60 CMakeFiles/line_sensor.dir/Users/seankzw/Desktop/SIT/year_2/y2t1/inf2004-esp/pico/pico-sdk/src/common/pico_time/time.c.obj
 .rodata.alarm_pool_get_default.str1.4
                0x10007408       0x21 CMakeFiles/line_sensor.dir/Users/seankzw/Desktop/SIT/year_2/y2t1/inf2004-esp/pico/pico-sdk/src/common/pico_time/time.c.obj
 *fill*         0x10007429        0x3 
 .rodata.alarm_pool_cancel_alarm.str1.4
                0x1000742c       0x27 CMakeFiles/line_sensor.dir/Users/seankzw/Desktop/SIT/year_2/y2t1/inf2004-esp/pico/pico-sdk/src/common/pico_time/time.c.obj
 *fill*         0x10007453        0x1 
 .rodata.sleep_until.str1.4
                0x10007454       0x4d CMakeFiles/line_sensor.dir/Users/seankzw/Desktop/SIT/year_2/y2t1/inf2004-esp/pico/pico-sdk/src/common/pico_time/time.c.obj
 *fill*         0x100074a1        0x3 
 .rodata.__func__.1
                0x100074a4       0x18 CMakeFiles/line_sensor.dir/Users/seankzw/Desktop/SIT/year_2/y2t1/inf2004-esp/pico/pico-sdk/src/common/pico_time/time.c.obj
 .rodata.__func__.3
                0x100074bc       0x17 CMakeFiles/line_sensor.dir/Users/seankzw/Desktop/SIT/year_2/y2t1/inf2004-esp/pico/pico-sdk/src/common/pico_time/time.c.obj
 *fill*         0x100074d3        0x1 
 .rodata.__func__.4
                0x100074d4       0x12 CMakeFiles/line_sensor.dir/Users/seankzw/Desktop/SIT/year_2/y2t1/inf2004-esp/pico/pico-sdk/src/common/pico_time/time.c.obj
 *fill*         0x100074e6        0x2 
 .rodata.__func__.5
                0x100074e8        0xd CMakeFiles/line_sensor.dir/Users/seankzw/Desktop/SIT/year_2/y2t1/inf2004-esp/pico/pico-sdk/src/common/pico_time/time.c.obj
 *fill*         0x100074f5        0x3 
 .rodata.__func__.6
                0x100074f8       0x12 CMakeFiles/line_sensor.dir/Users/seankzw/Desktop/SIT/year_2/y2t1/inf2004-esp/pico/pico-sdk/src/common/pico_time/time.c.obj
 *fill*         0x1000750a        0x2 
 .rodata.__func__.7
                0x1000750c        0xf CMakeFiles/line_sensor.dir/Users/seankzw/Desktop/SIT/year_2/y2t1/inf2004-esp/pico/pico-sdk/src/common/pico_time/time.c.obj
 *fill*         0x1000751b        0x1 
 .rodata.__func__.8
                0x1000751c        0xc CMakeFiles/line_sensor.dir/Users/seankzw/Desktop/SIT/year_2/y2t1/inf2004-esp/pico/pico-sdk/src/common/pico_time/time.c.obj
 .rodata.__func__.9
                0x10007528       0x15 CMakeFiles/line_sensor.dir/Users/seankzw/Desktop/SIT/year_2/y2t1/inf2004-esp/pico/pico-sdk/src/common/pico_time/time.c.obj
 *fill*         0x1000753d        0x3 
 .rodata.__func__.10
                0x10007540       0x15 CMakeFiles/line_sensor.dir/Users/seankzw/Desktop/SIT/year_2/y2t1/inf2004-esp/pico/pico-sdk/src/common/pico_time/time.c.obj
 *fill*         0x10007555        0x3 
 .rodata.__func__.11
                0x10007558       0x1a CMakeFiles/line_sensor.dir/Users/seankzw/Desktop/SIT/year_2/y2t1/inf2004-esp/pico/pico-sdk/src/common/pico_time/time.c.obj
 *fill*         0x10007572        0x2 
 .rodata.__func__.12
                0x10007574        0xa CMakeFiles/line_sensor.dir/Users/seankzw/Desktop/SIT/year_2/y2t1/inf2004-esp/pico/pico-sdk/src/common/pico_time/time.c.obj
 .rodata.update_us_since_boot.str1.4
                0x1000757e       0x87 CMakeFiles/line_sensor.dir/Users/seankzw/Desktop/SIT/year_2/y2t1/inf2004-esp/pico/pico-sdk/src/rp2_common/hardware_timer/timer.c.obj
 *fill*         0x1000757e        0x2 
 .rodata.hardware_alarm_claim.str1.4
                0x10007580       0x22 CMakeFiles/line_sensor.dir/Users/seankzw/Desktop/SIT/year_2/y2t1/inf2004-esp/pico/pico-sdk/src/rp2_common/hardware_timer/timer.c.obj
 *fill*         0x100075a2        0x2 
 .rodata.hardware_alarm_set_target.str1.4
                0x100075a4       0x8b CMakeFiles/line_sensor.dir/Users/seankzw/Desktop/SIT/year_2/y2t1/inf2004-esp/pico/pico-sdk/src/rp2_common/hardware_timer/timer.c.obj
 *fill*         0x1000762f        0x1 
 .rodata.__func__.0
                0x10007630       0x1a CMakeFiles/line_sensor.dir/Users/seankzw/Desktop/SIT/year_2/y2t1/inf2004-esp/pico/pico-sdk/src/rp2_common/hardware_timer/timer.c.obj
 *fill*         0x1000764a        0x2 
 .rodata.__func__.1
                0x1000764c       0x15 CMakeFiles/line_sensor.dir/Users/seankzw/Desktop/SIT/year_2/y2t1/inf2004-esp/pico/pico-sdk/src/rp2_common/hardware_timer/timer.c.obj
 .rodata.ph_get_node.str1.4
                0x10007661       0x8c CMakeFiles/line_sensor.dir/Users/seankzw/Desktop/SIT/year_2/y2t1/inf2004-esp/pico/pico-sdk/src/common/pico_util/pheap.c.obj
 .rodata.ph_add_child_node.str1.4
                0x10007661       0x2e CMakeFiles/line_sensor.dir/Users/seankzw/Desktop/SIT/year_2/y2t1/inf2004-esp/pico/pico-sdk/src/common/pico_util/pheap.c.obj
 *fill*         0x10007661        0x3 
 .rodata.ph_remove_any_head.str1.4
                0x10007664       0xb4 CMakeFiles/line_sensor.dir/Users/seankzw/Desktop/SIT/year_2/y2t1/inf2004-esp/pico/pico-sdk/src/common/pico_util/pheap.c.obj
                                 0xc8 (size before relaxing)
 .rodata.ph_remove_and_free_node.str1.4
                0x10007718       0x1e CMakeFiles/line_sensor.dir/Users/seankzw/Desktop/SIT/year_2/y2t1/inf2004-esp/pico/pico-sdk/src/common/pico_util/pheap.c.obj
                                 0x26 (size before relaxing)
 *fill*         0x10007736        0x2 
 .rodata.__func__.0
                0x10007738       0x18 CMakeFiles/line_sensor.dir/Users/seankzw/Desktop/SIT/year_2/y2t1/inf2004-esp/pico/pico-sdk/src/common/pico_util/pheap.c.obj
 .rodata.__func__.1
                0x10007750       0x13 CMakeFiles/line_sensor.dir/Users/seankzw/Desktop/SIT/year_2/y2t1/inf2004-esp/pico/pico-sdk/src/common/pico_util/pheap.c.obj
 *fill*         0x10007763        0x1 
 .rodata.__func__.2
                0x10007764       0x12 CMakeFiles/line_sensor.dir/Users/seankzw/Desktop/SIT/year_2/y2t1/inf2004-esp/pico/pico-sdk/src/common/pico_util/pheap.c.obj
 *fill*         0x10007776        0x2 
 .rodata.__func__.3
                0x10007778        0xc CMakeFiles/line_sensor.dir/Users/seankzw/Desktop/SIT/year_2/y2t1/inf2004-esp/pico/pico-sdk/src/common/pico_util/pheap.c.obj
 .rodata.clock_configure.str1.4
                0x10007784       0x7d CMakeFiles/line_sensor.dir/Users/seankzw/Desktop/SIT/year_2/y2t1/inf2004-esp/pico/pico-sdk/src/rp2_common/hardware_clocks/clocks.c.obj
 *fill*         0x10007801        0x3 
 .rodata.__func__.1
                0x10007804       0x10 CMakeFiles/line_sensor.dir/Users/seankzw/Desktop/SIT/year_2/y2t1/inf2004-esp/pico/pico-sdk/src/rp2_common/hardware_clocks/clocks.c.obj
 .rodata.pll_init.str1.4
                0x10007814      0x148 CMakeFiles/line_sensor.dir/Users/seankzw/Desktop/SIT/year_2/y2t1/inf2004-esp/pico/pico-sdk/src/rp2_common/hardware_pll/pll.c.obj
 .rodata.__func__.0
                0x1000795c        0x9 CMakeFiles/line_sensor.dir/Users/seankzw/Desktop/SIT/year_2/y2t1/inf2004-esp/pico/pico-sdk/src/rp2_common/hardware_pll/pll.c.obj
 *fill*         0x10007965        0x3 
 .rodata.__assert_func.str1.4
                0x10007968       0x3f CMakeFiles/line_sensor.dir/Users/seankzw/Desktop/SIT/year_2/y2t1/inf2004-esp/pico/pico-sdk/src/rp2_common/pico_runtime/runtime.c.obj
                                 0x43 (size before relaxing)
 *fill*         0x100079a7        0x1 
 .rodata.runtime_init.str1.4
                0x100079a8       0x87 CMakeFiles/line_sensor.dir/Users/seankzw/Desktop/SIT/year_2/y2t1/inf2004-esp/pico/pico-sdk/src/rp2_common/pico_runtime/runtime.c.obj
 *fill*         0x10007a2f        0x1 
 .rodata.panic.str1.4
                0x10007a30       0x12 CMakeFiles/line_sensor.dir/Users/seankzw/Desktop/SIT/year_2/y2t1/inf2004-esp/pico/pico-sdk/src/rp2_common/pico_runtime/runtime.c.obj
 *fill*         0x10007a42        0x2 
 .rodata.__func__.2
                0x10007a44        0xd CMakeFiles/line_sensor.dir/Users/seankzw/Desktop/SIT/year_2/y2t1/inf2004-esp/pico/pico-sdk/src/rp2_common/pico_runtime/runtime.c.obj
 *fill*         0x10007a51        0x3 
 .rodata._ftoa.str1.4
                0x10007a54       0x15 CMakeFiles/line_sensor.dir/Users/seankzw/Desktop/SIT/year_2/y2t1/inf2004-esp/pico/pico-sdk/src/rp2_common/pico_printf/printf.c.obj
 *fill*         0x10007a69        0x3 
 .rodata._vsnprintf
                0x10007a6c      0x19c CMakeFiles/line_sensor.dir/Users/seankzw/Desktop/SIT/year_2/y2t1/inf2004-esp/pico/pico-sdk/src/rp2_common/pico_printf/printf.c.obj
 .rodata.pow10.0
                0x10007c08       0x50 CMakeFiles/line_sensor.dir/Users/seankzw/Desktop/SIT/year_2/y2t1/inf2004-esp/pico/pico-sdk/src/rp2_common/pico_printf/printf.c.obj
 .rodata.missing_double_func_shim.str1.4
                0x10007c58       0x18 CMakeFiles/line_sensor.dir/Users/seankzw/Desktop/SIT/year_2/y2t1/inf2004-esp/pico/pico-sdk/src/rp2_common/pico_double/double_init_rom.c.obj
 .rodata.__aeabi_double_init.str1.4
                0x10007c70       0xc2 CMakeFiles/line_sensor.dir/Users/seankzw/Desktop/SIT/year_2/y2t1/inf2004-esp/pico/pico-sdk/src/rp2_common/pico_double/double_init_rom.c.obj
 *fill*         0x10007d32        0x2 
 .rodata.__func__.0
                0x10007d34       0x14 CMakeFiles/line_sensor.dir/Users/seankzw/Desktop/SIT/year_2/y2t1/inf2004-esp/pico/pico-sdk/src/rp2_common/pico_double/double_init_rom.c.obj
 .rodata.missing_float_func_shim.str1.4
                0x10007d48        0x1 CMakeFiles/line_sensor.dir/Users/seankzw/Desktop/SIT/year_2/y2t1/inf2004-esp/pico/pico-sdk/src/rp2_common/pico_float/float_init_rom.c.obj
 .rodata.__aeabi_float_init.str1.4
                0x10007d48       0xa0 CMakeFiles/line_sensor.dir/Users/seankzw/Desktop/SIT/year_2/y2t1/inf2004-esp/pico/pico-sdk/src/rp2_common/pico_float/float_init_rom.c.obj
 .rodata.__func__.0
                0x10007de8       0x13 CMakeFiles/line_sensor.dir/Users/seankzw/Desktop/SIT/year_2/y2t1/inf2004-esp/pico/pico-sdk/src/rp2_common/pico_float/float_init_rom.c.obj
 *fill*         0x10007dfb        0x1 
 .rodata.str1.4
                0x10007dfc       0x84 CMakeFiles/line_sensor.dir/Users/seankzw/Desktop/SIT/year_2/y2t1/inf2004-esp/pico/pico-sdk/src/rp2_common/pico_standard_link/binary_info.c.obj
 .rodata.__bi_81
                0x10007e80        0xc CMakeFiles/line_sensor.dir/Users/seankzw/Desktop/SIT/year_2/y2t1/inf2004-esp/pico/pico-sdk/src/rp2_common/pico_standard_link/binary_info.c.obj
 .rodata.__bi_75
                0x10007e8c        0xc CMakeFiles/line_sensor.dir/Users/seankzw/Desktop/SIT/year_2/y2t1/inf2004-esp/pico/pico-sdk/src/rp2_common/pico_standard_link/binary_info.c.obj
 .rodata.__bi_69
                0x10007e98        0xc CMakeFiles/line_sensor.dir/Users/seankzw/Desktop/SIT/year_2/y2t1/inf2004-esp/pico/pico-sdk/src/rp2_common/pico_standard_link/binary_info.c.obj
 .rodata.__bi_44
                0x10007ea4        0xc CMakeFiles/line_sensor.dir/Users/seankzw/Desktop/SIT/year_2/y2t1/inf2004-esp/pico/pico-sdk/src/rp2_common/pico_standard_link/binary_info.c.obj
 .rodata.update_us_since_boot.str1.4
                0x10007eb0       0x87 CMakeFiles/line_sensor.dir/Users/seankzw/Desktop/SIT/year_2/y2t1/inf2004-esp/pico/pico-sdk/src/rp2_common/pico_stdio/stdio.c.obj
 .rodata.crlf_str.2
                0x10007eb0        0x2 CMakeFiles/line_sensor.dir/Users/seankzw/Desktop/SIT/year_2/y2t1/inf2004-esp/pico/pico-sdk/src/rp2_common/pico_stdio/stdio.c.obj
 *fill*         0x10007eb2        0x2 
 .rodata.__func__.3
                0x10007eb4       0x15 CMakeFiles/line_sensor.dir/Users/seankzw/Desktop/SIT/year_2/y2t1/inf2004-esp/pico/pico-sdk/src/rp2_common/pico_stdio/stdio.c.obj
 *fill*         0x10007ec9        0x3 
 .rodata.str1.4